Archive member included to satisfy reference by file (symbol)

/Users/baohan/ErBW_s/Code/Toolchains/xpack-riscv-none-embed-gcc-8.2.0/bin/../lib/gcc/riscv-none-embed/8.2.0/../../../../riscv-none-embed/lib/rv32imafc/ilp32f/libm.a(lib_a-s_cos.o)
                              ./zf_device/zf_device_gps_tau1201.o (cos)
/Users/baohan/ErBW_s/Code/Toolchains/xpack-riscv-none-embed-gcc-8.2.0/bin/../lib/gcc/riscv-none-embed/8.2.0/../../../../riscv-none-embed/lib/rv32imafc/ilp32f/libm.a(lib_a-s_sin.o)
                              ./zf_device/zf_device_gps_tau1201.o (sin)
/Users/baohan/ErBW_s/Code/Toolchains/xpack-riscv-none-embed-gcc-8.2.0/bin/../lib/gcc/riscv-none-embed/8.2.0/../../../../riscv-none-embed/lib/rv32imafc/ilp32f/libm.a(lib_a-sf_atan.o)
                              ./user_c/isr.o (atanf)
/Users/baohan/ErBW_s/Code/Toolchains/xpack-riscv-none-embed-gcc-8.2.0/bin/../lib/gcc/riscv-none-embed/8.2.0/../../../../riscv-none-embed/lib/rv32imafc/ilp32f/libm.a(lib_a-sf_fabs.o)
                              /Users/baohan/ErBW_s/Code/Toolchains/xpack-riscv-none-embed-gcc-8.2.0/bin/../lib/gcc/riscv-none-embed/8.2.0/../../../../riscv-none-embed/lib/rv32imafc/ilp32f/libm.a(lib_a-sf_atan.o) (fabsf)
/Users/baohan/ErBW_s/Code/Toolchains/xpack-riscv-none-embed-gcc-8.2.0/bin/../lib/gcc/riscv-none-embed/8.2.0/../../../../riscv-none-embed/lib/rv32imafc/ilp32f/libm.a(lib_a-sf_round.o)
                              ./code/ctrl.o (roundf)
/Users/baohan/ErBW_s/Code/Toolchains/xpack-riscv-none-embed-gcc-8.2.0/bin/../lib/gcc/riscv-none-embed/8.2.0/../../../../riscv-none-embed/lib/rv32imafc/ilp32f/libm.a(lib_a-sf_sin.o)
                              ./code/easing_function.o (sinf)
/Users/baohan/ErBW_s/Code/Toolchains/xpack-riscv-none-embed-gcc-8.2.0/bin/../lib/gcc/riscv-none-embed/8.2.0/../../../../riscv-none-embed/lib/rv32imafc/ilp32f/libm.a(lib_a-w_asin.o)
                              ./zf_device/zf_device_gps_tau1201.o (asin)
/Users/baohan/ErBW_s/Code/Toolchains/xpack-riscv-none-embed-gcc-8.2.0/bin/../lib/gcc/riscv-none-embed/8.2.0/../../../../riscv-none-embed/lib/rv32imafc/ilp32f/libm.a(lib_a-w_atan2.o)
                              ./zf_device/zf_device_gps_tau1201.o (atan2)
/Users/baohan/ErBW_s/Code/Toolchains/xpack-riscv-none-embed-gcc-8.2.0/bin/../lib/gcc/riscv-none-embed/8.2.0/../../../../riscv-none-embed/lib/rv32imafc/ilp32f/libm.a(lib_a-w_pow.o)
                              ./zf_device/zf_device_gps_tau1201.o (pow)
/Users/baohan/ErBW_s/Code/Toolchains/xpack-riscv-none-embed-gcc-8.2.0/bin/../lib/gcc/riscv-none-embed/8.2.0/../../../../riscv-none-embed/lib/rv32imafc/ilp32f/libm.a(lib_a-w_sqrt.o)
                              ./zf_device/zf_device_gps_tau1201.o (sqrt)
/Users/baohan/ErBW_s/Code/Toolchains/xpack-riscv-none-embed-gcc-8.2.0/bin/../lib/gcc/riscv-none-embed/8.2.0/../../../../riscv-none-embed/lib/rv32imafc/ilp32f/libm.a(lib_a-wf_asin.o)
                              ./code/easing_function.o (asinf)
/Users/baohan/ErBW_s/Code/Toolchains/xpack-riscv-none-embed-gcc-8.2.0/bin/../lib/gcc/riscv-none-embed/8.2.0/../../../../riscv-none-embed/lib/rv32imafc/ilp32f/libm.a(lib_a-wf_sqrt.o)
                              ./code/easing_function.o (sqrtf)
/Users/baohan/ErBW_s/Code/Toolchains/xpack-riscv-none-embed-gcc-8.2.0/bin/../lib/gcc/riscv-none-embed/8.2.0/../../../../riscv-none-embed/lib/rv32imafc/ilp32f/libm.a(lib_a-e_asin.o)
                              /Users/baohan/ErBW_s/Code/Toolchains/xpack-riscv-none-embed-gcc-8.2.0/bin/../lib/gcc/riscv-none-embed/8.2.0/../../../../riscv-none-embed/lib/rv32imafc/ilp32f/libm.a(lib_a-w_asin.o) (__ieee754_asin)
/Users/baohan/ErBW_s/Code/Toolchains/xpack-riscv-none-embed-gcc-8.2.0/bin/../lib/gcc/riscv-none-embed/8.2.0/../../../../riscv-none-embed/lib/rv32imafc/ilp32f/libm.a(lib_a-e_atan2.o)
                              /Users/baohan/ErBW_s/Code/Toolchains/xpack-riscv-none-embed-gcc-8.2.0/bin/../lib/gcc/riscv-none-embed/8.2.0/../../../../riscv-none-embed/lib/rv32imafc/ilp32f/libm.a(lib_a-w_atan2.o) (__ieee754_atan2)
/Users/baohan/ErBW_s/Code/Toolchains/xpack-riscv-none-embed-gcc-8.2.0/bin/../lib/gcc/riscv-none-embed/8.2.0/../../../../riscv-none-embed/lib/rv32imafc/ilp32f/libm.a(lib_a-e_pow.o)
                              /Users/baohan/ErBW_s/Code/Toolchains/xpack-riscv-none-embed-gcc-8.2.0/bin/../lib/gcc/riscv-none-embed/8.2.0/../../../../riscv-none-embed/lib/rv32imafc/ilp32f/libm.a(lib_a-w_pow.o) (__ieee754_pow)
/Users/baohan/ErBW_s/Code/Toolchains/xpack-riscv-none-embed-gcc-8.2.0/bin/../lib/gcc/riscv-none-embed/8.2.0/../../../../riscv-none-embed/lib/rv32imafc/ilp32f/libm.a(lib_a-e_rem_pio2.o)
                              /Users/baohan/ErBW_s/Code/Toolchains/xpack-riscv-none-embed-gcc-8.2.0/bin/../lib/gcc/riscv-none-embed/8.2.0/../../../../riscv-none-embed/lib/rv32imafc/ilp32f/libm.a(lib_a-s_cos.o) (__ieee754_rem_pio2)
[...]
Memory Configuration

Name             Origin             Length             Attributes
RAM              0x0000000020000000 0x0000000000018000 xrw
FLASH            0x0000000000000000 0x0000000000038000 xr
*default*        0x0000000000000000 0xffffffffffffffff

Linker script and memory map

LOAD ./zf_driver/zf_driver_adc.o
LOAD ./zf_driver/zf_driver_delay.o
LOAD ./zf_driver/zf_driver_dvp.o
LOAD ./zf_driver/zf_driver_encoder.o
LOAD ./zf_driver/zf_driver_exti.o
LOAD ./zf_driver/zf_driver_flash.o
LOAD ./zf_driver/zf_driver_gpio.o
LOAD ./zf_driver/zf_driver_iic.o
LOAD ./zf_driver/zf_driver_pit.o
LOAD ./zf_driver/zf_driver_pwm.o
LOAD ./zf_driver/zf_driver_soft_iic.o
LOAD ./zf_driver/zf_driver_soft_spi.o
LOAD ./zf_driver/zf_driver_spi.o
LOAD ./zf_driver/zf_driver_timer.o
LOAD ./zf_driver/zf_driver_uart.o
LOAD ./zf_driver/zf_driver_usb_cdc.o
LOAD ./zf_device/zf_device_absolute_encoder.o
LOAD ./zf_device/zf_device_aht20.o
LOAD ./zf_device/zf_device_bluetooth_ch9141.o
LOAD ./zf_device/zf_device_camera.o
LOAD ./zf_device/zf_device_dl1a.o
LOAD ./zf_device/zf_device_dm1xa.o
LOAD ./zf_device/zf_device_gps_tau1201.o
LOAD ./zf_device/zf_device_icm20602.o
LOAD ./zf_device/zf_device_imu660ra.o
LOAD ./zf_device/zf_device_imu963ra.o
LOAD ./zf_device/zf_device_ips114.o
LOAD ./zf_device/zf_device_ips200.o
LOAD ./zf_device/zf_device_k24c02.o
LOAD ./zf_device/zf_device_key.o
LOAD ./zf_device/zf_device_mpu6050.o
LOAD ./zf_device/zf_device_mt9v03x_dvp.o
LOAD ./zf_device/zf_device_oled.o
LOAD ./zf_device/zf_device_scc8660_dvp.o
LOAD ./zf_device/zf_device_tft180.o
LOAD ./zf_device/zf_device_type.o
LOAD ./zf_device/zf_device_virtual_oscilloscope.o
LOAD ./zf_device/zf_device_w25q32.o
LOAD ./zf_device/zf_device_wifi_uart.o
LOAD ./zf_device/zf_device_wireless_ch573.o
LOAD ./zf_device/zf_device_wireless_uart.o
LOAD ./zf_common/zf_common_clock.o
LOAD ./zf_common/zf_common_debug.o
LOAD ./zf_common/zf_common_fifo.o
LOAD ./zf_common/zf_common_font.o
LOAD ./zf_common/zf_common_function.o
LOAD ./zf_common/zf_common_interrupt.o
LOAD ./user_c/isr.o
LOAD ./user_c/main.o
LOAD ./sdk/Startup/startup_ch32v30x_D8C.o
LOAD ./sdk/Peripheral/ch32v30x_adc.o
LOAD ./sdk/Peripheral/ch32v30x_bkp.o
LOAD ./sdk/Peripheral/ch32v30x_can.o
LOAD ./sdk/Peripheral/ch32v30x_crc.o
LOAD ./sdk/Peripheral/ch32v30x_dac.o
LOAD ./sdk/Peripheral/ch32v30x_dbgmcu.o
LOAD ./sdk/Peripheral/ch32v30x_dma.o
LOAD ./sdk/Peripheral/ch32v30x_dvp.o
LOAD ./sdk/Peripheral/ch32v30x_eth.o
LOAD ./sdk/Peripheral/ch32v30x_exti.o
LOAD ./sdk/Peripheral/ch32v30x_flash.o
LOAD ./sdk/Peripheral/ch32v30x_fsmc.o
LOAD ./sdk/Peripheral/ch32v30x_gpio.o
LOAD ./sdk/Peripheral/ch32v30x_i2c.o
LOAD ./sdk/Peripheral/ch32v30x_iwdg.o
LOAD ./sdk/Peripheral/ch32v30x_opa.o
LOAD ./sdk/Peripheral/ch32v30x_pwr.o
LOAD ./sdk/Peripheral/ch32v30x_rcc.o
LOAD ./sdk/Peripheral/ch32v30x_rng.o
LOAD ./sdk/Peripheral/ch32v30x_rtc.o
LOAD ./sdk/Peripheral/ch32v30x_sdio.o
LOAD ./sdk/Peripheral/ch32v30x_spi.o
LOAD ./sdk/Peripheral/ch32v30x_tim.o
LOAD ./sdk/Peripheral/ch32v30x_usart.o
LOAD ./sdk/Peripheral/ch32v30x_usbotg_device.o
LOAD ./sdk/Peripheral/ch32v30x_wwdg.o
LOAD ./sdk/Core/core_riscv.o
LOAD ./code/easy_key.o
LOAD ./code/ips096.o
LOAD ./code/ips096_dma.o
LOAD ./code/user_flash.o
LOAD ./code/user_spi.o
LOAD ./code/vofa.o
LOAD ./code/easing_function.o
LOAD ./code/easy_ui.o
LOAD ./code/easy_ui_user_app.o
LOAD ./code/profile_photo_erbws.o
LOAD ./code/nmea0183.o
LOAD ./code/buzzer.o
LOAD ./code/ctrl.o
LOAD ./code/pid.o
LOAD ./code/upacker.o
LOAD /Users/baohan/ErBW_s/Code/Toolchains/xpack-riscv-none-embed-gcc-8.2.0/bin/../lib/gcc/riscv-none-embed/8.2.0/../../../../riscv-none-embed/lib/rv32imafc/ilp32f/libm.a
LOAD /Users/baohan/ErBW_s/Projects/2023NUEDC/Ccode/red_firm/libraries/zf_device/libzf_device_config.a
LOAD /Users/baohan/ErBW_s/Code/Toolchains/xpack-riscv-none-embed-gcc-8.2.0/bin/../lib/gcc/riscv-none-embed/8.2.0/rv32imafc/ilp32f/libgcc.a
LOAD /Users/baohan/ErBW_s/Code/Toolchains/xpack-riscv-none-embed-gcc-8.2.0/bin/../lib/gcc/riscv-none-embed/8.2.0/../../../../riscv-none-embed/lib/rv32imafc/ilp32f/libg_nano.a
LOAD /Users/baohan/ErBW_s/Code/Toolchains/xpack-riscv-none-embed-gcc-8.2.0/bin/../lib/gcc/riscv-none-embed/8.2.0/../../../../riscv-none-embed/lib/rv32imafc/ilp32f/libc_nano.a
LOAD /Users/baohan/ErBW_s/Code/Toolchains/xpack-riscv-none-embed-gcc-8.2.0/bin/../lib/gcc/riscv-none-embed/8.2.0/rv32imafc/ilp32f/libgcc.a
START GROUP
LOAD /Users/baohan/ErBW_s/Code/Toolchains/xpack-riscv-none-embed-gcc-8.2.0/bin/../lib/gcc/riscv-none-embed/8.2.0/rv32imafc/ilp32f/libgcc.a
LOAD /Users/baohan/ErBW_s/Code/Toolchains/xpack-riscv-none-embed-gcc-8.2.0/bin/../lib/gcc/riscv-none-embed/8.2.0/../../../../riscv-none-embed/lib/rv32imafc/ilp32f/libc_nano.a
LOAD /Users/baohan/ErBW_s/Code/Toolchains/xpack-riscv-none-embed-gcc-8.2.0/bin/../lib/gcc/riscv-none-embed/8.2.0/../../../../riscv-none-embed/lib/rv32imafc/ilp32f/libnosys.a
END GROUP
START GROUP
LOAD /Users/baohan/ErBW_s/Code/Toolchains/xpack-riscv-none-embed-gcc-8.2.0/bin/../lib/gcc/riscv-none-embed/8.2.0/rv32imafc/ilp32f/libgcc.a
LOAD /Users/baohan/ErBW_s/Code/Toolchains/xpack-riscv-none-embed-gcc-8.2.0/bin/../lib/gcc/riscv-none-embed/8.2.0/../../../../riscv-none-embed/lib/rv32imafc/ilp32f/libc_nano.a
LOAD /Users/baohan/ErBW_s/Code/Toolchains/xpack-riscv-none-embed-gcc-8.2.0/bin/../lib/gcc/riscv-none-embed/8.2.0/../../../../riscv-none-embed/lib/rv32imafc/ilp32f/libnosys.a
END GROUP
                0x0000000000000800                __stack_size = 0x800
                [!provide]                        PROVIDE (_stack_size = __stack_size)

.init           0x0000000000000000       0x38
                0x0000000000000000                _sinit = .
                0x0000000000000000                . = ALIGN (0x4)
 *(SORT_NONE(.init))
 .init          0x0000000000000000       0x38 ./sdk/Startup/startup_ch32v30x_D8C.o
                0x0000000000000000                _start
                0x0000000000000038                . = ALIGN (0x4)
                0x0000000000000038                _einit = .

.vector         0x0000000000000038      0x1c8
 *(.vector)
 .vector        0x0000000000000038      0x1a0 ./sdk/Startup/startup_ch32v30x_D8C.o
                0x0000000000000200                . = ALIGN (0x40)
 *fill*         0x00000000000001d8       0x28 

.text           0x0000000000000200    0x194fc
                0x0000000000000200                . = ALIGN (0x4)
 *(.text)
 .text          0x0000000000000200       0xa8 /Users/baohan/ErBW_s/Code/Toolchains/xpack-riscv-none-embed-gcc-8.2.0/bin/../lib/gcc/riscv-none-embed/8.2.0/../../../../riscv-none-embed/lib/rv32imafc/ilp32f/libg_nano.a(lib_a-memset.o)
                0x0000000000000200                memset
 *(.text.*)
 .text.system_delay
                0x00000000000002a8       0x9a ./zf_driver/zf_driver_delay.o
                0x00000000000002a8                system_delay
 .text.flash_check
                0x0000000000000342       0xb2 ./zf_driver/zf_driver_flash.o
                0x0000000000000342                flash_check
 .text.flash_erase_sector
                0x00000000000003f4       0xb4 ./zf_driver/zf_driver_flash.o
                0x00000000000003f4                flash_erase_sector
 .text.flash_read_page_to_buffer
                0x00000000000004a8       0xac ./zf_driver/zf_driver_flash.o
                0x00000000000004a8                flash_read_page_to_buffer
 .text.flash_write_page_from_buffer
                0x0000000000000554       0xfc ./zf_driver/zf_driver_flash.o
                0x0000000000000554                flash_write_page_from_buffer
 .text.flash_buffer_clear
                0x0000000000000650       0x24 ./zf_driver/zf_driver_flash.o
                0x0000000000000650                flash_buffer_clear
 .text.gpio_get_level
                0x0000000000000674       0x42 ./zf_driver/zf_driver_gpio.o
                0x0000000000000674                gpio_get_level
 .text.gpio_init
                0x00000000000006b6      0x15c ./zf_driver/zf_driver_gpio.o
                0x00000000000006b6                gpio_init
 .text.pit_enable
                0x0000000000000812       0x96 ./zf_driver/zf_driver_pit.o
                0x0000000000000812                pit_enable
 .text.pit_disable
                0x00000000000008a8       0x96 ./zf_driver/zf_driver_pit.o
                0x00000000000008a8                pit_disable
 .text.pit_init
                0x000000000000093e      0x218 ./zf_driver/zf_driver_pit.o
                0x000000000000093e                pit_init
 .text.pwm_set_duty
                0x0000000000000b56      0x166 ./zf_driver/zf_driver_pwm.o
                0x0000000000000b56                pwm_set_duty
 .text.pwm_init
                0x0000000000000cbc      0x416 ./zf_driver/zf_driver_pwm.o
                0x0000000000000cbc                pwm_init
 .text.spi_write_8bit
                0x00000000000010d2       0x6a ./zf_driver/zf_driver_spi.o
                0x00000000000010d2                spi_write_8bit
 .text.spi_write_16bit
                0x000000000000113c       0xa6 ./zf_driver/zf_driver_spi.o
                0x000000000000113c                spi_write_16bit
 .text.spi_init
                0x00000000000011e2      0x2f0 ./zf_driver/zf_driver_spi.o
                0x00000000000011e2                spi_init
 .text.timer_funciton_check
                0x00000000000014d2       0x66 ./zf_driver/zf_driver_timer.o
                0x00000000000014d2                timer_funciton_check
 .text.timer_clock_enable
                0x0000000000001538       0xe2 ./zf_driver/zf_driver_timer.o
                0x0000000000001538                timer_clock_enable
 .text.timer_get
                0x000000000000161a       0xfe ./zf_driver/zf_driver_timer.o
                0x000000000000161a                timer_get
 .text.timer_clear
                0x0000000000001718       0xc4 ./zf_driver/zf_driver_timer.o
                0x0000000000001718                timer_clear
 .text.uart_write_byte
                0x00000000000017dc       0x56 ./zf_driver/zf_driver_uart.o
                0x00000000000017dc                uart_write_byte
 .text.uart_write_buffer
                0x0000000000001832       0x64 ./zf_driver/zf_driver_uart.o
                0x0000000000001832                uart_write_buffer
 .text.uart_write_string
                0x0000000000001896       0x60 ./zf_driver/zf_driver_uart.o
                0x0000000000001896                uart_write_string
 .text.uart_rx_interrupt
                0x00000000000018f6       0x84 ./zf_driver/zf_driver_uart.o
                0x00000000000018f6                uart_rx_interrupt
 .text.uart_query_byte
                0x000000000000197a       0x5e ./zf_driver/zf_driver_uart.o
                0x000000000000197a                uart_query_byte
 .text.uart_init
                0x00000000000019d8      0x5a6 ./zf_driver/zf_driver_uart.o
                0x00000000000019d8                uart_init
 .text.dm1xa_sound_callback
                0x0000000000001f7e       0xf6 ./zf_device/zf_device_dm1xa.o
                0x0000000000001f7e                dm1xa_sound_callback
 .text.dm1xa_light_callback
                0x0000000000002074       0x32 ./zf_device/zf_device_dm1xa.o
                0x0000000000002074                dm1xa_light_callback
 .text.gps_uart_callback
                0x00000000000020a6      0x10a ./zf_device/zf_device_gps_tau1201.o
                0x00000000000020a6                gps_uart_callback
 .text.type_default_callback
                0x00000000000021b0        0xe ./zf_device/zf_device_type.o
 .text.clock_reset
                0x00000000000021be       0x76 ./zf_common/zf_common_clock.o
 .text.clock_set_freq
                0x0000000000002234      0x1d8 ./zf_common/zf_common_clock.o
 .text.clock_init
                0x000000000000240c       0x2a ./zf_common/zf_common_clock.o
                0x000000000000240c                clock_init
 .text.__NOP    0x0000000000002436       0x10 ./zf_common/zf_common_debug.o
 .text.debug_delay
                0x0000000000002446       0x52 ./zf_common/zf_common_debug.o
 .text.debug_protective_handler
                0x0000000000002498        0xe ./zf_common/zf_common_debug.o
 .text.debug_uart_str_output
                0x00000000000024a6       0x20 ./zf_common/zf_common_debug.o
 .text.debug_output
                0x00000000000024c6      0x52c ./zf_common/zf_common_debug.o
 .text._write   0x00000000000029f2       0x7c ./zf_common/zf_common_debug.o
                0x00000000000029f2                _write
 .text.debug_assert_handler
                0x0000000000002a6e       0x68 ./zf_common/zf_common_debug.o
                0x0000000000002a6e                debug_assert_handler
 .text.debug_output_struct_init
                0x0000000000002ad6       0x5a ./zf_common/zf_common_debug.o
                0x0000000000002ad6                debug_output_struct_init
 .text.debug_output_init
                0x0000000000002b30       0x88 ./zf_common/zf_common_debug.o
                0x0000000000002b30                debug_output_init
 .text.debug_init
                0x0000000000002bb8       0x46 ./zf_common/zf_common_debug.o
                0x0000000000002bb8                debug_init
 .text.fifo_head_offset
                0x0000000000002bfe       0x4e ./zf_common/zf_common_fifo.o
 .text.fifo_end_offset
                0x0000000000002c4c       0x4e ./zf_common/zf_common_fifo.o
 .text.fifo_clear
                0x0000000000002c9a       0xfe ./zf_common/zf_common_fifo.o
                0x0000000000002c9a                fifo_clear
 .text.fifo_used
                0x0000000000002d98       0x42 ./zf_common/zf_common_fifo.o
                0x0000000000002d98                fifo_used
 .text.fifo_write_buffer
                0x0000000000002dda      0x2f8 ./zf_common/zf_common_fifo.o
                0x0000000000002dda                fifo_write_buffer
 .text.fifo_read_buffer
                0x00000000000030d2      0x2e0 ./zf_common/zf_common_fifo.o
                0x00000000000030d2                fifo_read_buffer
 .text.func_float_to_str
                0x00000000000033b2      0x260 ./zf_common/zf_common_function.o
                0x00000000000033b2                func_float_to_str
 .text.__enable_irq
                0x0000000000003612       0x18 ./zf_common/zf_common_interrupt.o
 .text.__disable_irq
                0x000000000000362a       0x14 ./zf_common/zf_common_interrupt.o
 .text.NVIC_EnableIRQ
                0x000000000000363e       0x32 ./zf_common/zf_common_interrupt.o
 .text.NVIC_DisableIRQ
                0x0000000000003670       0x32 ./zf_common/zf_common_interrupt.o
 .text.NVIC_SetPriority
                0x00000000000036a2       0x2a ./zf_common/zf_common_interrupt.o
 .text.interrupt_enable
                0x00000000000036cc       0x1c ./zf_common/zf_common_interrupt.o
                0x00000000000036cc                interrupt_enable
 .text.interrupt_disable
                0x00000000000036e8       0x1c ./zf_common/zf_common_interrupt.o
                0x00000000000036e8                interrupt_disable
 .text.interrupt_set_priority
                0x0000000000003704       0x28 ./zf_common/zf_common_interrupt.o
                0x0000000000003704                interrupt_set_priority
 .text.interrupt_global_enable
                0x000000000000372c       0x30 ./zf_common/zf_common_interrupt.o
                0x000000000000372c                interrupt_global_enable
 .text.interrupt_global_disable
                0x000000000000375c       0x2a ./zf_common/zf_common_interrupt.o
                0x000000000000375c                interrupt_global_disable
 .text.interrupt_init
                0x0000000000003786       0x16 ./zf_common/zf_common_interrupt.o
                0x0000000000003786                interrupt_init
 .text.USART1_IRQHandler
                0x000000000000379c       0x84 ./user_c/isr.o
                0x000000000000379c                USART1_IRQHandler
 .text.USART2_IRQHandler
                0x0000000000003820       0x84 ./user_c/isr.o
                0x0000000000003820                USART2_IRQHandler
 .text.USART3_IRQHandler
                0x00000000000038a4       0x84 ./user_c/isr.o
                0x00000000000038a4                USART3_IRQHandler
 .text.UART4_IRQHandler
                0x0000000000003928       0x84 ./user_c/isr.o
                0x0000000000003928                UART4_IRQHandler
 .text.UART5_IRQHandler
                0x00000000000039ac       0x82 ./user_c/isr.o
                0x00000000000039ac                UART5_IRQHandler
 .text.UART6_IRQHandler
                0x0000000000003a2e       0x84 ./user_c/isr.o
                0x0000000000003a2e                UART6_IRQHandler
 .text.UART7_IRQHandler
                0x0000000000003ab2      0x184 ./user_c/isr.o
                0x0000000000003ab2                UART7_IRQHandler
 .text.UART8_IRQHandler
                0x0000000000003c36       0x80 ./user_c/isr.o
                0x0000000000003c36                UART8_IRQHandler
 .text.DVP_IRQHandler
                0x0000000000003cb6       0x90 ./user_c/isr.o
                0x0000000000003cb6                DVP_IRQHandler
 .text.EXTI0_IRQHandler
                0x0000000000003d46       0x74 ./user_c/isr.o
                0x0000000000003d46                EXTI0_IRQHandler
 .text.EXTI1_IRQHandler
                0x0000000000003dba       0x74 ./user_c/isr.o
                0x0000000000003dba                EXTI1_IRQHandler
 .text.EXTI2_IRQHandler
                0x0000000000003e2e       0x74 ./user_c/isr.o
                0x0000000000003e2e                EXTI2_IRQHandler
 .text.EXTI3_IRQHandler
                0x0000000000003ea2       0x74 ./user_c/isr.o
                0x0000000000003ea2                EXTI3_IRQHandler
 .text.EXTI4_IRQHandler
                0x0000000000003f16       0x74 ./user_c/isr.o
                0x0000000000003f16                EXTI4_IRQHandler
 .text.EXTI9_5_IRQHandler
                0x0000000000003f8a       0xd8 ./user_c/isr.o
                0x0000000000003f8a                EXTI9_5_IRQHandler
 .text.EXTI15_10_IRQHandler
                0x0000000000004062       0xec ./user_c/isr.o
                0x0000000000004062                EXTI15_10_IRQHandler
 .text.TIM1_UP_IRQHandler
                0x000000000000414e       0x90 ./user_c/isr.o
                0x000000000000414e                TIM1_UP_IRQHandler
 .text.TIM2_IRQHandler
                0x00000000000041de      0x356 ./user_c/isr.o
                0x00000000000041de                TIM2_IRQHandler
 .text.TIM3_IRQHandler
                0x0000000000004534       0x80 ./user_c/isr.o
                0x0000000000004534                TIM3_IRQHandler
 .text.TIM4_IRQHandler
                0x00000000000045b4       0x80 ./user_c/isr.o
                0x00000000000045b4                TIM4_IRQHandler
 .text.TIM5_IRQHandler
                0x0000000000004634       0x80 ./user_c/isr.o
                0x0000000000004634                TIM5_IRQHandler
 .text.TIM6_IRQHandler
                0x00000000000046b4       0x78 ./user_c/isr.o
                0x00000000000046b4                TIM6_IRQHandler
 .text.TIM7_IRQHandler
                0x000000000000472c       0x80 ./user_c/isr.o
                0x000000000000472c                TIM7_IRQHandler
 .text.TIM8_UP_IRQHandler
                0x00000000000047ac       0x80 ./user_c/isr.o
                0x00000000000047ac                TIM8_UP_IRQHandler
 .text.TIM9_UP_IRQHandler
                0x000000000000482c       0x80 ./user_c/isr.o
                0x000000000000482c                TIM9_UP_IRQHandler
 .text.TIM10_UP_IRQHandler
                0x00000000000048ac       0x78 ./user_c/isr.o
                0x00000000000048ac                TIM10_UP_IRQHandler
 .text.NMI_Handler
                0x0000000000004924       0x10 ./user_c/isr.o
                0x0000000000004924                NMI_Handler
 .text.HardFault_Handler
                0x0000000000004934        0x8 ./user_c/isr.o
                0x0000000000004934                HardFault_Handler
 .text.packReceiveHandle
                0x000000000000493c      0x38c ./user_c/main.o
                0x000000000000493c                packReceiveHandle
 .text.packSendHandle
                0x0000000000004cc8       0x2c ./user_c/main.o
                0x0000000000004cc8                packSendHandle
 .text.PWM_CalServoDuty
                0x0000000000004cf4       0x86 ./user_c/main.o
                0x0000000000004cf4                PWM_CalServoDuty
 .text.main     0x0000000000004d7a      0x16a ./user_c/main.o
                0x0000000000004d7a                main
 .text.vector_handler
                0x0000000000004ee4       0xbe ./sdk/Startup/startup_ch32v30x_D8C.o
                0x0000000000004ee8                Ecall_M_Mode_Handler
                0x0000000000004eea                Ecall_U_Mode_Handler
                0x0000000000004eec                Break_Point_Handler
                0x0000000000004eee                SysTick_Handler
                0x0000000000004ef0                SW_Handler
                0x0000000000004ef2                WWDG_IRQHandler
                0x0000000000004ef4                PVD_IRQHandler
                0x0000000000004ef6                TAMPER_IRQHandler
                0x0000000000004ef8                RTC_IRQHandler
                0x0000000000004efa                FLASH_IRQHandler
                0x0000000000004efc                RCC_IRQHandler
                0x0000000000004f08                DMA1_Channel1_IRQHandler
                0x0000000000004f0a                DMA1_Channel2_IRQHandler
                0x0000000000004f0c                DMA1_Channel3_IRQHandler
                0x0000000000004f0e                DMA1_Channel4_IRQHandler
                0x0000000000004f10                DMA1_Channel5_IRQHandler
                0x0000000000004f12                DMA1_Channel6_IRQHandler
                0x0000000000004f14                DMA1_Channel7_IRQHandler
                0x0000000000004f16                ADC1_2_IRQHandler
                0x0000000000004f18                USB_HP_CAN1_TX_IRQHandler
                0x0000000000004f1a                USB_LP_CAN1_RX0_IRQHandler
                0x0000000000004f1c                CAN1_RX1_IRQHandler
                0x0000000000004f1e                CAN1_SCE_IRQHandler
                0x0000000000004f22                TIM1_BRK_IRQHandler
                0x0000000000004f26                TIM1_TRG_COM_IRQHandler
                0x0000000000004f28                TIM1_CC_IRQHandler
                0x0000000000004f30                I2C1_EV_IRQHandler
                0x0000000000004f32                I2C1_ER_IRQHandler
                0x0000000000004f34                I2C2_EV_IRQHandler
                0x0000000000004f36                I2C2_ER_IRQHandler
                0x0000000000004f38                SPI1_IRQHandler
                0x0000000000004f3a                SPI2_IRQHandler
                0x0000000000004f44                RTCAlarm_IRQHandler
                0x0000000000004f46                USBWakeUp_IRQHandler
                0x0000000000004f48                TIM8_BRK_IRQHandler
                0x0000000000004f4c                TIM8_TRG_COM_IRQHandler
                0x0000000000004f4e                TIM8_CC_IRQHandler
                0x0000000000004f50                RNG_IRQHandler
                0x0000000000004f52                FSMC_IRQHandler
                0x0000000000004f54                SDIO_IRQHandler
                0x0000000000004f58                SPI3_IRQHandler
                0x0000000000004f62                DMA2_Channel1_IRQHandler
                0x0000000000004f64                DMA2_Channel2_IRQHandler
                0x0000000000004f66                DMA2_Channel3_IRQHandler
                0x0000000000004f68                DMA2_Channel4_IRQHandler
                0x0000000000004f6a                DMA2_Channel5_IRQHandler
                0x0000000000004f6c                ETH_IRQHandler
                0x0000000000004f6e                ETH_WKUP_IRQHandler
                0x0000000000004f70                CAN2_TX_IRQHandler
                0x0000000000004f72                CAN2_RX0_IRQHandler
                0x0000000000004f74                CAN2_RX1_IRQHandler
                0x0000000000004f76                CAN2_SCE_IRQHandler
                0x0000000000004f7a                USBHSWakeup_IRQHandler
                0x0000000000004f7c                USBHS_IRQHandler
                0x0000000000004f86                TIM9_BRK_IRQHandler
                0x0000000000004f8a                TIM9_TRG_COM_IRQHandler
                0x0000000000004f8c                TIM9_CC_IRQHandler
                0x0000000000004f8e                TIM10_BRK_IRQHandler
                0x0000000000004f92                TIM10_TRG_COM_IRQHandler
                0x0000000000004f94                TIM10_CC_IRQHandler
                0x0000000000004f96                DMA2_Channel6_IRQHandler
                0x0000000000004f98                DMA2_Channel7_IRQHandler
                0x0000000000004f9a                DMA2_Channel8_IRQHandler
                0x0000000000004f9c                DMA2_Channel9_IRQHandler
                0x0000000000004f9e                DMA2_Channel10_IRQHandler
                0x0000000000004fa0                DMA2_Channel11_IRQHandler
 .text.handle_reset
                0x0000000000004fa2       0x8a ./sdk/Startup/startup_ch32v30x_D8C.o
                0x0000000000004fa2                handle_reset
 .text.EXTI_GetITStatus
                0x000000000000502c       0x56 ./sdk/Peripheral/ch32v30x_exti.o
                0x000000000000502c                EXTI_GetITStatus
 .text.EXTI_ClearITPendingBit
                0x0000000000005082       0x20 ./sdk/Peripheral/ch32v30x_exti.o
                0x0000000000005082                EXTI_ClearITPendingBit
 .text.FLASH_Unlock
                0x00000000000050a2       0x2a ./sdk/Peripheral/ch32v30x_flash.o
                0x00000000000050a2                FLASH_Unlock
 .text.FLASH_Lock
                0x00000000000050cc       0x1e ./sdk/Peripheral/ch32v30x_flash.o
                0x00000000000050cc                FLASH_Lock
 .text.FLASH_ErasePage
                0x00000000000050ea       0x76 ./sdk/Peripheral/ch32v30x_flash.o
                0x00000000000050ea                FLASH_ErasePage
 .text.FLASH_ProgramWord
                0x0000000000005160       0xae ./sdk/Peripheral/ch32v30x_flash.o
                0x0000000000005160                FLASH_ProgramWord
 .text.FLASH_ClearFlag
                0x000000000000520e       0x1c ./sdk/Peripheral/ch32v30x_flash.o
                0x000000000000520e                FLASH_ClearFlag
 .text.FLASH_GetBank1Status
                0x000000000000522a       0x5a ./sdk/Peripheral/ch32v30x_flash.o
                0x000000000000522a                FLASH_GetBank1Status
 .text.FLASH_WaitForLastOperation
                0x0000000000005284       0x58 ./sdk/Peripheral/ch32v30x_flash.o
                0x0000000000005284                FLASH_WaitForLastOperation
 .text.GPIO_Init
                0x00000000000052dc      0x22a ./sdk/Peripheral/ch32v30x_gpio.o
                0x00000000000052dc                GPIO_Init
 .text.GPIO_WriteBit
                0x0000000000005506       0x38 ./sdk/Peripheral/ch32v30x_gpio.o
                0x0000000000005506                GPIO_WriteBit
 .text.GPIO_PinRemapConfig
                0x000000000000553e      0x1c8 ./sdk/Peripheral/ch32v30x_gpio.o
                0x000000000000553e                GPIO_PinRemapConfig
 .text.RCC_GetClocksFreq
                0x0000000000005706      0x2c6 ./sdk/Peripheral/ch32v30x_rcc.o
                0x0000000000005706                RCC_GetClocksFreq
 .text.RCC_APB2PeriphClockCmd
                0x00000000000059cc       0x46 ./sdk/Peripheral/ch32v30x_rcc.o
                0x00000000000059cc                RCC_APB2PeriphClockCmd
 .text.RCC_APB1PeriphClockCmd
                0x0000000000005a12       0x46 ./sdk/Peripheral/ch32v30x_rcc.o
                0x0000000000005a12                RCC_APB1PeriphClockCmd
 .text.RCC_APB2PeriphResetCmd
                0x0000000000005a58       0x46 ./sdk/Peripheral/ch32v30x_rcc.o
                0x0000000000005a58                RCC_APB2PeriphResetCmd
 .text.RCC_APB1PeriphResetCmd
                0x0000000000005a9e       0x46 ./sdk/Peripheral/ch32v30x_rcc.o
                0x0000000000005a9e                RCC_APB1PeriphResetCmd
 .text.SPI_I2S_DeInit
                0x0000000000005ae4       0x76 ./sdk/Peripheral/ch32v30x_spi.o
                0x0000000000005ae4                SPI_I2S_DeInit
 .text.SPI_Init
                0x0000000000005b5a       0xf8 ./sdk/Peripheral/ch32v30x_spi.o
                0x0000000000005b5a                SPI_Init
 .text.SPI_Cmd  0x0000000000005c52       0x5a ./sdk/Peripheral/ch32v30x_spi.o
                0x0000000000005c52                SPI_Cmd
 .text.TIM_TimeBaseInit
                0x0000000000005cac      0x17e ./sdk/Peripheral/ch32v30x_tim.o
                0x0000000000005cac                TIM_TimeBaseInit
 .text.TIM_OC1Init
                0x0000000000005e2a      0x19c ./sdk/Peripheral/ch32v30x_tim.o
                0x0000000000005e2a                TIM_OC1Init
 .text.TIM_OC2Init
                0x0000000000005fc6      0x1e2 ./sdk/Peripheral/ch32v30x_tim.o
                0x0000000000005fc6                TIM_OC2Init
 .text.TIM_OC3Init
                0x00000000000061a8      0x1dc ./sdk/Peripheral/ch32v30x_tim.o
                0x00000000000061a8                TIM_OC3Init
 .text.TIM_OC4Init
                0x0000000000006384      0x176 ./sdk/Peripheral/ch32v30x_tim.o
                0x0000000000006384                TIM_OC4Init
 .text.TIM_Cmd  0x00000000000064fa       0x58 ./sdk/Peripheral/ch32v30x_tim.o
                0x00000000000064fa                TIM_Cmd
 .text.TIM_CtrlPWMOutputs
                0x0000000000006552       0x60 ./sdk/Peripheral/ch32v30x_tim.o
                0x0000000000006552                TIM_CtrlPWMOutputs
 .text.TIM_ITConfig
                0x00000000000065b2       0x70 ./sdk/Peripheral/ch32v30x_tim.o
                0x00000000000065b2                TIM_ITConfig
 .text.TIM_OC1PreloadConfig
                0x0000000000006622       0x4c ./sdk/Peripheral/ch32v30x_tim.o
                0x0000000000006622                TIM_OC1PreloadConfig
 .text.TIM_OC2PreloadConfig
                0x000000000000666e       0x5a ./sdk/Peripheral/ch32v30x_tim.o
                0x000000000000666e                TIM_OC2PreloadConfig
 .text.TIM_OC3PreloadConfig
                0x00000000000066c8       0x4c ./sdk/Peripheral/ch32v30x_tim.o
                0x00000000000066c8                TIM_OC3PreloadConfig
 .text.TIM_OC4PreloadConfig
                0x0000000000006714       0x5a ./sdk/Peripheral/ch32v30x_tim.o
                0x0000000000006714                TIM_OC4PreloadConfig
 .text.TIM_OC1FastConfig
                0x000000000000676e       0x4c ./sdk/Peripheral/ch32v30x_tim.o
                0x000000000000676e                TIM_OC1FastConfig
 .text.TIM_OC2FastConfig
                0x00000000000067ba       0x56 ./sdk/Peripheral/ch32v30x_tim.o
                0x00000000000067ba                TIM_OC2FastConfig
 .text.TIM_OC3FastConfig
                0x0000000000006810       0x4c ./sdk/Peripheral/ch32v30x_tim.o
                0x0000000000006810                TIM_OC3FastConfig
 .text.TIM_OC4FastConfig
                0x000000000000685c       0x56 ./sdk/Peripheral/ch32v30x_tim.o
                0x000000000000685c                TIM_OC4FastConfig
 .text.TIM_GetITStatus
                0x00000000000068b2       0x70 ./sdk/Peripheral/ch32v30x_tim.o
                0x00000000000068b2                TIM_GetITStatus
 .text.TIM_ClearITPendingBit
                0x0000000000006922       0x2e ./sdk/Peripheral/ch32v30x_tim.o
                0x0000000000006922                TIM_ClearITPendingBit
 .text.USART_Init
                0x0000000000006950      0x234 ./sdk/Peripheral/ch32v30x_usart.o
                0x0000000000006950                USART_Init
 .text.USART_Cmd
                0x0000000000006b84       0x60 ./sdk/Peripheral/ch32v30x_usart.o
                0x0000000000006b84                USART_Cmd
 .text.USART_ITConfig
                0x0000000000006be4       0xc4 ./sdk/Peripheral/ch32v30x_usart.o
                0x0000000000006be4                USART_ITConfig
 .text.USART_SendData
                0x0000000000006ca8       0x2e ./sdk/Peripheral/ch32v30x_usart.o
                0x0000000000006ca8                USART_SendData
 .text.USART_GetFlagStatus
                0x0000000000006cd6       0x46 ./sdk/Peripheral/ch32v30x_usart.o
                0x0000000000006cd6                USART_GetFlagStatus
 .text.USART_GetITStatus
                0x0000000000006d1c      0x102 ./sdk/Peripheral/ch32v30x_usart.o
                0x0000000000006d1c                USART_GetITStatus
 .text.USART_ClearITPendingBit
                0x0000000000006e1e       0x4e ./sdk/Peripheral/ch32v30x_usart.o
                0x0000000000006e1e                USART_ClearITPendingBit
 .text.DevEP1_IN_Deal
                0x0000000000006e6c       0x3e ./sdk/Peripheral/ch32v30x_usbotg_device.o
                0x0000000000006e6c                DevEP1_IN_Deal
 .text.DevEP2_IN_Deal
                0x0000000000006eaa       0x3e ./sdk/Peripheral/ch32v30x_usbotg_device.o
                0x0000000000006eaa                DevEP2_IN_Deal
 .text.DevEP1_OUT_Deal
                0x0000000000006ee8       0x66 ./sdk/Peripheral/ch32v30x_usbotg_device.o
                0x0000000000006ee8                DevEP1_OUT_Deal
 .text.DevEP2_OUT_Deal
                0x0000000000006f4e       0x66 ./sdk/Peripheral/ch32v30x_usbotg_device.o
                0x0000000000006f4e                DevEP2_OUT_Deal
 .text.OTG_FS_IRQHandler
                0x0000000000006fb4      0xcd6 ./sdk/Peripheral/ch32v30x_usbotg_device.o
                0x0000000000006fb4                OTG_FS_IRQHandler
 .text.PressCallback
                0x0000000000007c8a       0x2c ./code/easy_key.o
                0x0000000000007c8a                PressCallback
 .text.HoldCallback
                0x0000000000007cb6       0x2c ./code/easy_key.o
                0x0000000000007cb6                HoldCallback
 .text.MultiClickCallback
                0x0000000000007ce2       0x2c ./code/easy_key.o
                0x0000000000007ce2                MultiClickCallback
 .text.ReleaseCallback
                0x0000000000007d0e       0x2a ./code/easy_key.o
                0x0000000000007d0e                ReleaseCallback
 .text.EasyKeyUserApp
                0x0000000000007d38      0x142 ./code/easy_key.o
                0x0000000000007d38                EasyKeyUserApp
 .text.EasyKeyInit
                0x0000000000007e7a       0x8a ./code/easy_key.o
                0x0000000000007e7a                EasyKeyInit
 .text.DebounceFilter
                0x0000000000007f04       0xc8 ./code/easy_key.o
                0x0000000000007f04                DebounceFilter
 .text.EasyKeyScanKeyState
                0x0000000000007fcc      0x108 ./code/easy_key.o
                0x0000000000007fcc                EasyKeyScanKeyState
 .text.ips096_write_index
                0x00000000000080d4       0x44 ./code/ips096.o
 .text.IPS096_SetRegion
                0x0000000000008118      0x19c ./code/ips096.o
                0x0000000000008118                IPS096_SetRegion
 .text.IPS096_SetDrawColor
                0x00000000000082b4       0x1e ./code/ips096.o
                0x00000000000082b4                IPS096_SetDrawColor
 .text.IPS096_SendBuffer
                0x00000000000082d2       0xa2 ./code/ips096.o
                0x00000000000082d2                IPS096_SendBuffer
 .text.IPS096_ClearBuffer
                0x0000000000008374       0x8e ./code/ips096.o
                0x0000000000008374                IPS096_ClearBuffer
 .text.IPS096_DrawPoint
                0x0000000000008402       0xfe ./code/ips096.o
                0x0000000000008402                IPS096_DrawPoint
 .text.IPS096_DrawLine
                0x0000000000008500      0x1c6 ./code/ips096.o
                0x0000000000008500                IPS096_DrawLine
 .text.IPS096_ShowChar
                0x00000000000086c6      0x226 ./code/ips096.o
                0x00000000000086c6                IPS096_ShowChar
 .text.IPS096_ShowStr
                0x00000000000088ec       0xd8 ./code/ips096.o
                0x00000000000088ec                IPS096_ShowStr
 .text.IPS096_ShowFloat
                0x00000000000089c4       0xf2 ./code/ips096.o
                0x00000000000089c4                IPS096_ShowFloat
 .text.IPS096_ModifyColor
                0x0000000000008ab6       0x2a ./code/ips096.o
                0x0000000000008ab6                IPS096_ModifyColor
 .text.IPS096_DrawCircle
                0x0000000000008ae0      0x830 ./code/ips096.o
                0x0000000000008ae0                IPS096_DrawCircle
 .text.IPS096_DrawDisc
                0x0000000000009310      0xc1c ./code/ips096.o
                0x0000000000009310                IPS096_DrawDisc
 .text.IPS096_DrawFrame
                0x0000000000009f2c      0x110 ./code/ips096.o
                0x0000000000009f2c                IPS096_DrawFrame
 .text.IPS096_DrawBox
                0x000000000000a03c       0x9a ./code/ips096.o
                0x000000000000a03c                IPS096_DrawBox
 .text.IPS096_DrawRFrame
                0x000000000000a0d6      0x2ae ./code/ips096.o
                0x000000000000a0d6                IPS096_DrawRFrame
 .text.IPS096_DrawRBox
                0x000000000000a384      0x2e4 ./code/ips096.o
                0x000000000000a384                IPS096_DrawRBox
 .text.IPS096_ShowBMP
                0x000000000000a668      0x124 ./code/ips096.o
                0x000000000000a668                IPS096_ShowBMP
 .text.IPS096_SetDirection
                0x000000000000a78c       0x50 ./code/ips096.o
                0x000000000000a78c                IPS096_SetDirection
 .text.IPS096_SetColor
                0x000000000000a7dc       0x2c ./code/ips096.o
                0x000000000000a7dc                IPS096_SetColor
 .text.IPS096_Init
                0x000000000000a808      0x37c ./code/ips096.o
                0x000000000000a808                IPS096_Init
 .text.DoubleToInt
                0x000000000000ab84       0x28 ./code/user_flash.o
                0x000000000000ab84                DoubleToInt
 .text.IntToDouble
                0x000000000000abac       0x28 ./code/user_flash.o
                0x000000000000abac                IntToDouble
 .text.SaveToFlash
                0x000000000000abd4       0x9c ./code/user_flash.o
                0x000000000000abd4                SaveToFlash
 .text.SaveToFlashWithConversion
                0x000000000000ac70       0xd2 ./code/user_flash.o
                0x000000000000ac70                SaveToFlashWithConversion
 .text.ReadFlash
                0x000000000000ad42       0x9c ./code/user_flash.o
                0x000000000000ad42                ReadFlash
 .text.ReadFlashWithConversion
                0x000000000000adde       0xd2 ./code/user_flash.o
                0x000000000000adde                ReadFlashWithConversion
 .text.FlashOperationEnd
                0x000000000000aeb0       0x3a ./code/user_flash.o
                0x000000000000aeb0                FlashOperationEnd
 .text.EasyUIAddItem
                0x000000000000aeea      0x21e ./code/easy_ui.o
                0x000000000000aeea                EasyUIAddItem
 .text.EasyUIAddPage
                0x000000000000b108       0xc4 ./code/easy_ui.o
                0x000000000000b108                EasyUIAddPage
 .text.EasyUITransitionAnim
                0x000000000000b1cc      0x202 ./code/easy_ui.o
                0x000000000000b1cc                EasyUITransitionAnim
 .text.EasyUIBackgroundBlur
                0x000000000000b3ce      0x17c ./code/easy_ui.o
                0x000000000000b3ce                EasyUIBackgroundBlur
 .text.EasyUIDrawMsgBox
                0x000000000000b54a      0x144 ./code/easy_ui.o
                0x000000000000b54a                EasyUIDrawMsgBox
 .text.EasyUIDrawProgressBar
                0x000000000000b68e      0x332 ./code/easy_ui.o
                0x000000000000b68e                EasyUIDrawProgressBar
 .text.EasyUIDrawCheckbox
                0x000000000000b9c0       0xdc ./code/easy_ui.o
                0x000000000000b9c0                EasyUIDrawCheckbox
 .text.EasyUIGetItemPos
                0x000000000000ba9c      0x212 ./code/easy_ui.o
                0x000000000000ba9c                EasyUIGetItemPos
 .text.EasyUIDisplayItem
                0x000000000000bcae      0x3b2 ./code/easy_ui.o
                0x000000000000bcae                EasyUIDisplayItem
 .text.EasyUIDrawIndicator
                0x000000000000c060      0x316 ./code/easy_ui.o
                0x000000000000c060                EasyUIDrawIndicator
 .text.EasyUIItemOperationResponse
                0x000000000000c376      0x19a ./code/easy_ui.o
                0x000000000000c376                EasyUIItemOperationResponse
 .text.EasyUIEventSaveSettings
                0x000000000000c510       0x9c ./code/easy_ui.o
                0x000000000000c510                EasyUIEventSaveSettings
 .text.EasyUIEventResetSettings
                0x000000000000c5ac       0x9c ./code/easy_ui.o
                0x000000000000c5ac                EasyUIEventResetSettings
 .text.EasyUIInit
                0x000000000000c648      0x152 ./code/easy_ui.o
                0x000000000000c648                EasyUIInit
 .text.EasyUIKeyActionMonitor
                0x000000000000c79a       0xa0 ./code/easy_ui.o
                0x000000000000c79a                EasyUIKeyActionMonitor
 .text.EasyUI   0x000000000000c83a      0x3f4 ./code/easy_ui.o
                0x000000000000c83a                EasyUI
 .text.EventSquareLoop
                0x000000000000cc2e       0x50 ./code/easy_ui_user_app.o
                0x000000000000cc2e                EventSquareLoop
 .text.EventRunLoop
                0x000000000000cc7e       0x3c ./code/easy_ui_user_app.o
                0x000000000000cc7e                EventRunLoop
 .text.CornerUpLeftHandler
                0x000000000000ccba      0x3b0 ./code/easy_ui_user_app.o
                0x000000000000ccba                CornerUpLeftHandler
 .text.CornerUpRightHandler
                0x000000000000d06a      0x3be ./code/easy_ui_user_app.o
                0x000000000000d06a                CornerUpRightHandler
 .text.CornerDownRightHandler
                0x000000000000d428      0x3b4 ./code/easy_ui_user_app.o
                0x000000000000d428                CornerDownRightHandler
 .text.PageTeach
                0x000000000000d7dc       0x3a ./code/easy_ui_user_app.o
                0x000000000000d7dc                PageTeach
 .text.MenuInit
                0x000000000000d816      0x1b8 ./code/easy_ui_user_app.o
                0x000000000000d816                MenuInit
 .text.BuzzerInit
                0x000000000000d9ce       0x26 ./code/buzzer.o
                0x000000000000d9ce                BuzzerInit
 .text.Beep     0x000000000000d9f4       0x68 ./code/buzzer.o
                0x000000000000d9f4                Beep
 .text.GetRectLine
                0x000000000000da5c      0x178 ./code/ctrl.o
                0x000000000000da5c                GetRectLine
 .text.LaserGoSquare
                0x000000000000dbd4      0x29e ./code/ctrl.o
                0x000000000000dbd4                LaserGoSquare
 .text.GetLaserPoint
                0x000000000000de72      0x438 ./code/ctrl.o
                0x000000000000de72                GetLaserPoint
 .text.TeachCornerPointHandler
                0x000000000000e2aa       0xaa ./code/ctrl.o
                0x000000000000e2aa                TeachCornerPointHandler
 .text.upacker_init
                0x000000000000e354       0x30 ./code/upacker.o
                0x000000000000e354                upacker_init
 .text.upacker_unpack
                0x000000000000e384       0x6e ./code/upacker.o
                0x000000000000e384                upacker_unpack
 .text.frame_decode
                0x000000000000e3f2      0x256 ./code/upacker.o
 .text.atanf    0x000000000000e648      0x204 /Users/baohan/ErBW_s/Code/Toolchains/xpack-riscv-none-embed-gcc-8.2.0/bin/../lib/gcc/riscv-none-embed/8.2.0/../../../../riscv-none-embed/lib/rv32imafc/ilp32f/libm.a(lib_a-sf_atan.o)
                0x000000000000e648                atanf
 .text.fabsf    0x000000000000e84c        0xe /Users/baohan/ErBW_s/Code/Toolchains/xpack-riscv-none-embed-gcc-8.2.0/bin/../lib/gcc/riscv-none-embed/8.2.0/../../../../riscv-none-embed/lib/rv32imafc/ilp32f/libm.a(lib_a-sf_fabs.o)
                0x000000000000e84c                fabsf
 .text.roundf   0x000000000000e85a       0x66 /Users/baohan/ErBW_s/Code/Toolchains/xpack-riscv-none-embed-gcc-8.2.0/bin/../lib/gcc/riscv-none-embed/8.2.0/../../../../riscv-none-embed/lib/rv32imafc/ilp32f/libm.a(lib_a-sf_round.o)
                0x000000000000e85a                roundf
 .text.pow      0x000000000000e8c0      0x324 /Users/baohan/ErBW_s/Code/Toolchains/xpack-riscv-none-embed-gcc-8.2.0/bin/../lib/gcc/riscv-none-embed/8.2.0/../../../../riscv-none-embed/lib/rv32imafc/ilp32f/libm.a(lib_a-w_pow.o)
                0x000000000000e8c0                pow
 .text.sqrt     0x000000000000ebe4       0xba /Users/baohan/ErBW_s/Code/Toolchains/xpack-riscv-none-embed-gcc-8.2.0/bin/../lib/gcc/riscv-none-embed/8.2.0/../../../../riscv-none-embed/lib/rv32imafc/ilp32f/libm.a(lib_a-w_sqrt.o)
                0x000000000000ebe4                sqrt
 .text.__ieee754_pow
                0x000000000000ec9e      0xad4 /Users/baohan/ErBW_s/Code/Toolchains/xpack-riscv-none-embed-gcc-8.2.0/bin/../lib/gcc/riscv-none-embed/8.2.0/../../../../riscv-none-embed/lib/rv32imafc/ilp32f/libm.a(lib_a-e_pow.o)
                0x000000000000ec9e                __ieee754_pow
 .text.__ieee754_sqrt
                0x000000000000f772      0x1d4 /Users/baohan/ErBW_s/Code/Toolchains/xpack-riscv-none-embed-gcc-8.2.0/bin/../lib/gcc/riscv-none-embed/8.2.0/../../../../riscv-none-embed/lib/rv32imafc/ilp32f/libm.a(lib_a-e_sqrt.o)
                0x000000000000f772                __ieee754_sqrt
 .text.fabs     0x000000000000f946        0x6 /Users/baohan/ErBW_s/Code/Toolchains/xpack-riscv-none-embed-gcc-8.2.0/bin/../lib/gcc/riscv-none-embed/8.2.0/../../../../riscv-none-embed/lib/rv32imafc/ilp32f/libm.a(lib_a-s_fabs.o)
                0x000000000000f946                fabs
 .text.finite   0x000000000000f94c        0xe /Users/baohan/ErBW_s/Code/Toolchains/xpack-riscv-none-embed-gcc-8.2.0/bin/../lib/gcc/riscv-none-embed/8.2.0/../../../../riscv-none-embed/lib/rv32imafc/ilp32f/libm.a(lib_a-s_finite.o)
                0x000000000000f94c                finite
 .text.matherr  0x000000000000f95a        0x4 /Users/baohan/ErBW_s/Code/Toolchains/xpack-riscv-none-embed-gcc-8.2.0/bin/../lib/gcc/riscv-none-embed/8.2.0/../../../../riscv-none-embed/lib/rv32imafc/ilp32f/libm.a(lib_a-s_matherr.o)
                0x000000000000f95a                matherr
 .text.nan      0x000000000000f95e        0xe /Users/baohan/ErBW_s/Code/Toolchains/xpack-riscv-none-embed-gcc-8.2.0/bin/../lib/gcc/riscv-none-embed/8.2.0/../../../../riscv-none-embed/lib/rv32imafc/ilp32f/libm.a(lib_a-s_nan.o)
                0x000000000000f95e                nan
 .text.rint     0x000000000000f96c      0x186 /Users/baohan/ErBW_s/Code/Toolchains/xpack-riscv-none-embed-gcc-8.2.0/bin/../lib/gcc/riscv-none-embed/8.2.0/../../../../riscv-none-embed/lib/rv32imafc/ilp32f/libm.a(lib_a-s_rint.o)
                0x000000000000f96c                rint
 .text.scalbn   0x000000000000faf2      0x13e /Users/baohan/ErBW_s/Code/Toolchains/xpack-riscv-none-embed-gcc-8.2.0/bin/../lib/gcc/riscv-none-embed/8.2.0/../../../../riscv-none-embed/lib/rv32imafc/ilp32f/libm.a(lib_a-s_scalbn.o)
                0x000000000000faf2                scalbn
 .text.copysign
                0x000000000000fc30       0x16 /Users/baohan/ErBW_s/Code/Toolchains/xpack-riscv-none-embed-gcc-8.2.0/bin/../lib/gcc/riscv-none-embed/8.2.0/../../../../riscv-none-embed/lib/rv32imafc/ilp32f/libm.a(lib_a-s_copysign.o)
                0x000000000000fc30                copysign
 .text.__adddf3
                0x000000000000fc46      0xa0e /Users/baohan/ErBW_s/Code/Toolchains/xpack-riscv-none-embed-gcc-8.2.0/bin/../lib/gcc/riscv-none-embed/8.2.0/rv32imafc/ilp32f/libgcc.a(adddf3.o)
                0x000000000000fc46                __adddf3
 .text.__divdf3
                0x0000000000010654      0x7ea /Users/baohan/ErBW_s/Code/Toolchains/xpack-riscv-none-embed-gcc-8.2.0/bin/../lib/gcc/riscv-none-embed/8.2.0/rv32imafc/ilp32f/libgcc.a(divdf3.o)
                0x0000000000010654                __divdf3
 .text.__eqdf2  0x0000000000010e3e       0x98 /Users/baohan/ErBW_s/Code/Toolchains/xpack-riscv-none-embed-gcc-8.2.0/bin/../lib/gcc/riscv-none-embed/8.2.0/rv32imafc/ilp32f/libgcc.a(eqdf2.o)
                0x0000000000010e3e                __eqdf2
                0x0000000000010e3e                __nedf2
 .text.__gedf2  0x0000000000010ed6       0xb6 /Users/baohan/ErBW_s/Code/Toolchains/xpack-riscv-none-embed-gcc-8.2.0/bin/../lib/gcc/riscv-none-embed/8.2.0/rv32imafc/ilp32f/libgcc.a(gedf2.o)
                0x0000000000010ed6                __gtdf2
                0x0000000000010ed6                __gedf2
 .text.__ledf2  0x0000000000010f8c       0xb6 /Users/baohan/ErBW_s/Code/Toolchains/xpack-riscv-none-embed-gcc-8.2.0/bin/../lib/gcc/riscv-none-embed/8.2.0/rv32imafc/ilp32f/libgcc.a(ledf2.o)
                0x0000000000010f8c                __ltdf2
                0x0000000000010f8c                __ledf2
 .text.__muldf3
                0x0000000000011042      0x656 /Users/baohan/ErBW_s/Code/Toolchains/xpack-riscv-none-embed-gcc-8.2.0/bin/../lib/gcc/riscv-none-embed/8.2.0/rv32imafc/ilp32f/libgcc.a(muldf3.o)
                0x0000000000011042                __muldf3
 .text.__subdf3
                0x0000000000011698      0xa8c /Users/baohan/ErBW_s/Code/Toolchains/xpack-riscv-none-embed-gcc-8.2.0/bin/../lib/gcc/riscv-none-embed/8.2.0/rv32imafc/ilp32f/libgcc.a(subdf3.o)
                0x0000000000011698                __subdf3
 .text.__unorddf2
                0x0000000000012124       0x7c /Users/baohan/ErBW_s/Code/Toolchains/xpack-riscv-none-embed-gcc-8.2.0/bin/../lib/gcc/riscv-none-embed/8.2.0/rv32imafc/ilp32f/libgcc.a(unorddf2.o)
                0x0000000000012124                __unorddf2
 .text.__fixdfsi
                0x00000000000121a0       0xd8 /Users/baohan/ErBW_s/Code/Toolchains/xpack-riscv-none-embed-gcc-8.2.0/bin/../lib/gcc/riscv-none-embed/8.2.0/rv32imafc/ilp32f/libgcc.a(fixdfsi.o)
                0x00000000000121a0                __fixdfsi
 .text.__fixunsdfsi
                0x0000000000012278       0x9e /Users/baohan/ErBW_s/Code/Toolchains/xpack-riscv-none-embed-gcc-8.2.0/bin/../lib/gcc/riscv-none-embed/8.2.0/rv32imafc/ilp32f/libgcc.a(fixunsdfsi.o)
                0x0000000000012278                __fixunsdfsi
 .text.__floatsidf
                0x0000000000012316       0x70 /Users/baohan/ErBW_s/Code/Toolchains/xpack-riscv-none-embed-gcc-8.2.0/bin/../lib/gcc/riscv-none-embed/8.2.0/rv32imafc/ilp32f/libgcc.a(floatsidf.o)
                0x0000000000012316                __floatsidf
 .text.__floatunsidf
                0x0000000000012386       0x66 /Users/baohan/ErBW_s/Code/Toolchains/xpack-riscv-none-embed-gcc-8.2.0/bin/../lib/gcc/riscv-none-embed/8.2.0/rv32imafc/ilp32f/libgcc.a(floatunsidf.o)
                0x0000000000012386                __floatunsidf
 .text.__extendsfdf2
                0x00000000000123ec       0xe8 /Users/baohan/ErBW_s/Code/Toolchains/xpack-riscv-none-embed-gcc-8.2.0/bin/../lib/gcc/riscv-none-embed/8.2.0/rv32imafc/ilp32f/libgcc.a(extendsfdf2.o)
                0x00000000000123ec                __extendsfdf2
 .text.__truncdfsf2
                0x00000000000124d4      0x31e /Users/baohan/ErBW_s/Code/Toolchains/xpack-riscv-none-embed-gcc-8.2.0/bin/../lib/gcc/riscv-none-embed/8.2.0/rv32imafc/ilp32f/libgcc.a(truncdfsf2.o)
                0x00000000000124d4                __truncdfsf2
 .text.__clzsi2
                0x00000000000127f2       0x76 /Users/baohan/ErBW_s/Code/Toolchains/xpack-riscv-none-embed-gcc-8.2.0/bin/../lib/gcc/riscv-none-embed/8.2.0/rv32imafc/ilp32f/libgcc.a(_clzsi2.o)
                0x00000000000127f2                __clzsi2
 .text.__errno  0x0000000000012868        0x8 /Users/baohan/ErBW_s/Code/Toolchains/xpack-riscv-none-embed-gcc-8.2.0/bin/../lib/gcc/riscv-none-embed/8.2.0/../../../../riscv-none-embed/lib/rv32imafc/ilp32f/libg_nano.a(lib_a-errno.o)
                0x0000000000012868                __errno
 .text.memcpy   0x0000000000012870       0xb6 /Users/baohan/ErBW_s/Code/Toolchains/xpack-riscv-none-embed-gcc-8.2.0/bin/../lib/gcc/riscv-none-embed/8.2.0/../../../../riscv-none-embed/lib/rv32imafc/ilp32f/libg_nano.a(lib_a-memcpy.o)
                0x0000000000012870                memcpy
 .text.__cvt    0x0000000000012926       0xee /Users/baohan/ErBW_s/Code/Toolchains/xpack-riscv-none-embed-gcc-8.2.0/bin/../lib/gcc/riscv-none-embed/8.2.0/../../../../riscv-none-embed/lib/rv32imafc/ilp32f/libg_nano.a(lib_a-nano-vfprintf_float.o)
                0x0000000000012926                __cvt
 .text.__exponent
                0x0000000000012a14       0x8c /Users/baohan/ErBW_s/Code/Toolchains/xpack-riscv-none-embed-gcc-8.2.0/bin/../lib/gcc/riscv-none-embed/8.2.0/../../../../riscv-none-embed/lib/rv32imafc/ilp32f/libg_nano.a(lib_a-nano-vfprintf_float.o)
                0x0000000000012a14                __exponent
 .text._printf_float
                0x0000000000012aa0      0x4c4 /Users/baohan/ErBW_s/Code/Toolchains/xpack-riscv-none-embed-gcc-8.2.0/bin/../lib/gcc/riscv-none-embed/8.2.0/../../../../riscv-none-embed/lib/rv32imafc/ilp32f/libg_nano.a(lib_a-nano-vfprintf_float.o)
                0x0000000000012aa0                _printf_float
 .text._printf_common
                0x0000000000012f64      0x10c /Users/baohan/ErBW_s/Code/Toolchains/xpack-riscv-none-embed-gcc-8.2.0/bin/../lib/gcc/riscv-none-embed/8.2.0/../../../../riscv-none-embed/lib/rv32imafc/ilp32f/libg_nano.a(lib_a-nano-vfprintf_i.o)
                0x0000000000012f64                _printf_common
 .text._printf_i
                0x0000000000013070      0x2ac /Users/baohan/ErBW_s/Code/Toolchains/xpack-riscv-none-embed-gcc-8.2.0/bin/../lib/gcc/riscv-none-embed/8.2.0/../../../../riscv-none-embed/lib/rv32imafc/ilp32f/libg_nano.a(lib_a-nano-vfprintf_i.o)
                0x0000000000013070                _printf_i
 .text.printf   0x000000000001331c       0x42 /Users/baohan/ErBW_s/Code/Toolchains/xpack-riscv-none-embed-gcc-8.2.0/bin/../lib/gcc/riscv-none-embed/8.2.0/../../../../riscv-none-embed/lib/rv32imafc/ilp32f/libg_nano.a(lib_a-printf.o)
                0x000000000001331c                printf
                0x000000000001331c                iprintf
 .text.sprintf  0x000000000001335e       0x46 /Users/baohan/ErBW_s/Code/Toolchains/xpack-riscv-none-embed-gcc-8.2.0/bin/../lib/gcc/riscv-none-embed/8.2.0/../../../../riscv-none-embed/lib/rv32imafc/ilp32f/libg_nano.a(lib_a-sprintf.o)
                0x000000000001335e                sprintf
                0x000000000001335e                siprintf
 .text.strlen   0x00000000000133a4       0x12 /Users/baohan/ErBW_s/Code/Toolchains/xpack-riscv-none-embed-gcc-8.2.0/bin/../lib/gcc/riscv-none-embed/8.2.0/../../../../riscv-none-embed/lib/rv32imafc/ilp32f/libg_nano.a(lib_a-strlen.o)
                0x00000000000133a4                strlen
 .text.strncmp  0x00000000000133b6       0x2c /Users/baohan/ErBW_s/Code/Toolchains/xpack-riscv-none-embed-gcc-8.2.0/bin/../lib/gcc/riscv-none-embed/8.2.0/../../../../riscv-none-embed/lib/rv32imafc/ilp32f/libg_nano.a(lib_a-strncmp.o)
                0x00000000000133b6                strncmp
 .text.quorem   0x00000000000133e2      0x13a /Users/baohan/ErBW_s/Code/Toolchains/xpack-riscv-none-embed-gcc-8.2.0/bin/../lib/gcc/riscv-none-embed/8.2.0/../../../../riscv-none-embed/lib/rv32imafc/ilp32f/libg_nano.a(lib_a-dtoa.o)
 .text._dtoa_r  0x000000000001351c      0xbea /Users/baohan/ErBW_s/Code/Toolchains/xpack-riscv-none-embed-gcc-8.2.0/bin/../lib/gcc/riscv-none-embed/8.2.0/../../../../riscv-none-embed/lib/rv32imafc/ilp32f/libg_nano.a(lib_a-dtoa.o)
                0x000000000001351c                _dtoa_r
 .text.std      0x0000000000014106       0x6a /Users/baohan/ErBW_s/Code/Toolchains/xpack-riscv-none-embed-gcc-8.2.0/bin/../lib/gcc/riscv-none-embed/8.2.0/../../../../riscv-none-embed/lib/rv32imafc/ilp32f/libg_nano.a(lib_a-findfp.o)
 .text._cleanup_r
                0x0000000000014170        0xa /Users/baohan/ErBW_s/Code/Toolchains/xpack-riscv-none-embed-gcc-8.2.0/bin/../lib/gcc/riscv-none-embed/8.2.0/../../../../riscv-none-embed/lib/rv32imafc/ilp32f/libg_nano.a(lib_a-findfp.o)
                0x0000000000014170                _cleanup_r
 .text.__sfmoreglue
                0x000000000001417a       0x48 /Users/baohan/ErBW_s/Code/Toolchains/xpack-riscv-none-embed-gcc-8.2.0/bin/../lib/gcc/riscv-none-embed/8.2.0/../../../../riscv-none-embed/lib/rv32imafc/ilp32f/libg_nano.a(lib_a-findfp.o)
                0x000000000001417a                __sfmoreglue
 .text.__sinit  0x00000000000141c2       0x6c /Users/baohan/ErBW_s/Code/Toolchains/xpack-riscv-none-embed-gcc-8.2.0/bin/../lib/gcc/riscv-none-embed/8.2.0/../../../../riscv-none-embed/lib/rv32imafc/ilp32f/libg_nano.a(lib_a-findfp.o)
                0x00000000000141c2                __sinit
 .text.__sfp    0x000000000001422e       0xa0 /Users/baohan/ErBW_s/Code/Toolchains/xpack-riscv-none-embed-gcc-8.2.0/bin/../lib/gcc/riscv-none-embed/8.2.0/../../../../riscv-none-embed/lib/rv32imafc/ilp32f/libg_nano.a(lib_a-findfp.o)
                0x000000000001422e                __sfp
 .text._fwalk_reent
                0x00000000000142ce       0x6c /Users/baohan/ErBW_s/Code/Toolchains/xpack-riscv-none-embed-gcc-8.2.0/bin/../lib/gcc/riscv-none-embed/8.2.0/../../../../riscv-none-embed/lib/rv32imafc/ilp32f/libg_nano.a(lib_a-fwalk.o)
                0x00000000000142ce                _fwalk_reent
 .text._localeconv_r
                0x000000000001433a       0x18 /Users/baohan/ErBW_s/Code/Toolchains/xpack-riscv-none-embed-gcc-8.2.0/bin/../lib/gcc/riscv-none-embed/8.2.0/../../../../riscv-none-embed/lib/rv32imafc/ilp32f/libg_nano.a(lib_a-localeconv.o)
                0x000000000001433a                _localeconv_r
 .text.malloc   0x0000000000014352        0xc /Users/baohan/ErBW_s/Code/Toolchains/xpack-riscv-none-embed-gcc-8.2.0/bin/../lib/gcc/riscv-none-embed/8.2.0/../../../../riscv-none-embed/lib/rv32imafc/ilp32f/libg_nano.a(lib_a-malloc.o)
                0x0000000000014352                malloc
 .text.memchr   0x000000000001435e       0x1a /Users/baohan/ErBW_s/Code/Toolchains/xpack-riscv-none-embed-gcc-8.2.0/bin/../lib/gcc/riscv-none-embed/8.2.0/../../../../riscv-none-embed/lib/rv32imafc/ilp32f/libg_nano.a(lib_a-memchr.o)
                0x000000000001435e                memchr
 .text._Balloc  0x0000000000014378       0x88 /Users/baohan/ErBW_s/Code/Toolchains/xpack-riscv-none-embed-gcc-8.2.0/bin/../lib/gcc/riscv-none-embed/8.2.0/../../../../riscv-none-embed/lib/rv32imafc/ilp32f/libg_nano.a(lib_a-mprec.o)
                0x0000000000014378                _Balloc
 .text._Bfree   0x0000000000014400       0x44 /Users/baohan/ErBW_s/Code/Toolchains/xpack-riscv-none-embed-gcc-8.2.0/bin/../lib/gcc/riscv-none-embed/8.2.0/../../../../riscv-none-embed/lib/rv32imafc/ilp32f/libg_nano.a(lib_a-mprec.o)
                0x0000000000014400                _Bfree
 .text.__multadd
                0x0000000000014444       0x98 /Users/baohan/ErBW_s/Code/Toolchains/xpack-riscv-none-embed-gcc-8.2.0/bin/../lib/gcc/riscv-none-embed/8.2.0/../../../../riscv-none-embed/lib/rv32imafc/ilp32f/libg_nano.a(lib_a-mprec.o)
                0x0000000000014444                __multadd
 .text.__hi0bits
                0x00000000000144dc       0x46 /Users/baohan/ErBW_s/Code/Toolchains/xpack-riscv-none-embed-gcc-8.2.0/bin/../lib/gcc/riscv-none-embed/8.2.0/../../../../riscv-none-embed/lib/rv32imafc/ilp32f/libg_nano.a(lib_a-mprec.o)
                0x00000000000144dc                __hi0bits
 .text.__lo0bits
                0x0000000000014522       0x6a /Users/baohan/ErBW_s/Code/Toolchains/xpack-riscv-none-embed-gcc-8.2.0/bin/../lib/gcc/riscv-none-embed/8.2.0/../../../../riscv-none-embed/lib/rv32imafc/ilp32f/libg_nano.a(lib_a-mprec.o)
                0x0000000000014522                __lo0bits
 .text.__i2b    0x000000000001458c       0x1c /Users/baohan/ErBW_s/Code/Toolchains/xpack-riscv-none-embed-gcc-8.2.0/bin/../lib/gcc/riscv-none-embed/8.2.0/../../../../riscv-none-embed/lib/rv32imafc/ilp32f/libg_nano.a(lib_a-mprec.o)
                0x000000000001458c                __i2b
 .text.__multiply
                0x00000000000145a8      0x144 /Users/baohan/ErBW_s/Code/Toolchains/xpack-riscv-none-embed-gcc-8.2.0/bin/../lib/gcc/riscv-none-embed/8.2.0/../../../../riscv-none-embed/lib/rv32imafc/ilp32f/libg_nano.a(lib_a-mprec.o)
                0x00000000000145a8                __multiply
 .text.__pow5mult
                0x00000000000146ec       0xbe /Users/baohan/ErBW_s/Code/Toolchains/xpack-riscv-none-embed-gcc-8.2.0/bin/../lib/gcc/riscv-none-embed/8.2.0/../../../../riscv-none-embed/lib/rv32imafc/ilp32f/libg_nano.a(lib_a-mprec.o)
                0x00000000000146ec                __pow5mult
 .text.__lshift
                0x00000000000147aa       0xce /Users/baohan/ErBW_s/Code/Toolchains/xpack-riscv-none-embed-gcc-8.2.0/bin/../lib/gcc/riscv-none-embed/8.2.0/../../../../riscv-none-embed/lib/rv32imafc/ilp32f/libg_nano.a(lib_a-mprec.o)
                0x00000000000147aa                __lshift
 .text.__mcmp   0x0000000000014878       0x32 /Users/baohan/ErBW_s/Code/Toolchains/xpack-riscv-none-embed-gcc-8.2.0/bin/../lib/gcc/riscv-none-embed/8.2.0/../../../../riscv-none-embed/lib/rv32imafc/ilp32f/libg_nano.a(lib_a-mprec.o)
                0x0000000000014878                __mcmp
 .text.__mdiff  0x00000000000148aa       0xf2 /Users/baohan/ErBW_s/Code/Toolchains/xpack-riscv-none-embed-gcc-8.2.0/bin/../lib/gcc/riscv-none-embed/8.2.0/../../../../riscv-none-embed/lib/rv32imafc/ilp32f/libg_nano.a(lib_a-mprec.o)
                0x00000000000148aa                __mdiff
 .text.__d2b    0x000000000001499c       0xd4 /Users/baohan/ErBW_s/Code/Toolchains/xpack-riscv-none-embed-gcc-8.2.0/bin/../lib/gcc/riscv-none-embed/8.2.0/../../../../riscv-none-embed/lib/rv32imafc/ilp32f/libg_nano.a(lib_a-mprec.o)
                0x000000000001499c                __d2b
 .text._calloc_r
                0x0000000000014a70       0x26 /Users/baohan/ErBW_s/Code/Toolchains/xpack-riscv-none-embed-gcc-8.2.0/bin/../lib/gcc/riscv-none-embed/8.2.0/../../../../riscv-none-embed/lib/rv32imafc/ilp32f/libg_nano.a(lib_a-nano-callocr.o)
                0x0000000000014a70                _calloc_r
 .text._free_r  0x0000000000014a96       0xa8 /Users/baohan/ErBW_s/Code/Toolchains/xpack-riscv-none-embed-gcc-8.2.0/bin/../lib/gcc/riscv-none-embed/8.2.0/../../../../riscv-none-embed/lib/rv32imafc/ilp32f/libg_nano.a(lib_a-nano-freer.o)
                0x0000000000014a96                _free_r
 .text._malloc_r
                0x0000000000014b3e       0xd4 /Users/baohan/ErBW_s/Code/Toolchains/xpack-riscv-none-embed-gcc-8.2.0/bin/../lib/gcc/riscv-none-embed/8.2.0/../../../../riscv-none-embed/lib/rv32imafc/ilp32f/libg_nano.a(lib_a-nano-mallocr.o)
                0x0000000000014b3e                _malloc_r
 .text.__ssputs_r
                0x0000000000014c12       0xee /Users/baohan/ErBW_s/Code/Toolchains/xpack-riscv-none-embed-gcc-8.2.0/bin/../lib/gcc/riscv-none-embed/8.2.0/../../../../riscv-none-embed/lib/rv32imafc/ilp32f/libg_nano.a(lib_a-nano-svfprintf.o)
                0x0000000000014c12                __ssputs_r
 .text._svfprintf_r
                0x0000000000014d00      0x27e /Users/baohan/ErBW_s/Code/Toolchains/xpack-riscv-none-embed-gcc-8.2.0/bin/../lib/gcc/riscv-none-embed/8.2.0/../../../../riscv-none-embed/lib/rv32imafc/ilp32f/libg_nano.a(lib_a-nano-svfprintf.o)
                0x0000000000014d00                _svfprintf_r
                0x0000000000014d00                _svfiprintf_r
 .text.__sfputc_r
                0x0000000000014f7e       0x28 /Users/baohan/ErBW_s/Code/Toolchains/xpack-riscv-none-embed-gcc-8.2.0/bin/../lib/gcc/riscv-none-embed/8.2.0/../../../../riscv-none-embed/lib/rv32imafc/ilp32f/libg_nano.a(lib_a-nano-vfprintf.o)
 .text.__sfputs_r
                0x0000000000014fa6       0x44 /Users/baohan/ErBW_s/Code/Toolchains/xpack-riscv-none-embed-gcc-8.2.0/bin/../lib/gcc/riscv-none-embed/8.2.0/../../../../riscv-none-embed/lib/rv32imafc/ilp32f/libg_nano.a(lib_a-nano-vfprintf.o)
                0x0000000000014fa6                __sfputs_r
 .text._vfprintf_r
                0x0000000000014fea      0x29e /Users/baohan/ErBW_s/Code/Toolchains/xpack-riscv-none-embed-gcc-8.2.0/bin/../lib/gcc/riscv-none-embed/8.2.0/../../../../riscv-none-embed/lib/rv32imafc/ilp32f/libg_nano.a(lib_a-nano-vfprintf.o)
                0x0000000000014fea                _vfiprintf_r
                0x0000000000014fea                _vfprintf_r
 .text._sbrk_r  0x0000000000015288       0x32 /Users/baohan/ErBW_s/Code/Toolchains/xpack-riscv-none-embed-gcc-8.2.0/bin/../lib/gcc/riscv-none-embed/8.2.0/../../../../riscv-none-embed/lib/rv32imafc/ilp32f/libg_nano.a(lib_a-sbrkr.o)
                0x0000000000015288                _sbrk_r
 .text.__sread  0x00000000000152ba       0x30 /Users/baohan/ErBW_s/Code/Toolchains/xpack-riscv-none-embed-gcc-8.2.0/bin/../lib/gcc/riscv-none-embed/8.2.0/../../../../riscv-none-embed/lib/rv32imafc/ilp32f/libg_nano.a(lib_a-stdio.o)
                0x00000000000152ba                __sread
 .text.__swrite
                0x00000000000152ea       0x4e /Users/baohan/ErBW_s/Code/Toolchains/xpack-riscv-none-embed-gcc-8.2.0/bin/../lib/gcc/riscv-none-embed/8.2.0/../../../../riscv-none-embed/lib/rv32imafc/ilp32f/libg_nano.a(lib_a-stdio.o)
                0x00000000000152ea                __swrite
 .text.__sseek  0x0000000000015338       0x36 /Users/baohan/ErBW_s/Code/Toolchains/xpack-riscv-none-embed-gcc-8.2.0/bin/../lib/gcc/riscv-none-embed/8.2.0/../../../../riscv-none-embed/lib/rv32imafc/ilp32f/libg_nano.a(lib_a-stdio.o)
                0x0000000000015338                __sseek
 .text.__sclose
                0x000000000001536e        0x6 /Users/baohan/ErBW_s/Code/Toolchains/xpack-riscv-none-embed-gcc-8.2.0/bin/../lib/gcc/riscv-none-embed/8.2.0/../../../../riscv-none-embed/lib/rv32imafc/ilp32f/libg_nano.a(lib_a-stdio.o)
                0x000000000001536e                __sclose
 .text.__swbuf_r
                0x0000000000015374       0xc2 /Users/baohan/ErBW_s/Code/Toolchains/xpack-riscv-none-embed-gcc-8.2.0/bin/../lib/gcc/riscv-none-embed/8.2.0/../../../../riscv-none-embed/lib/rv32imafc/ilp32f/libg_nano.a(lib_a-wbuf.o)
                0x0000000000015374                __swbuf_r
 .text._write_r
                0x0000000000015436       0x36 /Users/baohan/ErBW_s/Code/Toolchains/xpack-riscv-none-embed-gcc-8.2.0/bin/../lib/gcc/riscv-none-embed/8.2.0/../../../../riscv-none-embed/lib/rv32imafc/ilp32f/libg_nano.a(lib_a-writer.o)
                0x0000000000015436                _write_r
 .text.__swsetup_r
                0x000000000001546c      0x110 /Users/baohan/ErBW_s/Code/Toolchains/xpack-riscv-none-embed-gcc-8.2.0/bin/../lib/gcc/riscv-none-embed/8.2.0/../../../../riscv-none-embed/lib/rv32imafc/ilp32f/libg_nano.a(lib_a-wsetup.o)
                0x000000000001546c                __swsetup_r
 .text._close_r
                0x000000000001557c       0x32 /Users/baohan/ErBW_s/Code/Toolchains/xpack-riscv-none-embed-gcc-8.2.0/bin/../lib/gcc/riscv-none-embed/8.2.0/../../../../riscv-none-embed/lib/rv32imafc/ilp32f/libg_nano.a(lib_a-closer.o)
                0x000000000001557c                _close_r
 .text.__sflush_r
                0x00000000000155ae      0x13e /Users/baohan/ErBW_s/Code/Toolchains/xpack-riscv-none-embed-gcc-8.2.0/bin/../lib/gcc/riscv-none-embed/8.2.0/../../../../riscv-none-embed/lib/rv32imafc/ilp32f/libg_nano.a(lib_a-fflush.o)
                0x00000000000155ae                __sflush_r
 .text._fflush_r
                0x00000000000156ec       0x68 /Users/baohan/ErBW_s/Code/Toolchains/xpack-riscv-none-embed-gcc-8.2.0/bin/../lib/gcc/riscv-none-embed/8.2.0/../../../../riscv-none-embed/lib/rv32imafc/ilp32f/libg_nano.a(lib_a-fflush.o)
                0x00000000000156ec                _fflush_r
 .text._lseek_r
                0x0000000000015754       0x34 /Users/baohan/ErBW_s/Code/Toolchains/xpack-riscv-none-embed-gcc-8.2.0/bin/../lib/gcc/riscv-none-embed/8.2.0/../../../../riscv-none-embed/lib/rv32imafc/ilp32f/libg_nano.a(lib_a-lseekr.o)
                0x0000000000015754                _lseek_r
 .text.__swhatbuf_r
                0x0000000000015788       0x58 /Users/baohan/ErBW_s/Code/Toolchains/xpack-riscv-none-embed-gcc-8.2.0/bin/../lib/gcc/riscv-none-embed/8.2.0/../../../../riscv-none-embed/lib/rv32imafc/ilp32f/libg_nano.a(lib_a-makebuf.o)
                0x0000000000015788                __swhatbuf_r
 .text.__smakebuf_r
                0x00000000000157e0       0xa0 /Users/baohan/ErBW_s/Code/Toolchains/xpack-riscv-none-embed-gcc-8.2.0/bin/../lib/gcc/riscv-none-embed/8.2.0/../../../../riscv-none-embed/lib/rv32imafc/ilp32f/libg_nano.a(lib_a-makebuf.o)
                0x00000000000157e0                __smakebuf_r
 .text.__ascii_mbtowc
                0x0000000000015880       0x3a /Users/baohan/ErBW_s/Code/Toolchains/xpack-riscv-none-embed-gcc-8.2.0/bin/../lib/gcc/riscv-none-embed/8.2.0/../../../../riscv-none-embed/lib/rv32imafc/ilp32f/libg_nano.a(lib_a-mbtowc_r.o)
                0x0000000000015880                __ascii_mbtowc
 .text.memmove  0x00000000000158ba       0x4a /Users/baohan/ErBW_s/Code/Toolchains/xpack-riscv-none-embed-gcc-8.2.0/bin/../lib/gcc/riscv-none-embed/8.2.0/../../../../riscv-none-embed/lib/rv32imafc/ilp32f/libg_nano.a(lib_a-memmove.o)
                0x00000000000158ba                memmove
 .text.__malloc_lock
                0x0000000000015904        0x2 /Users/baohan/ErBW_s/Code/Toolchains/xpack-riscv-none-embed-gcc-8.2.0/bin/../lib/gcc/riscv-none-embed/8.2.0/../../../../riscv-none-embed/lib/rv32imafc/ilp32f/libg_nano.a(lib_a-mlock.o)
                0x0000000000015904                __malloc_lock
 .text.__malloc_unlock
                0x0000000000015906        0x2 /Users/baohan/ErBW_s/Code/Toolchains/xpack-riscv-none-embed-gcc-8.2.0/bin/../lib/gcc/riscv-none-embed/8.2.0/../../../../riscv-none-embed/lib/rv32imafc/ilp32f/libg_nano.a(lib_a-mlock.o)
                0x0000000000015906                __malloc_unlock
 .text._realloc_r
                0x0000000000015908       0x58 /Users/baohan/ErBW_s/Code/Toolchains/xpack-riscv-none-embed-gcc-8.2.0/bin/../lib/gcc/riscv-none-embed/8.2.0/../../../../riscv-none-embed/lib/rv32imafc/ilp32f/libg_nano.a(lib_a-nano-reallocr.o)
                0x0000000000015908                _realloc_r
 .text._read_r  0x0000000000015960       0x34 /Users/baohan/ErBW_s/Code/Toolchains/xpack-riscv-none-embed-gcc-8.2.0/bin/../lib/gcc/riscv-none-embed/8.2.0/../../../../riscv-none-embed/lib/rv32imafc/ilp32f/libg_nano.a(lib_a-readr.o)
                0x0000000000015960                _read_r
 .text.__ascii_wctomb
                0x0000000000015994       0x20 /Users/baohan/ErBW_s/Code/Toolchains/xpack-riscv-none-embed-gcc-8.2.0/bin/../lib/gcc/riscv-none-embed/8.2.0/../../../../riscv-none-embed/lib/rv32imafc/ilp32f/libg_nano.a(lib_a-wctomb_r.o)
                0x0000000000015994                __ascii_wctomb
 .text._fstat_r
                0x00000000000159b4       0x32 /Users/baohan/ErBW_s/Code/Toolchains/xpack-riscv-none-embed-gcc-8.2.0/bin/../lib/gcc/riscv-none-embed/8.2.0/../../../../riscv-none-embed/lib/rv32imafc/ilp32f/libg_nano.a(lib_a-fstatr.o)
                0x00000000000159b4                _fstat_r
 .text._isatty_r
                0x00000000000159e6       0x30 /Users/baohan/ErBW_s/Code/Toolchains/xpack-riscv-none-embed-gcc-8.2.0/bin/../lib/gcc/riscv-none-embed/8.2.0/../../../../riscv-none-embed/lib/rv32imafc/ilp32f/libg_nano.a(lib_a-isattyr.o)
                0x00000000000159e6                _isatty_r
 .text._malloc_usable_size_r
                0x0000000000015a16       0x14 /Users/baohan/ErBW_s/Code/Toolchains/xpack-riscv-none-embed-gcc-8.2.0/bin/../lib/gcc/riscv-none-embed/8.2.0/../../../../riscv-none-embed/lib/rv32imafc/ilp32f/libg_nano.a(lib_a-nano-msizer.o)
                0x0000000000015a16                _malloc_usable_size_r
 .text.__trunctfdf2
                0x0000000000015a2a      0x3d0 /Users/baohan/ErBW_s/Code/Toolchains/xpack-riscv-none-embed-gcc-8.2.0/bin/../lib/gcc/riscv-none-embed/8.2.0/rv32imafc/ilp32f/libgcc.a(trunctfdf2.o)
                0x0000000000015a2a                __trunctfdf2
 .text._close   0x0000000000015dfa       0x10 /Users/baohan/ErBW_s/Code/Toolchains/xpack-riscv-none-embed-gcc-8.2.0/bin/../lib/gcc/riscv-none-embed/8.2.0/../../../../riscv-none-embed/lib/rv32imafc/ilp32f/libnosys.a(close.o)
                0x0000000000015dfa                _close
 .text._fstat   0x0000000000015e0a       0x10 /Users/baohan/ErBW_s/Code/Toolchains/xpack-riscv-none-embed-gcc-8.2.0/bin/../lib/gcc/riscv-none-embed/8.2.0/../../../../riscv-none-embed/lib/rv32imafc/ilp32f/libnosys.a(fstat.o)
                0x0000000000015e0a                _fstat
 .text._isatty  0x0000000000015e1a       0x10 /Users/baohan/ErBW_s/Code/Toolchains/xpack-riscv-none-embed-gcc-8.2.0/bin/../lib/gcc/riscv-none-embed/8.2.0/../../../../riscv-none-embed/lib/rv32imafc/ilp32f/libnosys.a(isatty.o)
                0x0000000000015e1a                _isatty
 .text._lseek   0x0000000000015e2a       0x10 /Users/baohan/ErBW_s/Code/Toolchains/xpack-riscv-none-embed-gcc-8.2.0/bin/../lib/gcc/riscv-none-embed/8.2.0/../../../../riscv-none-embed/lib/rv32imafc/ilp32f/libnosys.a(lseek.o)
                0x0000000000015e2a                _lseek
 .text._read    0x0000000000015e3a       0x10 /Users/baohan/ErBW_s/Code/Toolchains/xpack-riscv-none-embed-gcc-8.2.0/bin/../lib/gcc/riscv-none-embed/8.2.0/../../../../riscv-none-embed/lib/rv32imafc/ilp32f/libnosys.a(read.o)
                0x0000000000015e3a                _read
 .text._sbrk    0x0000000000015e4a       0x24 /Users/baohan/ErBW_s/Code/Toolchains/xpack-riscv-none-embed-gcc-8.2.0/bin/../lib/gcc/riscv-none-embed/8.2.0/../../../../riscv-none-embed/lib/rv32imafc/ilp32f/libnosys.a(sbrk.o)
                0x0000000000015e4a                _sbrk
 *(.rodata)
 *fill*         0x0000000000015e6e        0x2 
 .rodata        0x0000000000015e70       0x5d ./zf_driver/zf_driver_flash.o
 *fill*         0x0000000000015ecd        0x3 
 .rodata        0x0000000000015ed0       0x83 ./zf_driver/zf_driver_pit.o
 *fill*         0x0000000000015f53        0x1 
 .rodata        0x0000000000015f54       0x5b ./zf_driver/zf_driver_pwm.o
 *fill*         0x0000000000015faf        0x1 
 .rodata        0x0000000000015fb0       0x5b ./zf_driver/zf_driver_spi.o
 *fill*         0x000000000001600b        0x1 
 .rodata        0x000000000001600c       0x5c ./zf_driver/zf_driver_uart.o
 *fill*         0x0000000000016068        0x0 
 .rodata        0x0000000000016068        0x8 ./zf_device/zf_device_dm1xa.o
 .rodata        0x0000000000016070       0xf0 ./zf_device/zf_device_gps_tau1201.o
 .rodata        0x0000000000016160       0x78 ./zf_common/zf_common_debug.o
 .rodata        0x00000000000161d8       0x5c ./zf_common/zf_common_fifo.o
 *fill*         0x0000000000016234        0x4 
 .rodata        0x0000000000016238       0xa0 ./zf_common/zf_common_function.o
 .rodata        0x00000000000162d8       0x38 ./user_c/isr.o
 .rodata        0x0000000000016310       0x22 ./user_c/main.o
 *fill*         0x0000000000016332        0x2 
 .rodata        0x0000000000016334       0x41 ./sdk/Peripheral/ch32v30x_usbotg_device.o
 *fill*         0x0000000000016375        0x3 
 .rodata        0x0000000000016378       0x18 ./code/ips096.o
 .rodata        0x0000000000016390       0xe0 ./code/easy_ui.o
 .rodata        0x0000000000016470      0x140 ./code/easy_ui_user_app.o
 .rodata        0x00000000000165b0       0x10 ./code/ctrl.o
 *(.rodata*)
 .rodata.pit_init
                0x00000000000165c0       0x28 ./zf_driver/zf_driver_pit.o
 .rodata.pwm_set_duty
                0x00000000000165e8       0x28 ./zf_driver/zf_driver_pwm.o
 .rodata.pwm_init
                0x0000000000016610       0x28 ./zf_driver/zf_driver_pwm.o
 .rodata.spi_index
                0x0000000000016638        0xc ./zf_driver/zf_driver_spi.o
                0x0000000000016638                spi_index
 .rodata.timer_get
                0x0000000000016644       0x28 ./zf_driver/zf_driver_timer.o
 .rodata.timer_clear
                0x000000000001666c       0x28 ./zf_driver/zf_driver_timer.o
 .rodata.uart_index
                0x0000000000016694       0x20 ./zf_driver/zf_driver_uart.o
                0x0000000000016694                uart_index
 .rodata.ascii_font_8x16
                0x00000000000166b4      0x5f0 ./zf_common/zf_common_font.o
                0x00000000000166b4                ascii_font_8x16
 .rodata.ascii_font_6x8
                0x0000000000016ca4      0x228 ./zf_common/zf_common_font.o
                0x0000000000016ca4                ascii_font_6x8
 .rodata.MyDevDescrHD
                0x0000000000016ecc       0x12 ./sdk/Peripheral/ch32v30x_usbotg_device.o
                0x0000000000016ecc                MyDevDescrHD
 *fill*         0x0000000000016ede        0x2 
 .rodata.MyCfgDescrHD
                0x0000000000016ee0       0x43 ./sdk/Peripheral/ch32v30x_usbotg_device.o
                0x0000000000016ee0                MyCfgDescrHD
 *fill*         0x0000000000016f23        0x1 
 .rodata.MyReportDescHD
                0x0000000000016f24       0x14 ./sdk/Peripheral/ch32v30x_usbotg_device.o
                0x0000000000016f24                MyReportDescHD
 .rodata.MyManuInfoHD
                0x0000000000016f38        0xe ./sdk/Peripheral/ch32v30x_usbotg_device.o
                0x0000000000016f38                MyManuInfoHD
 *fill*         0x0000000000016f46        0x2 
 .rodata.MyProdInfoHD
                0x0000000000016f48        0xc ./sdk/Peripheral/ch32v30x_usbotg_device.o
                0x0000000000016f48                MyProdInfoHD
 .rodata.MySerNumInfoHD
                0x0000000000016f54       0x16 ./sdk/Peripheral/ch32v30x_usbotg_device.o
                0x0000000000016f54                MySerNumInfoHD
 *fill*         0x0000000000016f6a        0x2 
 .rodata.MyUSBQUADescHD
                0x0000000000016f6c        0xa ./sdk/Peripheral/ch32v30x_usbotg_device.o
                0x0000000000016f6c                MyUSBQUADescHD
 *fill*         0x0000000000016f76        0x2 
 .rodata.OTG_FS_IRQHandler
                0x0000000000016f78       0xbc ./sdk/Peripheral/ch32v30x_usbotg_device.o
 .rodata.EasyUIAddItem
                0x0000000000017034       0x20 ./code/easy_ui.o
 .rodata.EasyUIDisplayItem
                0x0000000000017054       0x1c ./code/easy_ui.o
 .rodata.EasyUIItemOperationResponse
                0x0000000000017070       0x20 ./code/easy_ui.o
 .rodata.EasyUIEventSaveSettings
                0x0000000000017090       0x1c ./code/easy_ui.o
 .rodata.EasyUIEventResetSettings
                0x00000000000170ac       0x1c ./code/easy_ui.o
 .rodata.EasyUIInit
                0x00000000000170c8       0x1c ./code/easy_ui.o
 .rodata.ErBW_s_2928
                0x00000000000170e4      0x658 ./code/profile_photo_erbws.o
                0x00000000000170e4                ErBW_s_2928
 .rodata.ErBW_s_5856
                0x000000000001773c     0x1960 ./code/profile_photo_erbws.o
                0x000000000001773c                ErBW_s_5856
 .rodata.atanf.cst4
                0x000000000001909c       0x48 /Users/baohan/ErBW_s/Code/Toolchains/xpack-riscv-none-embed-gcc-8.2.0/bin/../lib/gcc/riscv-none-embed/8.2.0/../../../../riscv-none-embed/lib/rv32imafc/ilp32f/libm.a(lib_a-sf_atan.o)
 .rodata.atanhi
                0x00000000000190e4       0x10 /Users/baohan/ErBW_s/Code/Toolchains/xpack-riscv-none-embed-gcc-8.2.0/bin/../lib/gcc/riscv-none-embed/8.2.0/../../../../riscv-none-embed/lib/rv32imafc/ilp32f/libm.a(lib_a-sf_atan.o)
 .rodata.atanlo
                0x00000000000190f4       0x10 /Users/baohan/ErBW_s/Code/Toolchains/xpack-riscv-none-embed-gcc-8.2.0/bin/../lib/gcc/riscv-none-embed/8.2.0/../../../../riscv-none-embed/lib/rv32imafc/ilp32f/libm.a(lib_a-sf_atan.o)
 *fill*         0x0000000000019104        0x4 
 .rodata.pow.cst8
                0x0000000000019108       0x30 /Users/baohan/ErBW_s/Code/Toolchains/xpack-riscv-none-embed-gcc-8.2.0/bin/../lib/gcc/riscv-none-embed/8.2.0/../../../../riscv-none-embed/lib/rv32imafc/ilp32f/libm.a(lib_a-w_pow.o)
 .rodata.pow.str1.4
                0x0000000000019138        0x4 /Users/baohan/ErBW_s/Code/Toolchains/xpack-riscv-none-embed-gcc-8.2.0/bin/../lib/gcc/riscv-none-embed/8.2.0/../../../../riscv-none-embed/lib/rv32imafc/ilp32f/libm.a(lib_a-w_pow.o)
 .rodata.sqrt.str1.4
                0x000000000001913c        0x5 /Users/baohan/ErBW_s/Code/Toolchains/xpack-riscv-none-embed-gcc-8.2.0/bin/../lib/gcc/riscv-none-embed/8.2.0/../../../../riscv-none-embed/lib/rv32imafc/ilp32f/libm.a(lib_a-w_sqrt.o)
 *fill*         0x0000000000019141        0x7 
 .rodata.__ieee754_pow.cst8
                0x0000000000019148      0x100 /Users/baohan/ErBW_s/Code/Toolchains/xpack-riscv-none-embed-gcc-8.2.0/bin/../lib/gcc/riscv-none-embed/8.2.0/../../../../riscv-none-embed/lib/rv32imafc/ilp32f/libm.a(lib_a-e_pow.o)
                                        0x110 (size before relaxing)
 .rodata.__ieee754_pow.str1.4
                0x0000000000019248        0x5 /Users/baohan/ErBW_s/Code/Toolchains/xpack-riscv-none-embed-gcc-8.2.0/bin/../lib/gcc/riscv-none-embed/8.2.0/../../../../riscv-none-embed/lib/rv32imafc/ilp32f/libm.a(lib_a-e_pow.o)
                                          0x1 (size before relaxing)
 .rodata.nan.cst8
                0x0000000000019248        0x8 /Users/baohan/ErBW_s/Code/Toolchains/xpack-riscv-none-embed-gcc-8.2.0/bin/../lib/gcc/riscv-none-embed/8.2.0/../../../../riscv-none-embed/lib/rv32imafc/ilp32f/libm.a(lib_a-s_nan.o)
 .rodata.TWO52  0x0000000000019250       0x10 /Users/baohan/ErBW_s/Code/Toolchains/xpack-riscv-none-embed-gcc-8.2.0/bin/../lib/gcc/riscv-none-embed/8.2.0/../../../../riscv-none-embed/lib/rv32imafc/ilp32f/libm.a(lib_a-s_rint.o)
 .rodata.scalbn.cst8
                0x0000000000019260       0x10 /Users/baohan/ErBW_s/Code/Toolchains/xpack-riscv-none-embed-gcc-8.2.0/bin/../lib/gcc/riscv-none-embed/8.2.0/../../../../riscv-none-embed/lib/rv32imafc/ilp32f/libm.a(lib_a-s_scalbn.o)
                                         0x20 (size before relaxing)
 .rodata.__divdf3
                0x0000000000019270       0x40 /Users/baohan/ErBW_s/Code/Toolchains/xpack-riscv-none-embed-gcc-8.2.0/bin/../lib/gcc/riscv-none-embed/8.2.0/rv32imafc/ilp32f/libgcc.a(divdf3.o)
 .rodata.__muldf3
                0x00000000000192b0       0x40 /Users/baohan/ErBW_s/Code/Toolchains/xpack-riscv-none-embed-gcc-8.2.0/bin/../lib/gcc/riscv-none-embed/8.2.0/rv32imafc/ilp32f/libgcc.a(muldf3.o)
 .rodata.__clz_tab
                0x00000000000192f0      0x100 /Users/baohan/ErBW_s/Code/Toolchains/xpack-riscv-none-embed-gcc-8.2.0/bin/../lib/gcc/riscv-none-embed/8.2.0/rv32imafc/ilp32f/libgcc.a(_clz.o)
                0x00000000000192f0                __clz_tab
 .rodata._printf_float.cst8
                0x00000000000193f0        0x8 /Users/baohan/ErBW_s/Code/Toolchains/xpack-riscv-none-embed-gcc-8.2.0/bin/../lib/gcc/riscv-none-embed/8.2.0/../../../../riscv-none-embed/lib/rv32imafc/ilp32f/libg_nano.a(lib_a-nano-vfprintf_float.o)
 .rodata._printf_float.str1.4
                0x00000000000193f8       0x12 /Users/baohan/ErBW_s/Code/Toolchains/xpack-riscv-none-embed-gcc-8.2.0/bin/../lib/gcc/riscv-none-embed/8.2.0/../../../../riscv-none-embed/lib/rv32imafc/ilp32f/libg_nano.a(lib_a-nano-vfprintf_float.o)
 *fill*         0x000000000001940a        0x2 
 .rodata._printf_i.str1.4
                0x000000000001940c       0x25 /Users/baohan/ErBW_s/Code/Toolchains/xpack-riscv-none-embed-gcc-8.2.0/bin/../lib/gcc/riscv-none-embed/8.2.0/../../../../riscv-none-embed/lib/rv32imafc/ilp32f/libg_nano.a(lib_a-nano-vfprintf_i.o)
 *fill*         0x0000000000019431        0x7 
 .rodata._dtoa_r.cst8
                0x0000000000019438       0x30 /Users/baohan/ErBW_s/Code/Toolchains/xpack-riscv-none-embed-gcc-8.2.0/bin/../lib/gcc/riscv-none-embed/8.2.0/../../../../riscv-none-embed/lib/rv32imafc/ilp32f/libg_nano.a(lib_a-dtoa.o)
                                         0x48 (size before relaxing)
 .rodata._dtoa_r.str1.4
                0x0000000000019468       0x10 /Users/baohan/ErBW_s/Code/Toolchains/xpack-riscv-none-embed-gcc-8.2.0/bin/../lib/gcc/riscv-none-embed/8.2.0/../../../../riscv-none-embed/lib/rv32imafc/ilp32f/libg_nano.a(lib_a-dtoa.o)
                                         0x12 (size before relaxing)
 .rodata.__sf_fake_stderr
                0x0000000000019478       0x20 /Users/baohan/ErBW_s/Code/Toolchains/xpack-riscv-none-embed-gcc-8.2.0/bin/../lib/gcc/riscv-none-embed/8.2.0/../../../../riscv-none-embed/lib/rv32imafc/ilp32f/libg_nano.a(lib_a-findfp.o)
                0x0000000000019478                __sf_fake_stderr
 .rodata.__sf_fake_stdin
                0x0000000000019498       0x20 /Users/baohan/ErBW_s/Code/Toolchains/xpack-riscv-none-embed-gcc-8.2.0/bin/../lib/gcc/riscv-none-embed/8.2.0/../../../../riscv-none-embed/lib/rv32imafc/ilp32f/libg_nano.a(lib_a-findfp.o)
                0x0000000000019498                __sf_fake_stdin
 .rodata.__sf_fake_stdout
                0x00000000000194b8       0x20 /Users/baohan/ErBW_s/Code/Toolchains/xpack-riscv-none-embed-gcc-8.2.0/bin/../lib/gcc/riscv-none-embed/8.2.0/../../../../riscv-none-embed/lib/rv32imafc/ilp32f/libg_nano.a(lib_a-findfp.o)
                0x00000000000194b8                __sf_fake_stdout
 .rodata.__mprec_bigtens
                0x00000000000194d8       0x28 /Users/baohan/ErBW_s/Code/Toolchains/xpack-riscv-none-embed-gcc-8.2.0/bin/../lib/gcc/riscv-none-embed/8.2.0/../../../../riscv-none-embed/lib/rv32imafc/ilp32f/libg_nano.a(lib_a-mprec.o)
                0x00000000000194d8                __mprec_bigtens
 .rodata.__mprec_tens
                0x0000000000019500       0xc8 /Users/baohan/ErBW_s/Code/Toolchains/xpack-riscv-none-embed-gcc-8.2.0/bin/../lib/gcc/riscv-none-embed/8.2.0/../../../../riscv-none-embed/lib/rv32imafc/ilp32f/libg_nano.a(lib_a-mprec.o)
                0x0000000000019500                __mprec_tens
 .rodata.p05.3321
                0x00000000000195c8        0xc /Users/baohan/ErBW_s/Code/Toolchains/xpack-riscv-none-embed-gcc-8.2.0/bin/../lib/gcc/riscv-none-embed/8.2.0/../../../../riscv-none-embed/lib/rv32imafc/ilp32f/libg_nano.a(lib_a-mprec.o)
 .rodata._svfprintf_r.str1.4
                0x00000000000195d4       0x13 /Users/baohan/ErBW_s/Code/Toolchains/xpack-riscv-none-embed-gcc-8.2.0/bin/../lib/gcc/riscv-none-embed/8.2.0/../../../../riscv-none-embed/lib/rv32imafc/ilp32f/libg_nano.a(lib_a-nano-svfprintf.o)
 .rodata._vfprintf_r.str1.4
                0x00000000000195e7       0x13 /Users/baohan/ErBW_s/Code/Toolchains/xpack-riscv-none-embed-gcc-8.2.0/bin/../lib/gcc/riscv-none-embed/8.2.0/../../../../riscv-none-embed/lib/rv32imafc/ilp32f/libg_nano.a(lib_a-nano-vfprintf.o)
 *fill*         0x00000000000195e7        0x1 
 .rodata._setlocale_r.str1.4
                0x00000000000195e8        0xa /Users/baohan/ErBW_s/Code/Toolchains/xpack-riscv-none-embed-gcc-8.2.0/bin/../lib/gcc/riscv-none-embed/8.2.0/../../../../riscv-none-embed/lib/rv32imafc/ilp32f/libg_nano.a(lib_a-locale.o)
                                          0xd (size before relaxing)
 *fill*         0x00000000000195f2        0x2 
 .rodata.str1.4
                0x00000000000195f4        0x4 /Users/baohan/ErBW_s/Code/Toolchains/xpack-riscv-none-embed-gcc-8.2.0/bin/../lib/gcc/riscv-none-embed/8.2.0/../../../../riscv-none-embed/lib/rv32imafc/ilp32f/libg_nano.a(lib_a-locale.o)
                                          0x2 (size before relaxing)
 .rodata._ctype_
                0x00000000000195f8      0x101 /Users/baohan/ErBW_s/Code/Toolchains/xpack-riscv-none-embed-gcc-8.2.0/bin/../lib/gcc/riscv-none-embed/8.2.0/../../../../riscv-none-embed/lib/rv32imafc/ilp32f/libg_nano.a(lib_a-ctype_.o)
                0x00000000000195f8                _ctype_
 *(.glue_7)
 *(.glue_7t)
 *(.gnu.linkonce.t.*)
                0x00000000000196fc                . = ALIGN (0x4)
 *fill*         0x00000000000196f9        0x3 

.rela.dyn       0x00000000000196fc        0x0
 .rela.init     0x00000000000196fc        0x0 ./zf_driver/zf_driver_delay.o
 .rela.vector   0x00000000000196fc        0x0 ./zf_driver/zf_driver_delay.o
 .rela.text.handle_reset
                0x00000000000196fc        0x0 ./zf_driver/zf_driver_delay.o
 .rela.text._svfprintf_r
                0x00000000000196fc        0x0 ./zf_driver/zf_driver_delay.o
 .rela.text._vfprintf_r
                0x00000000000196fc        0x0 ./zf_driver/zf_driver_delay.o
 .rela.text._sbrk_r
                0x00000000000196fc        0x0 ./zf_driver/zf_driver_delay.o
 .rela.text._write_r
                0x00000000000196fc        0x0 ./zf_driver/zf_driver_delay.o
 .rela.text._close_r
                0x00000000000196fc        0x0 ./zf_driver/zf_driver_delay.o
 .rela.text._lseek_r
                0x00000000000196fc        0x0 ./zf_driver/zf_driver_delay.o
 .rela.text._read_r
                0x00000000000196fc        0x0 ./zf_driver/zf_driver_delay.o
 .rela.text._fstat_r
                0x00000000000196fc        0x0 ./zf_driver/zf_driver_delay.o
 .rela.text._isatty_r
                0x00000000000196fc        0x0 ./zf_driver/zf_driver_delay.o
 .rela.text._close
                0x00000000000196fc        0x0 ./zf_driver/zf_driver_delay.o
 .rela.text._fstat
                0x00000000000196fc        0x0 ./zf_driver/zf_driver_delay.o
 .rela.text._isatty
                0x00000000000196fc        0x0 ./zf_driver/zf_driver_delay.o
 .rela.text._lseek
                0x00000000000196fc        0x0 ./zf_driver/zf_driver_delay.o
 .rela.text._read
                0x00000000000196fc        0x0 ./zf_driver/zf_driver_delay.o
 .rela.text._sbrk
                0x00000000000196fc        0x0 ./zf_driver/zf_driver_delay.o

.fini           0x00000000000196fc        0x0
 *(SORT_NONE(.fini))
                0x00000000000196fc                . = ALIGN (0x4)
                [!provide]                        PROVIDE (_etext = .)
                [!provide]                        PROVIDE (_eitcm = .)

.preinit_array  0x00000000000196fc        0x0
                [!provide]                        PROVIDE (__preinit_array_start = .)
 *(.preinit_array)
                [!provide]                        PROVIDE (__preinit_array_end = .)

.init_array     0x00000000000196fc        0x0
                [!provide]                        PROVIDE (__init_array_start = .)
 *(SORT_BY_INIT_PRIORITY(.init_array.*) SORT_BY_INIT_PRIORITY(.ctors.*))
 *(.init_array EXCLUDE_FILE(*crtend?.o *crtend.o *crtbegin?.o *crtbegin.o) .ctors)
                [!provide]                        PROVIDE (__init_array_end = .)

.fini_array     0x00000000000196fc        0x0
                [!provide]                        PROVIDE (__fini_array_start = .)
 *(SORT_BY_INIT_PRIORITY(.fini_array.*) SORT_BY_INIT_PRIORITY(.dtors.*))
 *(.fini_array EXCLUDE_FILE(*crtend?.o *crtend.o *crtbegin?.o *crtbegin.o) .dtors)
                [!provide]                        PROVIDE (__fini_array_end = .)

.ctors
 *crtbegin.o(.ctors)
 *crtbegin?.o(.ctors)
 *(EXCLUDE_FILE(*crtend?.o *crtend.o) .ctors)
 *(SORT_BY_NAME(.ctors.*))
 *(.ctors)

.dtors
 *crtbegin.o(.dtors)
 *crtbegin?.o(.dtors)
 *(EXCLUDE_FILE(*crtend?.o *crtend.o) .dtors)
 *(SORT_BY_NAME(.dtors.*))
 *(.dtors)

.dalign         0x0000000020000000        0x0 load address 0x00000000000196fc
                0x0000000020000000                . = ALIGN (0x4)
                0x0000000020000000                PROVIDE (_data_vma = .)

.dlalign        0x00000000000196fc        0x0
                0x00000000000196fc                . = ALIGN (0x4)
                0x00000000000196fc                PROVIDE (_data_lma = .)

.data           0x0000000020000000      0x310 load address 0x00000000000196fc
 *(.gnu.linkonce.r.*)
 *(.data .data.*)
 .data.gpio_group
                0x0000000020000000       0x14 ./zf_driver/zf_driver_gpio.o
                0x0000000020000000                gpio_group
 .data.APBAHBPrescTable
                0x0000000020000014       0x10 ./sdk/Peripheral/ch32v30x_rcc.o
 .data.TAB_USB_FS_OSC_DESC
                0x0000000020000024       0x43 ./sdk/Peripheral/ch32v30x_usbotg_device.o
                0x0000000020000024                TAB_USB_FS_OSC_DESC
 *fill*         0x0000000020000067        0x1 
 .data.squarePoint
                0x0000000020000068       0x30 ./code/ctrl.o
                0x0000000020000068                squarePoint
 .data.teachCorner
                0x0000000020000098       0x30 ./code/ctrl.o
                0x0000000020000098                teachCorner
 .data.impure_data
                0x00000000200000c8       0x60 /Users/baohan/ErBW_s/Code/Toolchains/xpack-riscv-none-embed-gcc-8.2.0/bin/../lib/gcc/riscv-none-embed/8.2.0/../../../../riscv-none-embed/lib/rv32imafc/ilp32f/libg_nano.a(lib_a-impure.o)
 .data.__global_locale
                0x0000000020000128      0x16c /Users/baohan/ErBW_s/Code/Toolchains/xpack-riscv-none-embed-gcc-8.2.0/bin/../lib/gcc/riscv-none-embed/8.2.0/../../../../riscv-none-embed/lib/rv32imafc/ilp32f/libg_nano.a(lib_a-locale.o)
                0x0000000020000128                __global_locale
 *(.gnu.linkonce.d.*)
                0x0000000020000298                . = ALIGN (0x8)
 *fill*         0x0000000020000294        0x4 
                0x0000000020000a98                PROVIDE (__global_pointer$ = (. + 0x800))
 *(.sdata .sdata.*)
 .sdata.gFlashStatus.4463
                0x0000000020000298        0x4 ./zf_driver/zf_driver_flash.o
 .sdata.gFlashStatus.4503
                0x000000002000029c        0x4 ./zf_driver/zf_driver_flash.o
 .sdata.dm1xa_distance_mm
                0x00000000200002a0        0x2 ./zf_device/zf_device_dm1xa.o
 *fill*         0x00000000200002a2        0x2 
 .sdata.camera_uart_handler
                0x00000000200002a4        0x4 ./zf_device/zf_device_type.o
                0x00000000200002a4                camera_uart_handler
 .sdata.camera_dvp_handler
                0x00000000200002a8        0x4 ./zf_device/zf_device_type.o
                0x00000000200002a8                camera_dvp_handler
 .sdata.system_clock
                0x00000000200002ac        0x4 ./zf_common/zf_common_clock.o