Archive member included to satisfy reference by file (symbol)

e:/mounriver/mounriver_studio/toolchain/risc-v embedded gcc/bin/../lib/gcc/riscv-none-embed/8.2.0/../../../../riscv-none-embed/lib/rv32imafc/ilp32f\libm.a(lib_a-s_cos.o)
                              ./zf_device/zf_device_gps_tau1201.o (cos)
e:/mounriver/mounriver_studio/toolchain/risc-v embedded gcc/bin/../lib/gcc/riscv-none-embed/8.2.0/../../../../riscv-none-embed/lib/rv32imafc/ilp32f\libm.a(lib_a-s_sin.o)
                              ./zf_device/zf_device_gps_tau1201.o (sin)
e:/mounriver/mounriver_studio/toolchain/risc-v embedded gcc/bin/../lib/gcc/riscv-none-embed/8.2.0/../../../../riscv-none-embed/lib/rv32imafc/ilp32f\libm.a(lib_a-sf_atan.o)
                              ./code/cursor.o (atanf)
e:/mounriver/mounriver_studio/toolchain/risc-v embedded gcc/bin/../lib/gcc/riscv-none-embed/8.2.0/../../../../riscv-none-embed/lib/rv32imafc/ilp32f\libm.a(lib_a-sf_fabs.o)
                              e:/mounriver/mounriver_studio/toolchain/risc-v embedded gcc/bin/../lib/gcc/riscv-none-embed/8.2.0/../../../../riscv-none-embed/lib/rv32imafc/ilp32f\libm.a(lib_a-sf_atan.o) (fabsf)
e:/mounriver/mounriver_studio/toolchain/risc-v embedded gcc/bin/../lib/gcc/riscv-none-embed/8.2.0/../../../../riscv-none-embed/lib/rv32imafc/ilp32f\libm.a(lib_a-sf_tan.o)
                              ./code/cursor.o (tanf)
e:/mounriver/mounriver_studio/toolchain/risc-v embedded gcc/bin/../lib/gcc/riscv-none-embed/8.2.0/../../../../riscv-none-embed/lib/rv32imafc/ilp32f\libm.a(lib_a-w_asin.o)
                              ./zf_device/zf_device_gps_tau1201.o (asin)
e:/mounriver/mounriver_studio/toolchain/risc-v embedded gcc/bin/../lib/gcc/riscv-none-embed/8.2.0/../../../../riscv-none-embed/lib/rv32imafc/ilp32f\libm.a(lib_a-w_atan2.o)
                              ./zf_device/zf_device_gps_tau1201.o (atan2)
e:/mounriver/mounriver_studio/toolchain/risc-v embedded gcc/bin/../lib/gcc/riscv-none-embed/8.2.0/../../../../riscv-none-embed/lib/rv32imafc/ilp32f\libm.a(lib_a-w_pow.o)
                              ./zf_device/zf_device_gps_tau1201.o (pow)
e:/mounriver/mounriver_studio/toolchain/risc-v embedded gcc/bin/../lib/gcc/riscv-none-embed/8.2.0/../../../../riscv-none-embed/lib/rv32imafc/ilp32f\libm.a(lib_a-w_sqrt.o)
                              ./zf_device/zf_device_gps_tau1201.o (sqrt)
e:/mounriver/mounriver_studio/toolchain/risc-v embedded gcc/bin/../lib/gcc/riscv-none-embed/8.2.0/../../../../riscv-none-embed/lib/rv32imafc/ilp32f\libm.a(lib_a-e_asin.o)
                              e:/mounriver/mounriver_studio/toolchain/risc-v embedded gcc/bin/../lib/gcc/riscv-none-embed/8.2.0/../../../../riscv-none-embed/lib/rv32imafc/ilp32f\libm.a(lib_a-w_asin.o) (__ieee754_asin)
e:/mounriver/mounriver_studio/toolchain/risc-v embedded gcc/bin/../lib/gcc/riscv-none-embed/8.2.0/../../../../riscv-none-embed/lib/rv32imafc/ilp32f\libm.a(lib_a-e_atan2.o)
                              e:/mounriver/mounriver_studio/toolchain/risc-v embedded gcc/bin/../lib/gcc/riscv-none-embed/8.2.0/../../../../riscv-none-embed/lib/rv32imafc/ilp32f\libm.a(lib_a-w_atan2.o) (__ieee754_atan2)
e:/mounriver/mounriver_studio/toolchain/risc-v embedded gcc/bin/../lib/gcc/riscv-none-embed/8.2.0/../../../../riscv-none-embed/lib/rv32imafc/ilp32f\libm.a(lib_a-e_pow.o)
                              e:/mounriver/mounriver_studio/toolchain/risc-v embedded gcc/bin/../lib/gcc/riscv-none-embed/8.2.0/../../../../riscv-none-embed/lib/rv32imafc/ilp32f\libm.a(lib_a-w_pow.o) (__ieee754_pow)
e:/mounriver/mounriver_studio/toolchain/risc-v embedded gcc/bin/../lib/gcc/riscv-none-embed/8.2.0/../../../../riscv-none-embed/lib/rv32imafc/ilp32f\libm.a(lib_a-e_rem_pio2.o)
                              e:/mounriver/mounriver_studio/toolchain/risc-v embedded gcc/bin/../lib/gcc/riscv-none-embed/8.2.0/../../../../riscv-none-embed/lib/rv32imafc/ilp32f\libm.a(lib_a-s_cos.o) (__ieee754_rem_pio2)
e:/mounriver/mounriver_studio/toolchain/risc-v embedded gcc/bin/../lib/gcc/riscv-none-embed/8.2.0/../../../../riscv-none-embed/lib/rv32imafc/ilp32f\libm.a(lib_a-e_sqrt.o)
                              e:/mounriver/mounriver_studio/toolchain/risc-v embedded gcc/bin/../lib/gcc/riscv-none-embed/8.2.0/../../../../riscv-none-embed/lib/rv32imafc/ilp32f\libm.a(lib_a-w_sqrt.o) (__ieee754_sqrt)
e:/mounriver/mounriver_studio/toolchain/risc-v embedded gcc/bin/../lib/gcc/riscv-none-embed/8.2.0/../../../../riscv-none-embed/lib/rv32imafc/ilp32f\libm.a(lib_a-ef_rem_pio2.o)
                              e:/mounriver/mounriver_studio/toolchain/risc-v embedded gcc/bin/../lib/gcc/riscv-none-embed/8.2.0/../../../../riscv-none-embed/lib/rv32imafc/ilp32f\libm.a(lib_a-sf_tan.o) (__ieee754_rem_pio2f)
e:/mounriver/mounriver_studio/toolchain/risc-v embedded gcc/bin/../lib/gcc/riscv-none-embed/8.2.0/../../../../riscv-none-embed/lib/rv32imafc/ilp32f\libm.a(lib_a-k_cos.o)
[...]
Memory Configuration

Name             Origin             Length             Attributes
RAM              0x0000000020000040 0x000000000000fc00 xrw
FLASH            0x0000000000000000 0x0000000000040000 xr
*default*        0x0000000000000000 0xffffffffffffffff

Linker script and memory map

LOAD ./zf_driver/zf_driver_adc.o
LOAD ./zf_driver/zf_driver_delay.o
LOAD ./zf_driver/zf_driver_dvp.o
LOAD ./zf_driver/zf_driver_encoder.o
LOAD ./zf_driver/zf_driver_exti.o
LOAD ./zf_driver/zf_driver_flash.o
LOAD ./zf_driver/zf_driver_gpio.o
LOAD ./zf_driver/zf_driver_iic.o
LOAD ./zf_driver/zf_driver_pit.o
LOAD ./zf_driver/zf_driver_pwm.o
LOAD ./zf_driver/zf_driver_soft_iic.o
LOAD ./zf_driver/zf_driver_soft_spi.o
LOAD ./zf_driver/zf_driver_spi.o
LOAD ./zf_driver/zf_driver_timer.o
LOAD ./zf_driver/zf_driver_uart.o
LOAD ./zf_driver/zf_driver_usb_cdc.o
LOAD ./zf_device/zf_device_absolute_encoder.o
LOAD ./zf_device/zf_device_aht20.o
LOAD ./zf_device/zf_device_bluetooth_ch9141.o
LOAD ./zf_device/zf_device_camera.o
LOAD ./zf_device/zf_device_detector.o
LOAD ./zf_device/zf_device_dl1a.o
LOAD ./zf_device/zf_device_dl1b.o
LOAD ./zf_device/zf_device_dm1xa.o
LOAD ./zf_device/zf_device_gps_tau1201.o
LOAD ./zf_device/zf_device_icm20602.o
LOAD ./zf_device/zf_device_imu660ra.o
LOAD ./zf_device/zf_device_imu963ra.o
LOAD ./zf_device/zf_device_ips114.o
LOAD ./zf_device/zf_device_ips200.o
LOAD ./zf_device/zf_device_k24c02.o
LOAD ./zf_device/zf_device_key.o
LOAD ./zf_device/zf_device_mpu6050.o
LOAD ./zf_device/zf_device_mt9v03x_dvp.o
LOAD ./zf_device/zf_device_oled.o
LOAD ./zf_device/zf_device_scc8660_dvp.o
LOAD ./zf_device/zf_device_tft180.o
LOAD ./zf_device/zf_device_type.o
LOAD ./zf_device/zf_device_virtual_oscilloscope.o
LOAD ./zf_device/zf_device_w25q32.o
LOAD ./zf_device/zf_device_wifi_spi.o
LOAD ./zf_device/zf_device_wifi_uart.o
LOAD ./zf_device/zf_device_wireless_ch573.o
LOAD ./zf_device/zf_device_wireless_uart.o
LOAD ./zf_common/zf_common_clock.o
LOAD ./zf_common/zf_common_debug.o
LOAD ./zf_common/zf_common_fifo.o
LOAD ./zf_common/zf_common_font.o
LOAD ./zf_common/zf_common_function.o
LOAD ./zf_common/zf_common_interrupt.o
LOAD ./user_c/isr.o
LOAD ./user_c/main.o
LOAD ./sdk/Startup/startup_ch32v30x_D8C.o
LOAD ./sdk/Peripheral/ch32v30x_adc.o
LOAD ./sdk/Peripheral/ch32v30x_bkp.o
LOAD ./sdk/Peripheral/ch32v30x_can.o
LOAD ./sdk/Peripheral/ch32v30x_crc.o
LOAD ./sdk/Peripheral/ch32v30x_dac.o
LOAD ./sdk/Peripheral/ch32v30x_dbgmcu.o
LOAD ./sdk/Peripheral/ch32v30x_dma.o
LOAD ./sdk/Peripheral/ch32v30x_dvp.o
LOAD ./sdk/Peripheral/ch32v30x_eth.o
LOAD ./sdk/Peripheral/ch32v30x_exti.o
LOAD ./sdk/Peripheral/ch32v30x_flash.o
LOAD ./sdk/Peripheral/ch32v30x_fsmc.o
LOAD ./sdk/Peripheral/ch32v30x_gpio.o
LOAD ./sdk/Peripheral/ch32v30x_i2c.o
LOAD ./sdk/Peripheral/ch32v30x_iwdg.o
LOAD ./sdk/Peripheral/ch32v30x_opa.o
LOAD ./sdk/Peripheral/ch32v30x_pwr.o
LOAD ./sdk/Peripheral/ch32v30x_rcc.o
LOAD ./sdk/Peripheral/ch32v30x_rng.o
LOAD ./sdk/Peripheral/ch32v30x_rtc.o
LOAD ./sdk/Peripheral/ch32v30x_sdio.o
LOAD ./sdk/Peripheral/ch32v30x_spi.o
LOAD ./sdk/Peripheral/ch32v30x_tim.o
LOAD ./sdk/Peripheral/ch32v30x_usart.o
LOAD ./sdk/Peripheral/ch32v30x_usbotg_device.o
LOAD ./sdk/Peripheral/ch32v30x_wwdg.o
LOAD ./sdk/Core/core_riscv.o
LOAD ./code/buzzer.o
LOAD ./code/ctrl.o
LOAD ./code/cursor.o
LOAD ./code/moto.o
LOAD ./code/pid.o
LOAD ./code/upacker.o
LOAD e:/mounriver/mounriver_studio/toolchain/risc-v embedded gcc/bin/../lib/gcc/riscv-none-embed/8.2.0/../../../../riscv-none-embed/lib/rv32imafc/ilp32f\libm.a
LOAD F:\TICup\Firmware\2023NUEDC\Ccode\green_firm\libraries\zf_device\libzf_device_config.a
LOAD e:/mounriver/mounriver_studio/toolchain/risc-v embedded gcc/bin/../lib/gcc/riscv-none-embed/8.2.0/rv32imafc/ilp32f\libgcc.a
LOAD e:/mounriver/mounriver_studio/toolchain/risc-v embedded gcc/bin/../lib/gcc/riscv-none-embed/8.2.0/../../../../riscv-none-embed/lib/rv32imafc/ilp32f\libg_nano.a
LOAD e:/mounriver/mounriver_studio/toolchain/risc-v embedded gcc/bin/../lib/gcc/riscv-none-embed/8.2.0/../../../../riscv-none-embed/lib/rv32imafc/ilp32f\libc_nano.a
LOAD e:/mounriver/mounriver_studio/toolchain/risc-v embedded gcc/bin/../lib/gcc/riscv-none-embed/8.2.0/rv32imafc/ilp32f\libgcc.a
START GROUP
LOAD e:/mounriver/mounriver_studio/toolchain/risc-v embedded gcc/bin/../lib/gcc/riscv-none-embed/8.2.0/rv32imafc/ilp32f\libgcc.a
LOAD e:/mounriver/mounriver_studio/toolchain/risc-v embedded gcc/bin/../lib/gcc/riscv-none-embed/8.2.0/../../../../riscv-none-embed/lib/rv32imafc/ilp32f\libc_nano.a
LOAD e:/mounriver/mounriver_studio/toolchain/risc-v embedded gcc/bin/../lib/gcc/riscv-none-embed/8.2.0/../../../../riscv-none-embed/lib/rv32imafc/ilp32f\libnosys.a
END GROUP
START GROUP
LOAD e:/mounriver/mounriver_studio/toolchain/risc-v embedded gcc/bin/../lib/gcc/riscv-none-embed/8.2.0/rv32imafc/ilp32f\libgcc.a
LOAD e:/mounriver/mounriver_studio/toolchain/risc-v embedded gcc/bin/../lib/gcc/riscv-none-embed/8.2.0/../../../../riscv-none-embed/lib/rv32imafc/ilp32f\libc_nano.a
LOAD e:/mounriver/mounriver_studio/toolchain/risc-v embedded gcc/bin/../lib/gcc/riscv-none-embed/8.2.0/../../../../riscv-none-embed/lib/rv32imafc/ilp32f\libnosys.a
END GROUP
                0x0000000000000800                __stack_size = 0x800
                [!provide]                        PROVIDE (_stack_size = __stack_size)

.init           0x0000000000000000       0x38
                0x0000000000000000                _sinit = .
                0x0000000000000000                . = ALIGN (0x4)
 *(SORT_NONE(.init))
 .init          0x0000000000000000       0x38 ./sdk/Startup/startup_ch32v30x_D8C.o
                0x0000000000000000                _start
                0x0000000000000038                . = ALIGN (0x4)
                0x0000000000000038                _einit = .

.vector         0x0000000000000038      0x1c8
 *(.vector)
 .vector        0x0000000000000038      0x1a0 ./sdk/Startup/startup_ch32v30x_D8C.o
                0x0000000000000200                . = ALIGN (0x40)
 *fill*         0x00000000000001d8       0x28 

.text           0x0000000000000200     0xff64
                0x0000000000000200                . = ALIGN (0x4)
 *(.text)
 .text          0x0000000000000200       0xa8 e:/mounriver/mounriver_studio/toolchain/risc-v embedded gcc/bin/../lib/gcc/riscv-none-embed/8.2.0/../../../../riscv-none-embed/lib/rv32imafc/ilp32f\libg_nano.a(lib_a-memset.o)
                0x0000000000000200                memset
 *(.text.*)
 .text.system_delay_ms
                0x00000000000002a8       0xa2 ./zf_driver/zf_driver_delay.o
                0x00000000000002a8                system_delay_ms
 .text.gpio_set_level
                0x000000000000034a       0x78 ./zf_driver/zf_driver_gpio.o
                0x000000000000034a                gpio_set_level
 .text.gpio_get_level
                0x00000000000003c2       0x42 ./zf_driver/zf_driver_gpio.o
                0x00000000000003c2                gpio_get_level
 .text.gpio_init
                0x0000000000000404      0x15c ./zf_driver/zf_driver_gpio.o
                0x0000000000000404                gpio_init
 .text.pit_init
                0x0000000000000560      0x218 ./zf_driver/zf_driver_pit.o
                0x0000000000000560                pit_init
 .text.pwm_set_duty
                0x0000000000000778      0x166 ./zf_driver/zf_driver_pwm.o
                0x0000000000000778                pwm_set_duty
 .text.pwm_init
                0x00000000000008de      0x412 ./zf_driver/zf_driver_pwm.o
                0x00000000000008de                pwm_init
 .text.timer_funciton_check
                0x0000000000000cf0       0x66 ./zf_driver/zf_driver_timer.o
                0x0000000000000cf0                timer_funciton_check
 .text.timer_clock_enable
                0x0000000000000d56       0xe2 ./zf_driver/zf_driver_timer.o
                0x0000000000000d56                timer_clock_enable
 .text.timer_get
                0x0000000000000e38       0xfe ./zf_driver/zf_driver_timer.o
                0x0000000000000e38                timer_get
 .text.timer_clear
                0x0000000000000f36       0xc4 ./zf_driver/zf_driver_timer.o
                0x0000000000000f36                timer_clear
 .text.uart_write_byte
                0x0000000000000ffa       0x56 ./zf_driver/zf_driver_uart.o
                0x0000000000000ffa                uart_write_byte
 .text.uart_write_buffer
                0x0000000000001050       0x64 ./zf_driver/zf_driver_uart.o
                0x0000000000001050                uart_write_buffer
 .text.uart_write_string
                0x00000000000010b4       0x60 ./zf_driver/zf_driver_uart.o
                0x00000000000010b4                uart_write_string
 .text.uart_rx_interrupt
                0x0000000000001114       0x84 ./zf_driver/zf_driver_uart.o
                0x0000000000001114                uart_rx_interrupt
 .text.uart_query_byte
                0x0000000000001198       0x5e ./zf_driver/zf_driver_uart.o
                0x0000000000001198                uart_query_byte
 .text.uart_init
                0x00000000000011f6      0x5aa ./zf_driver/zf_driver_uart.o
                0x00000000000011f6                uart_init
 .text.dm1xa_sound_callback
                0x00000000000017a0       0xf6 ./zf_device/zf_device_dm1xa.o
                0x00000000000017a0                dm1xa_sound_callback
 .text.dm1xa_light_callback
                0x0000000000001896       0x32 ./zf_device/zf_device_dm1xa.o
                0x0000000000001896                dm1xa_light_callback
 .text.gps_uart_callback
                0x00000000000018c8      0x10e ./zf_device/zf_device_gps_tau1201.o
                0x00000000000018c8                gps_uart_callback
 .text.type_default_callback
                0x00000000000019d6        0xe ./zf_device/zf_device_type.o
 .text.clock_reset
                0x00000000000019e4       0x76 ./zf_common/zf_common_clock.o
                0x00000000000019e4                clock_reset
 .text.clock_set_freq
                0x0000000000001a5a      0x1de ./zf_common/zf_common_clock.o
                0x0000000000001a5a                clock_set_freq
 .text.clock_init
                0x0000000000001c38       0x2a ./zf_common/zf_common_clock.o
                0x0000000000001c38                clock_init
 .text.__NOP    0x0000000000001c62       0x10 ./zf_common/zf_common_debug.o
 .text.debug_delay
                0x0000000000001c72       0x52 ./zf_common/zf_common_debug.o
 .text.debug_protective_handler
                0x0000000000001cc4        0xe ./zf_common/zf_common_debug.o
 .text.debug_uart_str_output
                0x0000000000001cd2       0x20 ./zf_common/zf_common_debug.o
 .text.debug_output
                0x0000000000001cf2      0x52c ./zf_common/zf_common_debug.o
 .text.debug_interrupr_handler
                0x000000000000221e       0x32 ./zf_common/zf_common_debug.o
                0x000000000000221e                debug_interrupr_handler
 .text._write   0x0000000000002250       0x7c ./zf_common/zf_common_debug.o
                0x0000000000002250                _write
 .text.debug_assert_handler
                0x00000000000022cc       0x68 ./zf_common/zf_common_debug.o
                0x00000000000022cc                debug_assert_handler
 .text.debug_output_struct_init
                0x0000000000002334       0x5a ./zf_common/zf_common_debug.o
                0x0000000000002334                debug_output_struct_init
 .text.debug_output_init
                0x000000000000238e       0x88 ./zf_common/zf_common_debug.o
                0x000000000000238e                debug_output_init
 .text.debug_init
                0x0000000000002416       0x60 ./zf_common/zf_common_debug.o
                0x0000000000002416                debug_init
 .text.fifo_head_offset
                0x0000000000002476       0x4e ./zf_common/zf_common_fifo.o
 .text.fifo_end_offset
                0x00000000000024c4       0x4e ./zf_common/zf_common_fifo.o
 .text.fifo_clear
                0x0000000000002512       0xfe ./zf_common/zf_common_fifo.o
                0x0000000000002512                fifo_clear
 .text.fifo_used
                0x0000000000002610       0x42 ./zf_common/zf_common_fifo.o
                0x0000000000002610                fifo_used
 .text.fifo_write_buffer
                0x0000000000002652      0x2f4 ./zf_common/zf_common_fifo.o
                0x0000000000002652                fifo_write_buffer
 .text.fifo_read_buffer
                0x0000000000002946      0x2de ./zf_common/zf_common_fifo.o
                0x0000000000002946                fifo_read_buffer
 .text.fifo_init
                0x0000000000002c24       0x96 ./zf_common/zf_common_fifo.o
                0x0000000000002c24                fifo_init
 .text.__enable_irq
                0x0000000000002cba       0x18 ./zf_common/zf_common_interrupt.o
 .text.__disable_irq
                0x0000000000002cd2       0x14 ./zf_common/zf_common_interrupt.o
 .text.NVIC_EnableIRQ
                0x0000000000002ce6       0x32 ./zf_common/zf_common_interrupt.o
 .text.NVIC_DisableIRQ
                0x0000000000002d18       0x32 ./zf_common/zf_common_interrupt.o
 .text.NVIC_SetPriority
                0x0000000000002d4a       0x2a ./zf_common/zf_common_interrupt.o
 .text.interrupt_enable
                0x0000000000002d74       0x1c ./zf_common/zf_common_interrupt.o
                0x0000000000002d74                interrupt_enable
 .text.interrupt_disable
                0x0000000000002d90       0x1c ./zf_common/zf_common_interrupt.o
                0x0000000000002d90                interrupt_disable
 .text.interrupt_set_priority
                0x0000000000002dac       0x28 ./zf_common/zf_common_interrupt.o
                0x0000000000002dac                interrupt_set_priority
 .text.interrupt_global_enable
                0x0000000000002dd4       0x30 ./zf_common/zf_common_interrupt.o
                0x0000000000002dd4                interrupt_global_enable
 .text.interrupt_global_disable
                0x0000000000002e04       0x2a ./zf_common/zf_common_interrupt.o
                0x0000000000002e04                interrupt_global_disable
 .text.interrupt_init
                0x0000000000002e2e       0x16 ./zf_common/zf_common_interrupt.o
                0x0000000000002e2e                interrupt_init
 .text.USART1_IRQHandler
                0x0000000000002e44       0xc4 ./user_c/isr.o
                0x0000000000002e44                USART1_IRQHandler
 .text.USART2_IRQHandler
                0x0000000000002f08       0xc4 ./user_c/isr.o
                0x0000000000002f08                USART2_IRQHandler
 .text.USART3_IRQHandler
                0x0000000000002fcc       0xc8 ./user_c/isr.o
                0x0000000000002fcc                USART3_IRQHandler
 .text.UART4_IRQHandler
                0x0000000000003094       0xc4 ./user_c/isr.o
                0x0000000000003094                UART4_IRQHandler
 .text.UART5_IRQHandler
                0x0000000000003158       0xbc ./user_c/isr.o
                0x0000000000003158                UART5_IRQHandler
 .text.UART6_IRQHandler
                0x0000000000003214       0xc4 ./user_c/isr.o
                0x0000000000003214                UART6_IRQHandler
 .text.UART7_IRQHandler
                0x00000000000032d8      0x1b0 ./user_c/isr.o
                0x00000000000032d8                UART7_IRQHandler
 .text.UART8_IRQHandler
                0x0000000000003488       0xc0 ./user_c/isr.o
                0x0000000000003488                UART8_IRQHandler
 .text.DVP_IRQHandler
                0x0000000000003548       0xd4 ./user_c/isr.o
                0x0000000000003548                DVP_IRQHandler
 .text.EXTI0_IRQHandler
                0x000000000000361c       0xb4 ./user_c/isr.o
                0x000000000000361c                EXTI0_IRQHandler
 .text.EXTI1_IRQHandler
                0x00000000000036d0       0xb4 ./user_c/isr.o
                0x00000000000036d0                EXTI1_IRQHandler
 .text.EXTI2_IRQHandler
                0x0000000000003784       0xb4 ./user_c/isr.o
                0x0000000000003784                EXTI2_IRQHandler
 .text.EXTI3_IRQHandler
                0x0000000000003838       0xb4 ./user_c/isr.o
                0x0000000000003838                EXTI3_IRQHandler
 .text.EXTI4_IRQHandler
                0x00000000000038ec       0xb4 ./user_c/isr.o
                0x00000000000038ec                EXTI4_IRQHandler
 .text.EXTI9_5_IRQHandler
                0x00000000000039a0      0x118 ./user_c/isr.o
                0x00000000000039a0                EXTI9_5_IRQHandler
 .text.EXTI15_10_IRQHandler
                0x0000000000003ab8      0x132 ./user_c/isr.o
                0x0000000000003ab8                EXTI15_10_IRQHandler
 .text.TIM1_UP_IRQHandler
                0x0000000000003bea       0xcc ./user_c/isr.o
                0x0000000000003bea                TIM1_UP_IRQHandler
 .text.TIM2_IRQHandler
                0x0000000000003cb6       0xb8 ./user_c/isr.o
                0x0000000000003cb6                TIM2_IRQHandler
 .text.TIM3_IRQHandler
                0x0000000000003d6e       0xc4 ./user_c/isr.o
                0x0000000000003d6e                TIM3_IRQHandler
 .text.TIM4_IRQHandler
                0x0000000000003e32       0xc0 ./user_c/isr.o
                0x0000000000003e32                TIM4_IRQHandler
 .text.TIM5_IRQHandler
                0x0000000000003ef2       0xc0 ./user_c/isr.o
                0x0000000000003ef2                TIM5_IRQHandler
 .text.TIM6_IRQHandler
                0x0000000000003fb2       0xb8 ./user_c/isr.o
                0x0000000000003fb2                TIM6_IRQHandler
 .text.TIM7_IRQHandler
                0x000000000000406a       0xc0 ./user_c/isr.o
                0x000000000000406a                TIM7_IRQHandler
 .text.TIM8_UP_IRQHandler
                0x000000000000412a       0xc0 ./user_c/isr.o
                0x000000000000412a                TIM8_UP_IRQHandler
 .text.TIM9_UP_IRQHandler
                0x00000000000041ea       0xc0 ./user_c/isr.o
                0x00000000000041ea                TIM9_UP_IRQHandler
 .text.TIM10_UP_IRQHandler
                0x00000000000042aa       0xb8 ./user_c/isr.o
                0x00000000000042aa                TIM10_UP_IRQHandler
 .text.NMI_Handler
                0x0000000000004362       0x10 ./user_c/isr.o
                0x0000000000004362                NMI_Handler
 .text.HardFault_Handler
                0x0000000000004372        0x8 ./user_c/isr.o
                0x0000000000004372                HardFault_Handler
 .text.packReceiveHandle
                0x000000000000437a      0x11e ./user_c/main.o
                0x000000000000437a                packReceiveHandle
 .text.packSendHandle
                0x0000000000004498       0x2c ./user_c/main.o
                0x0000000000004498                packSendHandle
 .text.main     0x00000000000044c4      0x1ee ./user_c/main.o
                0x00000000000044c4                main
 .text.vector_handler
                0x00000000000046b2       0xbe ./sdk/Startup/startup_ch32v30x_D8C.o
                0x00000000000046b6                Ecall_M_Mode_Handler
                0x00000000000046b8                Ecall_U_Mode_Handler
                0x00000000000046ba                Break_Point_Handler
                0x00000000000046bc                SysTick_Handler
                0x00000000000046be                SW_Handler
                0x00000000000046c0                WWDG_IRQHandler
                0x00000000000046c2                PVD_IRQHandler
                0x00000000000046c4                TAMPER_IRQHandler
                0x00000000000046c6                RTC_IRQHandler
                0x00000000000046c8                FLASH_IRQHandler
                0x00000000000046ca                RCC_IRQHandler
                0x00000000000046d6                DMA1_Channel1_IRQHandler
                0x00000000000046d8                DMA1_Channel2_IRQHandler
                0x00000000000046da                DMA1_Channel3_IRQHandler
                0x00000000000046dc                DMA1_Channel4_IRQHandler
                0x00000000000046de                DMA1_Channel5_IRQHandler
                0x00000000000046e0                DMA1_Channel6_IRQHandler
                0x00000000000046e2                DMA1_Channel7_IRQHandler
                0x00000000000046e4                ADC1_2_IRQHandler
                0x00000000000046e6                USB_HP_CAN1_TX_IRQHandler
                0x00000000000046e8                USB_LP_CAN1_RX0_IRQHandler
                0x00000000000046ea                CAN1_RX1_IRQHandler
                0x00000000000046ec                CAN1_SCE_IRQHandler
                0x00000000000046f0                TIM1_BRK_IRQHandler
                0x00000000000046f4                TIM1_TRG_COM_IRQHandler
                0x00000000000046f6                TIM1_CC_IRQHandler
                0x00000000000046fe                I2C1_EV_IRQHandler
                0x0000000000004700                I2C1_ER_IRQHandler
                0x0000000000004702                I2C2_EV_IRQHandler
                0x0000000000004704                I2C2_ER_IRQHandler
                0x0000000000004706                SPI1_IRQHandler
                0x0000000000004708                SPI2_IRQHandler
                0x0000000000004712                RTCAlarm_IRQHandler
                0x0000000000004714                USBWakeUp_IRQHandler
                0x0000000000004716                TIM8_BRK_IRQHandler
                0x000000000000471a                TIM8_TRG_COM_IRQHandler
                0x000000000000471c                TIM8_CC_IRQHandler
                0x000000000000471e                RNG_IRQHandler
                0x0000000000004720                FSMC_IRQHandler
                0x0000000000004722                SDIO_IRQHandler
                0x0000000000004726                SPI3_IRQHandler
                0x0000000000004730                DMA2_Channel1_IRQHandler
                0x0000000000004732                DMA2_Channel2_IRQHandler
                0x0000000000004734                DMA2_Channel3_IRQHandler
                0x0000000000004736                DMA2_Channel4_IRQHandler
                0x0000000000004738                DMA2_Channel5_IRQHandler
                0x000000000000473a                ETH_IRQHandler
                0x000000000000473c                ETH_WKUP_IRQHandler
                0x000000000000473e                CAN2_TX_IRQHandler
                0x0000000000004740                CAN2_RX0_IRQHandler
                0x0000000000004742                CAN2_RX1_IRQHandler
                0x0000000000004744                CAN2_SCE_IRQHandler
                0x0000000000004748                USBHSWakeup_IRQHandler
                0x000000000000474a                USBHS_IRQHandler
                0x0000000000004754                TIM9_BRK_IRQHandler
                0x0000000000004758                TIM9_TRG_COM_IRQHandler
                0x000000000000475a                TIM9_CC_IRQHandler
                0x000000000000475c                TIM10_BRK_IRQHandler
                0x0000000000004760                TIM10_TRG_COM_IRQHandler
                0x0000000000004762                TIM10_CC_IRQHandler
                0x0000000000004764                DMA2_Channel6_IRQHandler
                0x0000000000004766                DMA2_Channel7_IRQHandler
                0x0000000000004768                DMA2_Channel8_IRQHandler
                0x000000000000476a                DMA2_Channel9_IRQHandler
                0x000000000000476c                DMA2_Channel10_IRQHandler
                0x000000000000476e                DMA2_Channel11_IRQHandler
 .text.handle_reset
                0x0000000000004770       0x86 ./sdk/Startup/startup_ch32v30x_D8C.o
                0x0000000000004770                handle_reset
 .text.EXTI_GetITStatus
                0x00000000000047f6       0x56 ./sdk/Peripheral/ch32v30x_exti.o
                0x00000000000047f6                EXTI_GetITStatus
 .text.EXTI_ClearITPendingBit
                0x000000000000484c       0x20 ./sdk/Peripheral/ch32v30x_exti.o
                0x000000000000484c                EXTI_ClearITPendingBit
 .text.GPIO_Init
                0x000000000000486c      0x22a ./sdk/Peripheral/ch32v30x_gpio.o
                0x000000000000486c                GPIO_Init
 .text.GPIO_WriteBit
                0x0000000000004a96       0x38 ./sdk/Peripheral/ch32v30x_gpio.o
                0x0000000000004a96                GPIO_WriteBit
 .text.GPIO_PinRemapConfig
                0x0000000000004ace      0x1c8 ./sdk/Peripheral/ch32v30x_gpio.o
                0x0000000000004ace                GPIO_PinRemapConfig
 .text.RCC_GetClocksFreq
                0x0000000000004c96      0x2c6 ./sdk/Peripheral/ch32v30x_rcc.o
                0x0000000000004c96                RCC_GetClocksFreq
 .text.RCC_APB2PeriphClockCmd
                0x0000000000004f5c       0x46 ./sdk/Peripheral/ch32v30x_rcc.o
                0x0000000000004f5c                RCC_APB2PeriphClockCmd
 .text.RCC_APB1PeriphClockCmd
                0x0000000000004fa2       0x46 ./sdk/Peripheral/ch32v30x_rcc.o
                0x0000000000004fa2                RCC_APB1PeriphClockCmd
 .text.TIM_TimeBaseInit
                0x0000000000004fe8      0x17e ./sdk/Peripheral/ch32v30x_tim.o
                0x0000000000004fe8                TIM_TimeBaseInit
 .text.TIM_OC1Init
                0x0000000000005166      0x19c ./sdk/Peripheral/ch32v30x_tim.o
                0x0000000000005166                TIM_OC1Init
 .text.TIM_OC2Init
                0x0000000000005302      0x1e2 ./sdk/Peripheral/ch32v30x_tim.o
                0x0000000000005302                TIM_OC2Init
 .text.TIM_OC3Init
                0x00000000000054e4      0x1dc ./sdk/Peripheral/ch32v30x_tim.o
                0x00000000000054e4                TIM_OC3Init
 .text.TIM_OC4Init
                0x00000000000056c0      0x176 ./sdk/Peripheral/ch32v30x_tim.o
                0x00000000000056c0                TIM_OC4Init
 .text.TIM_Cmd  0x0000000000005836       0x58 ./sdk/Peripheral/ch32v30x_tim.o
                0x0000000000005836                TIM_Cmd
 .text.TIM_CtrlPWMOutputs
                0x000000000000588e       0x60 ./sdk/Peripheral/ch32v30x_tim.o
                0x000000000000588e                TIM_CtrlPWMOutputs
 .text.TIM_ITConfig
                0x00000000000058ee       0x70 ./sdk/Peripheral/ch32v30x_tim.o
                0x00000000000058ee                TIM_ITConfig
 .text.TIM_OC1PreloadConfig
                0x000000000000595e       0x4c ./sdk/Peripheral/ch32v30x_tim.o
                0x000000000000595e                TIM_OC1PreloadConfig
 .text.TIM_OC2PreloadConfig
                0x00000000000059aa       0x5a ./sdk/Peripheral/ch32v30x_tim.o
                0x00000000000059aa                TIM_OC2PreloadConfig
 .text.TIM_OC3PreloadConfig
                0x0000000000005a04       0x4c ./sdk/Peripheral/ch32v30x_tim.o
                0x0000000000005a04                TIM_OC3PreloadConfig
 .text.TIM_OC4PreloadConfig
                0x0000000000005a50       0x5a ./sdk/Peripheral/ch32v30x_tim.o
                0x0000000000005a50                TIM_OC4PreloadConfig
 .text.TIM_OC1FastConfig
                0x0000000000005aaa       0x4c ./sdk/Peripheral/ch32v30x_tim.o
                0x0000000000005aaa                TIM_OC1FastConfig
 .text.TIM_OC2FastConfig
                0x0000000000005af6       0x56 ./sdk/Peripheral/ch32v30x_tim.o
                0x0000000000005af6                TIM_OC2FastConfig
 .text.TIM_OC3FastConfig
                0x0000000000005b4c       0x4c ./sdk/Peripheral/ch32v30x_tim.o
                0x0000000000005b4c                TIM_OC3FastConfig
 .text.TIM_OC4FastConfig
                0x0000000000005b98       0x56 ./sdk/Peripheral/ch32v30x_tim.o
                0x0000000000005b98                TIM_OC4FastConfig
 .text.TIM_GetITStatus
                0x0000000000005bee       0x70 ./sdk/Peripheral/ch32v30x_tim.o
                0x0000000000005bee                TIM_GetITStatus
 .text.TIM_ClearITPendingBit
                0x0000000000005c5e       0x2e ./sdk/Peripheral/ch32v30x_tim.o
                0x0000000000005c5e                TIM_ClearITPendingBit
 .text.USART_Init
                0x0000000000005c8c      0x234 ./sdk/Peripheral/ch32v30x_usart.o
                0x0000000000005c8c                USART_Init
 .text.USART_Cmd
                0x0000000000005ec0       0x60 ./sdk/Peripheral/ch32v30x_usart.o
                0x0000000000005ec0                USART_Cmd
 .text.USART_ITConfig
                0x0000000000005f20       0xc4 ./sdk/Peripheral/ch32v30x_usart.o
                0x0000000000005f20                USART_ITConfig
 .text.USART_SendData
                0x0000000000005fe4       0x2e ./sdk/Peripheral/ch32v30x_usart.o
                0x0000000000005fe4                USART_SendData
 .text.USART_GetFlagStatus
                0x0000000000006012       0x46 ./sdk/Peripheral/ch32v30x_usart.o
                0x0000000000006012                USART_GetFlagStatus
 .text.USART_GetITStatus
                0x0000000000006058      0x102 ./sdk/Peripheral/ch32v30x_usart.o
                0x0000000000006058                USART_GetITStatus
 .text.USART_ClearITPendingBit
                0x000000000000615a       0x4e ./sdk/Peripheral/ch32v30x_usart.o
                0x000000000000615a                USART_ClearITPendingBit
 .text.DevEP1_IN_Deal
                0x00000000000061a8       0x3e ./sdk/Peripheral/ch32v30x_usbotg_device.o
                0x00000000000061a8                DevEP1_IN_Deal
 .text.DevEP2_IN_Deal
                0x00000000000061e6       0x3e ./sdk/Peripheral/ch32v30x_usbotg_device.o
                0x00000000000061e6                DevEP2_IN_Deal
 .text.DevEP1_OUT_Deal
                0x0000000000006224       0x64 ./sdk/Peripheral/ch32v30x_usbotg_device.o
                0x0000000000006224                DevEP1_OUT_Deal
 .text.DevEP2_OUT_Deal
                0x0000000000006288       0x66 ./sdk/Peripheral/ch32v30x_usbotg_device.o
                0x0000000000006288                DevEP2_OUT_Deal
 .text.OTG_FS_IRQHandler
                0x00000000000062ee      0xd16 ./sdk/Peripheral/ch32v30x_usbotg_device.o
                0x00000000000062ee                OTG_FS_IRQHandler
 .text.BuzzerInit
                0x0000000000007004       0x20 ./code/buzzer.o
                0x0000000000007004                BuzzerInit
 .text.Beep     0x0000000000007024       0x46 ./code/buzzer.o
                0x0000000000007024                Beep
 .text.taskTimAllInit
                0x000000000000706a       0x5c ./code/ctrl.o
                0x000000000000706a                taskTimAllInit
 .text.ServoControl
                0x00000000000070c6       0x5a ./code/ctrl.o
                0x00000000000070c6                ServoControl
 .text.cursorReset
                0x0000000000007120       0x24 ./code/cursor.o
                0x0000000000007120                cursorReset
 .text.cursorInit
                0x0000000000007144       0x50 ./code/cursor.o
                0x0000000000007144                cursorInit
 .text.cursorSetPoint
                0x0000000000007194      0x120 ./code/cursor.o
                0x0000000000007194                cursorSetPoint
 .text.cursorSetPointSport
                0x00000000000072b4       0x8a ./code/cursor.o
                0x00000000000072b4                cursorSetPointSport
 .text.cursorSetAngle
                0x000000000000733e       0xee ./code/cursor.o
                0x000000000000733e                cursorSetAngle
 .text.cursorHandler
                0x000000000000742c      0x282 ./code/cursor.o
                0x000000000000742c                cursorHandler
 .text.pwmInit  0x00000000000076ae       0x32 ./code/moto.o
                0x00000000000076ae                pwmInit
 .text.angleSet
                0x00000000000076e0      0x144 ./code/moto.o
                0x00000000000076e0                angleSet
 .text.PID_Init
                0x0000000000007824       0x6e ./code/pid.o
                0x0000000000007824                PID_Init
 .text.abs_limit
                0x0000000000007892       0x56 ./code/pid.o
 .text.PID_Calculate
                0x00000000000078e8      0x2d2 ./code/pid.o
                0x00000000000078e8                PID_Calculate
 .text.pidAllInit
                0x0000000000007bba       0x5e ./code/pid.o
                0x0000000000007bba                pidAllInit
 .text.upacker_init
                0x0000000000007c18       0x30 ./code/upacker.o
                0x0000000000007c18                upacker_init
 .text.upacker_unpack
                0x0000000000007c48       0x6e ./code/upacker.o
                0x0000000000007c48                upacker_unpack
 .text.upacker_pack
                0x0000000000007cb6       0x30 ./code/upacker.o
                0x0000000000007cb6                upacker_pack
 .text.frame_decode
                0x0000000000007ce6      0x256 ./code/upacker.o
 .text.frame_encode
                0x0000000000007f3c      0x134 ./code/upacker.o
 .text.atanf    0x0000000000008070      0x204 e:/mounriver/mounriver_studio/toolchain/risc-v embedded gcc/bin/../lib/gcc/riscv-none-embed/8.2.0/../../../../riscv-none-embed/lib/rv32imafc/ilp32f\libm.a(lib_a-sf_atan.o)
                0x0000000000008070                atanf
 .text.fabsf    0x0000000000008274        0xe e:/mounriver/mounriver_studio/toolchain/risc-v embedded gcc/bin/../lib/gcc/riscv-none-embed/8.2.0/../../../../riscv-none-embed/lib/rv32imafc/ilp32f\libm.a(lib_a-sf_fabs.o)
                0x0000000000008274                fabsf
 .text.tanf     0x0000000000008282       0x58 e:/mounriver/mounriver_studio/toolchain/risc-v embedded gcc/bin/../lib/gcc/riscv-none-embed/8.2.0/../../../../riscv-none-embed/lib/rv32imafc/ilp32f\libm.a(lib_a-sf_tan.o)
                0x0000000000008282                tanf
 .text.__ieee754_rem_pio2f
                0x00000000000082da      0x2b4 e:/mounriver/mounriver_studio/toolchain/risc-v embedded gcc/bin/../lib/gcc/riscv-none-embed/8.2.0/../../../../riscv-none-embed/lib/rv32imafc/ilp32f\libm.a(lib_a-ef_rem_pio2.o)
                0x00000000000082da                __ieee754_rem_pio2f
 .text.__kernel_rem_pio2f
                0x000000000000858e      0x6f4 e:/mounriver/mounriver_studio/toolchain/risc-v embedded gcc/bin/../lib/gcc/riscv-none-embed/8.2.0/../../../../riscv-none-embed/lib/rv32imafc/ilp32f\libm.a(lib_a-kf_rem_pio2.o)
                0x000000000000858e                __kernel_rem_pio2f
 .text.__kernel_tanf
                0x0000000000008c82      0x21a e:/mounriver/mounriver_studio/toolchain/risc-v embedded gcc/bin/../lib/gcc/riscv-none-embed/8.2.0/../../../../riscv-none-embed/lib/rv32imafc/ilp32f\libm.a(lib_a-kf_tan.o)
                0x0000000000008c82                __kernel_tanf
 .text.floorf   0x0000000000008e9c       0xb2 e:/mounriver/mounriver_studio/toolchain/risc-v embedded gcc/bin/../lib/gcc/riscv-none-embed/8.2.0/../../../../riscv-none-embed/lib/rv32imafc/ilp32f\libm.a(lib_a-sf_floor.o)
                0x0000000000008e9c                floorf
 .text.scalbnf  0x0000000000008f4e      0x100 e:/mounriver/mounriver_studio/toolchain/risc-v embedded gcc/bin/../lib/gcc/riscv-none-embed/8.2.0/../../../../riscv-none-embed/lib/rv32imafc/ilp32f\libm.a(lib_a-sf_scalbn.o)
                0x0000000000008f4e                scalbnf
 .text.copysignf
                0x000000000000904e       0x1c e:/mounriver/mounriver_studio/toolchain/risc-v embedded gcc/bin/../lib/gcc/riscv-none-embed/8.2.0/../../../../riscv-none-embed/lib/rv32imafc/ilp32f\libm.a(lib_a-sf_copysign.o)
                0x000000000000904e                copysignf
 .text.__adddf3
                0x000000000000906a      0xa0e e:/mounriver/mounriver_studio/toolchain/risc-v embedded gcc/bin/../lib/gcc/riscv-none-embed/8.2.0/rv32imafc/ilp32f\libgcc.a(adddf3.o)
                0x000000000000906a                __adddf3
 .text.__divdf3
                0x0000000000009a78      0x7ea e:/mounriver/mounriver_studio/toolchain/risc-v embedded gcc/bin/../lib/gcc/riscv-none-embed/8.2.0/rv32imafc/ilp32f\libgcc.a(divdf3.o)
                0x0000000000009a78                __divdf3
 .text.__eqdf2  0x000000000000a262       0x98 e:/mounriver/mounriver_studio/toolchain/risc-v embedded gcc/bin/../lib/gcc/riscv-none-embed/8.2.0/rv32imafc/ilp32f\libgcc.a(eqdf2.o)
                0x000000000000a262                __nedf2
                0x000000000000a262                __eqdf2
 .text.__gedf2  0x000000000000a2fa       0xb6 e:/mounriver/mounriver_studio/toolchain/risc-v embedded gcc/bin/../lib/gcc/riscv-none-embed/8.2.0/rv32imafc/ilp32f\libgcc.a(gedf2.o)
                0x000000000000a2fa                __gedf2
                0x000000000000a2fa                __gtdf2
 .text.__ledf2  0x000000000000a3b0       0xb6 e:/mounriver/mounriver_studio/toolchain/risc-v embedded gcc/bin/../lib/gcc/riscv-none-embed/8.2.0/rv32imafc/ilp32f\libgcc.a(ledf2.o)
                0x000000000000a3b0                __ledf2
                0x000000000000a3b0                __ltdf2
 .text.__muldf3
                0x000000000000a466      0x656 e:/mounriver/mounriver_studio/toolchain/risc-v embedded gcc/bin/../lib/gcc/riscv-none-embed/8.2.0/rv32imafc/ilp32f\libgcc.a(muldf3.o)
                0x000000000000a466                __muldf3
 .text.__subdf3
                0x000000000000aabc      0xa8c e:/mounriver/mounriver_studio/toolchain/risc-v embedded gcc/bin/../lib/gcc/riscv-none-embed/8.2.0/rv32imafc/ilp32f\libgcc.a(subdf3.o)
                0x000000000000aabc                __subdf3
 .text.__unorddf2
                0x000000000000b548       0x7c e:/mounriver/mounriver_studio/toolchain/risc-v embedded gcc/bin/../lib/gcc/riscv-none-embed/8.2.0/rv32imafc/ilp32f\libgcc.a(unorddf2.o)
                0x000000000000b548                __unorddf2
 .text.__fixdfsi
                0x000000000000b5c4       0xd8 e:/mounriver/mounriver_studio/toolchain/risc-v embedded gcc/bin/../lib/gcc/riscv-none-embed/8.2.0/rv32imafc/ilp32f\libgcc.a(fixdfsi.o)
                0x000000000000b5c4                __fixdfsi
 .text.__fixunsdfsi
                0x000000000000b69c       0x9e e:/mounriver/mounriver_studio/toolchain/risc-v embedded gcc/bin/../lib/gcc/riscv-none-embed/8.2.0/rv32imafc/ilp32f\libgcc.a(fixunsdfsi.o)
                0x000000000000b69c                __fixunsdfsi
 .text.__floatsidf
                0x000000000000b73a       0x70 e:/mounriver/mounriver_studio/toolchain/risc-v embedded gcc/bin/../lib/gcc/riscv-none-embed/8.2.0/rv32imafc/ilp32f\libgcc.a(floatsidf.o)
                0x000000000000b73a                __floatsidf
 .text.__floatunsidf
                0x000000000000b7aa       0x66 e:/mounriver/mounriver_studio/toolchain/risc-v embedded gcc/bin/../lib/gcc/riscv-none-embed/8.2.0/rv32imafc/ilp32f\libgcc.a(floatunsidf.o)
                0x000000000000b7aa                __floatunsidf
 .text.__extendsfdf2
                0x000000000000b810       0xe8 e:/mounriver/mounriver_studio/toolchain/risc-v embedded gcc/bin/../lib/gcc/riscv-none-embed/8.2.0/rv32imafc/ilp32f\libgcc.a(extendsfdf2.o)
                0x000000000000b810                __extendsfdf2
 .text.__truncdfsf2
                0x000000000000b8f8      0x31e e:/mounriver/mounriver_studio/toolchain/risc-v embedded gcc/bin/../lib/gcc/riscv-none-embed/8.2.0/rv32imafc/ilp32f\libgcc.a(truncdfsf2.o)
                0x000000000000b8f8                __truncdfsf2
 .text.__clzsi2
                0x000000000000bc16       0x76 e:/mounriver/mounriver_studio/toolchain/risc-v embedded gcc/bin/../lib/gcc/riscv-none-embed/8.2.0/rv32imafc/ilp32f\libgcc.a(_clzsi2.o)
                0x000000000000bc16                __clzsi2
 .text.memcpy   0x000000000000bc8c       0xb6 e:/mounriver/mounriver_studio/toolchain/risc-v embedded gcc/bin/../lib/gcc/riscv-none-embed/8.2.0/../../../../riscv-none-embed/lib/rv32imafc/ilp32f\libg_nano.a(lib_a-memcpy.o)
                0x000000000000bc8c                memcpy
 .text.__cvt    0x000000000000bd42       0xee e:/mounriver/mounriver_studio/toolchain/risc-v embedded gcc/bin/../lib/gcc/riscv-none-embed/8.2.0/../../../../riscv-none-embed/lib/rv32imafc/ilp32f\libg_nano.a(lib_a-nano-vfprintf_float.o)
                0x000000000000bd42                __cvt
 .text.__exponent
                0x000000000000be30       0x8c e:/mounriver/mounriver_studio/toolchain/risc-v embedded gcc/bin/../lib/gcc/riscv-none-embed/8.2.0/../../../../riscv-none-embed/lib/rv32imafc/ilp32f\libg_nano.a(lib_a-nano-vfprintf_float.o)
                0x000000000000be30                __exponent
 .text._printf_float
                0x000000000000bebc      0x4c4 e:/mounriver/mounriver_studio/toolchain/risc-v embedded gcc/bin/../lib/gcc/riscv-none-embed/8.2.0/../../../../riscv-none-embed/lib/rv32imafc/ilp32f\libg_nano.a(lib_a-nano-vfprintf_float.o)
                0x000000000000bebc                _printf_float
 .text._printf_common
                0x000000000000c380      0x10c e:/mounriver/mounriver_studio/toolchain/risc-v embedded gcc/bin/../lib/gcc/riscv-none-embed/8.2.0/../../../../riscv-none-embed/lib/rv32imafc/ilp32f\libg_nano.a(lib_a-nano-vfprintf_i.o)
                0x000000000000c380                _printf_common
 .text._printf_i
                0x000000000000c48c      0x2ac e:/mounriver/mounriver_studio/toolchain/risc-v embedded gcc/bin/../lib/gcc/riscv-none-embed/8.2.0/../../../../riscv-none-embed/lib/rv32imafc/ilp32f\libg_nano.a(lib_a-nano-vfprintf_i.o)
                0x000000000000c48c                _printf_i
 .text.printf   0x000000000000c738       0x42 e:/mounriver/mounriver_studio/toolchain/risc-v embedded gcc/bin/../lib/gcc/riscv-none-embed/8.2.0/../../../../riscv-none-embed/lib/rv32imafc/ilp32f\libg_nano.a(lib_a-printf.o)
                0x000000000000c738                iprintf
                0x000000000000c738                printf
 .text.sprintf  0x000000000000c77a       0x46 e:/mounriver/mounriver_studio/toolchain/risc-v embedded gcc/bin/../lib/gcc/riscv-none-embed/8.2.0/../../../../riscv-none-embed/lib/rv32imafc/ilp32f\libg_nano.a(lib_a-sprintf.o)
                0x000000000000c77a                siprintf
                0x000000000000c77a                sprintf
 .text.strlen   0x000000000000c7c0       0x12 e:/mounriver/mounriver_studio/toolchain/risc-v embedded gcc/bin/../lib/gcc/riscv-none-embed/8.2.0/../../../../riscv-none-embed/lib/rv32imafc/ilp32f\libg_nano.a(lib_a-strlen.o)
                0x000000000000c7c0                strlen
 .text.strncmp  0x000000000000c7d2       0x2c e:/mounriver/mounriver_studio/toolchain/risc-v embedded gcc/bin/../lib/gcc/riscv-none-embed/8.2.0/../../../../riscv-none-embed/lib/rv32imafc/ilp32f\libg_nano.a(lib_a-strncmp.o)
                0x000000000000c7d2                strncmp
 .text.quorem   0x000000000000c7fe      0x13a e:/mounriver/mounriver_studio/toolchain/risc-v embedded gcc/bin/../lib/gcc/riscv-none-embed/8.2.0/../../../../riscv-none-embed/lib/rv32imafc/ilp32f\libg_nano.a(lib_a-dtoa.o)
 .text._dtoa_r  0x000000000000c938      0xbea e:/mounriver/mounriver_studio/toolchain/risc-v embedded gcc/bin/../lib/gcc/riscv-none-embed/8.2.0/../../../../riscv-none-embed/lib/rv32imafc/ilp32f\libg_nano.a(lib_a-dtoa.o)
                0x000000000000c938                _dtoa_r
 .text.std      0x000000000000d522       0x6a e:/mounriver/mounriver_studio/toolchain/risc-v embedded gcc/bin/../lib/gcc/riscv-none-embed/8.2.0/../../../../riscv-none-embed/lib/rv32imafc/ilp32f\libg_nano.a(lib_a-findfp.o)
 .text._cleanup_r
                0x000000000000d58c        0xa e:/mounriver/mounriver_studio/toolchain/risc-v embedded gcc/bin/../lib/gcc/riscv-none-embed/8.2.0/../../../../riscv-none-embed/lib/rv32imafc/ilp32f\libg_nano.a(lib_a-findfp.o)
                0x000000000000d58c                _cleanup_r
 .text.__sfmoreglue
                0x000000000000d596       0x48 e:/mounriver/mounriver_studio/toolchain/risc-v embedded gcc/bin/../lib/gcc/riscv-none-embed/8.2.0/../../../../riscv-none-embed/lib/rv32imafc/ilp32f\libg_nano.a(lib_a-findfp.o)
                0x000000000000d596                __sfmoreglue
 .text.__sinit  0x000000000000d5de       0x6c e:/mounriver/mounriver_studio/toolchain/risc-v embedded gcc/bin/../lib/gcc/riscv-none-embed/8.2.0/../../../../riscv-none-embed/lib/rv32imafc/ilp32f\libg_nano.a(lib_a-findfp.o)
                0x000000000000d5de                __sinit
 .text.__sfp    0x000000000000d64a       0xa0 e:/mounriver/mounriver_studio/toolchain/risc-v embedded gcc/bin/../lib/gcc/riscv-none-embed/8.2.0/../../../../riscv-none-embed/lib/rv32imafc/ilp32f\libg_nano.a(lib_a-findfp.o)
                0x000000000000d64a                __sfp
 .text._fwalk_reent
                0x000000000000d6ea       0x6c e:/mounriver/mounriver_studio/toolchain/risc-v embedded gcc/bin/../lib/gcc/riscv-none-embed/8.2.0/../../../../riscv-none-embed/lib/rv32imafc/ilp32f\libg_nano.a(lib_a-fwalk.o)
                0x000000000000d6ea                _fwalk_reent
 .text._localeconv_r
                0x000000000000d756       0x18 e:/mounriver/mounriver_studio/toolchain/risc-v embedded gcc/bin/../lib/gcc/riscv-none-embed/8.2.0/../../../../riscv-none-embed/lib/rv32imafc/ilp32f\libg_nano.a(lib_a-localeconv.o)
                0x000000000000d756                _localeconv_r
 .text.malloc   0x000000000000d76e        0xc e:/mounriver/mounriver_studio/toolchain/risc-v embedded gcc/bin/../lib/gcc/riscv-none-embed/8.2.0/../../../../riscv-none-embed/lib/rv32imafc/ilp32f\libg_nano.a(lib_a-malloc.o)
                0x000000000000d76e                malloc
 .text.memchr   0x000000000000d77a       0x1a e:/mounriver/mounriver_studio/toolchain/risc-v embedded gcc/bin/../lib/gcc/riscv-none-embed/8.2.0/../../../../riscv-none-embed/lib/rv32imafc/ilp32f\libg_nano.a(lib_a-memchr.o)
                0x000000000000d77a                memchr
 .text._Balloc  0x000000000000d794       0x88 e:/mounriver/mounriver_studio/toolchain/risc-v embedded gcc/bin/../lib/gcc/riscv-none-embed/8.2.0/../../../../riscv-none-embed/lib/rv32imafc/ilp32f\libg_nano.a(lib_a-mprec.o)
                0x000000000000d794                _Balloc
 .text._Bfree   0x000000000000d81c       0x44 e:/mounriver/mounriver_studio/toolchain/risc-v embedded gcc/bin/../lib/gcc/riscv-none-embed/8.2.0/../../../../riscv-none-embed/lib/rv32imafc/ilp32f\libg_nano.a(lib_a-mprec.o)
                0x000000000000d81c                _Bfree
 .text.__multadd
                0x000000000000d860       0x98 e:/mounriver/mounriver_studio/toolchain/risc-v embedded gcc/bin/../lib/gcc/riscv-none-embed/8.2.0/../../../../riscv-none-embed/lib/rv32imafc/ilp32f\libg_nano.a(lib_a-mprec.o)
                0x000000000000d860                __multadd
 .text.__hi0bits
                0x000000000000d8f8       0x46 e:/mounriver/mounriver_studio/toolchain/risc-v embedded gcc/bin/../lib/gcc/riscv-none-embed/8.2.0/../../../../riscv-none-embed/lib/rv32imafc/ilp32f\libg_nano.a(lib_a-mprec.o)
                0x000000000000d8f8                __hi0bits
 .text.__lo0bits
                0x000000000000d93e       0x6a e:/mounriver/mounriver_studio/toolchain/risc-v embedded gcc/bin/../lib/gcc/riscv-none-embed/8.2.0/../../../../riscv-none-embed/lib/rv32imafc/ilp32f\libg_nano.a(lib_a-mprec.o)
                0x000000000000d93e                __lo0bits
 .text.__i2b    0x000000000000d9a8       0x1c e:/mounriver/mounriver_studio/toolchain/risc-v embedded gcc/bin/../lib/gcc/riscv-none-embed/8.2.0/../../../../riscv-none-embed/lib/rv32imafc/ilp32f\libg_nano.a(lib_a-mprec.o)
                0x000000000000d9a8                __i2b
 .text.__multiply
                0x000000000000d9c4      0x144 e:/mounriver/mounriver_studio/toolchain/risc-v embedded gcc/bin/../lib/gcc/riscv-none-embed/8.2.0/../../../../riscv-none-embed/lib/rv32imafc/ilp32f\libg_nano.a(lib_a-mprec.o)
                0x000000000000d9c4                __multiply
 .text.__pow5mult
                0x000000000000db08       0xbe e:/mounriver/mounriver_studio/toolchain/risc-v embedded gcc/bin/../lib/gcc/riscv-none-embed/8.2.0/../../../../riscv-none-embed/lib/rv32imafc/ilp32f\libg_nano.a(lib_a-mprec.o)
                0x000000000000db08                __pow5mult
 .text.__lshift
                0x000000000000dbc6       0xce e:/mounriver/mounriver_studio/toolchain/risc-v embedded gcc/bin/../lib/gcc/riscv-none-embed/8.2.0/../../../../riscv-none-embed/lib/rv32imafc/ilp32f\libg_nano.a(lib_a-mprec.o)
                0x000000000000dbc6                __lshift
 .text.__mcmp   0x000000000000dc94       0x32 e:/mounriver/mounriver_studio/toolchain/risc-v embedded gcc/bin/../lib/gcc/riscv-none-embed/8.2.0/../../../../riscv-none-embed/lib/rv32imafc/ilp32f\libg_nano.a(lib_a-mprec.o)
                0x000000000000dc94                __mcmp
 .text.__mdiff  0x000000000000dcc6       0xf2 e:/mounriver/mounriver_studio/toolchain/risc-v embedded gcc/bin/../lib/gcc/riscv-none-embed/8.2.0/../../../../riscv-none-embed/lib/rv32imafc/ilp32f\libg_nano.a(lib_a-mprec.o)
                0x000000000000dcc6                __mdiff
 .text.__d2b    0x000000000000ddb8       0xd4 e:/mounriver/mounriver_studio/toolchain/risc-v embedded gcc/bin/../lib/gcc/riscv-none-embed/8.2.0/../../../../riscv-none-embed/lib/rv32imafc/ilp32f\libg_nano.a(lib_a-mprec.o)
                0x000000000000ddb8                __d2b
 .text._calloc_r
                0x000000000000de8c       0x26 e:/mounriver/mounriver_studio/toolchain/risc-v embedded gcc/bin/../lib/gcc/riscv-none-embed/8.2.0/../../../../riscv-none-embed/lib/rv32imafc/ilp32f\libg_nano.a(lib_a-nano-callocr.o)
                0x000000000000de8c                _calloc_r
 .text._free_r  0x000000000000deb2       0xa8 e:/mounriver/mounriver_studio/toolchain/risc-v embedded gcc/bin/../lib/gcc/riscv-none-embed/8.2.0/../../../../riscv-none-embed/lib/rv32imafc/ilp32f\libg_nano.a(lib_a-nano-freer.o)
                0x000000000000deb2                _free_r
 .text._malloc_r
                0x000000000000df5a       0xd4 e:/mounriver/mounriver_studio/toolchain/risc-v embedded gcc/bin/../lib/gcc/riscv-none-embed/8.2.0/../../../../riscv-none-embed/lib/rv32imafc/ilp32f\libg_nano.a(lib_a-nano-mallocr.o)
                0x000000000000df5a                _malloc_r
 .text.__ssputs_r
                0x000000000000e02e       0xee e:/mounriver/mounriver_studio/toolchain/risc-v embedded gcc/bin/../lib/gcc/riscv-none-embed/8.2.0/../../../../riscv-none-embed/lib/rv32imafc/ilp32f\libg_nano.a(lib_a-nano-svfprintf.o)
                0x000000000000e02e                __ssputs_r
 .text._svfprintf_r
                0x000000000000e11c      0x27e e:/mounriver/mounriver_studio/toolchain/risc-v embedded gcc/bin/../lib/gcc/riscv-none-embed/8.2.0/../../../../riscv-none-embed/lib/rv32imafc/ilp32f\libg_nano.a(lib_a-nano-svfprintf.o)
                0x000000000000e11c                _svfiprintf_r
                0x000000000000e11c                _svfprintf_r
 .text.__sfputc_r
                0x000000000000e39a       0x28 e:/mounriver/mounriver_studio/toolchain/risc-v embedded gcc/bin/../lib/gcc/riscv-none-embed/8.2.0/../../../../riscv-none-embed/lib/rv32imafc/ilp32f\libg_nano.a(lib_a-nano-vfprintf.o)
 .text.__sfputs_r
                0x000000000000e3c2       0x44 e:/mounriver/mounriver_studio/toolchain/risc-v embedded gcc/bin/../lib/gcc/riscv-none-embed/8.2.0/../../../../riscv-none-embed/lib/rv32imafc/ilp32f\libg_nano.a(lib_a-nano-vfprintf.o)
                0x000000000000e3c2                __sfputs_r
 .text._vfprintf_r
                0x000000000000e406      0x29e e:/mounriver/mounriver_studio/toolchain/risc-v embedded gcc/bin/../lib/gcc/riscv-none-embed/8.2.0/../../../../riscv-none-embed/lib/rv32imafc/ilp32f\libg_nano.a(lib_a-nano-vfprintf.o)
                0x000000000000e406                _vfprintf_r
                0x000000000000e406                _vfiprintf_r
 .text._sbrk_r  0x000000000000e6a4       0x2a e:/mounriver/mounriver_studio/toolchain/risc-v embedded gcc/bin/../lib/gcc/riscv-none-embed/8.2.0/../../../../riscv-none-embed/lib/rv32imafc/ilp32f\libg_nano.a(lib_a-sbrkr.o)
                0x000000000000e6a4                _sbrk_r
 .text.__sread  0x000000000000e6ce       0x30 e:/mounriver/mounriver_studio/toolchain/risc-v embedded gcc/bin/../lib/gcc/riscv-none-embed/8.2.0/../../../../riscv-none-embed/lib/rv32imafc/ilp32f\libg_nano.a(lib_a-stdio.o)
                0x000000000000e6ce                __sread
 .text.__swrite
                0x000000000000e6fe       0x4e e:/mounriver/mounriver_studio/toolchain/risc-v embedded gcc/bin/../lib/gcc/riscv-none-embed/8.2.0/../../../../riscv-none-embed/lib/rv32imafc/ilp32f\libg_nano.a(lib_a-stdio.o)
                0x000000000000e6fe                __swrite
 .text.__sseek  0x000000000000e74c       0x36 e:/mounriver/mounriver_studio/toolchain/risc-v embedded gcc/bin/../lib/gcc/riscv-none-embed/8.2.0/../../../../riscv-none-embed/lib/rv32imafc/ilp32f\libg_nano.a(lib_a-stdio.o)
                0x000000000000e74c                __sseek
 .text.__sclose
                0x000000000000e782        0x6 e:/mounriver/mounriver_studio/toolchain/risc-v embedded gcc/bin/../lib/gcc/riscv-none-embed/8.2.0/../../../../riscv-none-embed/lib/rv32imafc/ilp32f\libg_nano.a(lib_a-stdio.o)
                0x000000000000e782                __sclose
 .text.__swbuf_r
                0x000000000000e788       0xc2 e:/mounriver/mounriver_studio/toolchain/risc-v embedded gcc/bin/../lib/gcc/riscv-none-embed/8.2.0/../../../../riscv-none-embed/lib/rv32imafc/ilp32f\libg_nano.a(lib_a-wbuf.o)
                0x000000000000e788                __swbuf_r
 .text._write_r
                0x000000000000e84a       0x2e e:/mounriver/mounriver_studio/toolchain/risc-v embedded gcc/bin/../lib/gcc/riscv-none-embed/8.2.0/../../../../riscv-none-embed/lib/rv32imafc/ilp32f\libg_nano.a(lib_a-writer.o)
                0x000000000000e84a                _write_r
 .text.__swsetup_r
                0x000000000000e878      0x110 e:/mounriver/mounriver_studio/toolchain/risc-v embedded gcc/bin/../lib/gcc/riscv-none-embed/8.2.0/../../../../riscv-none-embed/lib/rv32imafc/ilp32f\libg_nano.a(lib_a-wsetup.o)
                0x000000000000e878                __swsetup_r
 .text._close_r
                0x000000000000e988       0x2a e:/mounriver/mounriver_studio/toolchain/risc-v embedded gcc/bin/../lib/gcc/riscv-none-embed/8.2.0/../../../../riscv-none-embed/lib/rv32imafc/ilp32f\libg_nano.a(lib_a-closer.o)
                0x000000000000e988                _close_r
 .text.__sflush_r
                0x000000000000e9b2      0x13e e:/mounriver/mounriver_studio/toolchain/risc-v embedded gcc/bin/../lib/gcc/riscv-none-embed/8.2.0/../../../../riscv-none-embed/lib/rv32imafc/ilp32f\libg_nano.a(lib_a-fflush.o)
                0x000000000000e9b2                __sflush_r
 .text._fflush_r
                0x000000000000eaf0       0x68 e:/mounriver/mounriver_studio/toolchain/risc-v embedded gcc/bin/../lib/gcc/riscv-none-embed/8.2.0/../../../../riscv-none-embed/lib/rv32imafc/ilp32f\libg_nano.a(lib_a-fflush.o)
                0x000000000000eaf0                _fflush_r
 .text._lseek_r
                0x000000000000eb58       0x2c e:/mounriver/mounriver_studio/toolchain/risc-v embedded gcc/bin/../lib/gcc/riscv-none-embed/8.2.0/../../../../riscv-none-embed/lib/rv32imafc/ilp32f\libg_nano.a(lib_a-lseekr.o)
                0x000000000000eb58                _lseek_r
 .text.__swhatbuf_r
                0x000000000000eb84       0x58 e:/mounriver/mounriver_studio/toolchain/risc-v embedded gcc/bin/../lib/gcc/riscv-none-embed/8.2.0/../../../../riscv-none-embed/lib/rv32imafc/ilp32f\libg_nano.a(lib_a-makebuf.o)
                0x000000000000eb84                __swhatbuf_r
 .text.__smakebuf_r
                0x000000000000ebdc       0xa0 e:/mounriver/mounriver_studio/toolchain/risc-v embedded gcc/bin/../lib/gcc/riscv-none-embed/8.2.0/../../../../riscv-none-embed/lib/rv32imafc/ilp32f\libg_nano.a(lib_a-makebuf.o)
                0x000000000000ebdc                __smakebuf_r
 .text.__ascii_mbtowc
                0x000000000000ec7c       0x3a e:/mounriver/mounriver_studio/toolchain/risc-v embedded gcc/bin/../lib/gcc/riscv-none-embed/8.2.0/../../../../riscv-none-embed/lib/rv32imafc/ilp32f\libg_nano.a(lib_a-mbtowc_r.o)
                0x000000000000ec7c                __ascii_mbtowc
 .text.memmove  0x000000000000ecb6       0x4a e:/mounriver/mounriver_studio/toolchain/risc-v embedded gcc/bin/../lib/gcc/riscv-none-embed/8.2.0/../../../../riscv-none-embed/lib/rv32imafc/ilp32f\libg_nano.a(lib_a-memmove.o)
                0x000000000000ecb6                memmove
 .text.__malloc_lock
                0x000000000000ed00        0x2 e:/mounriver/mounriver_studio/toolchain/risc-v embedded gcc/bin/../lib/gcc/riscv-none-embed/8.2.0/../../../../riscv-none-embed/lib/rv32imafc/ilp32f\libg_nano.a(lib_a-mlock.o)
                0x000000000000ed00                __malloc_lock
 .text.__malloc_unlock
                0x000000000000ed02        0x2 e:/mounriver/mounriver_studio/toolchain/risc-v embedded gcc/bin/../lib/gcc/riscv-none-embed/8.2.0/../../../../riscv-none-embed/lib/rv32imafc/ilp32f\libg_nano.a(lib_a-mlock.o)
                0x000000000000ed02                __malloc_unlock
 .text._realloc_r
                0x000000000000ed04       0x58 e:/mounriver/mounriver_studio/toolchain/risc-v embedded gcc/bin/../lib/gcc/riscv-none-embed/8.2.0/../../../../riscv-none-embed/lib/rv32imafc/ilp32f\libg_nano.a(lib_a-nano-reallocr.o)
                0x000000000000ed04                _realloc_r
 .text._read_r  0x000000000000ed5c       0x2c e:/mounriver/mounriver_studio/toolchain/risc-v embedded gcc/bin/../lib/gcc/riscv-none-embed/8.2.0/../../../../riscv-none-embed/lib/rv32imafc/ilp32f\libg_nano.a(lib_a-readr.o)
                0x000000000000ed5c                _read_r
 .text.__ascii_wctomb
                0x000000000000ed88       0x20 e:/mounriver/mounriver_studio/toolchain/risc-v embedded gcc/bin/../lib/gcc/riscv-none-embed/8.2.0/../../../../riscv-none-embed/lib/rv32imafc/ilp32f\libg_nano.a(lib_a-wctomb_r.o)
                0x000000000000ed88                __ascii_wctomb
 .text._fstat_r
                0x000000000000eda8       0x2a e:/mounriver/mounriver_studio/toolchain/risc-v embedded gcc/bin/../lib/gcc/riscv-none-embed/8.2.0/../../../../riscv-none-embed/lib/rv32imafc/ilp32f\libg_nano.a(lib_a-fstatr.o)
                0x000000000000eda8                _fstat_r
 .text._isatty_r
                0x000000000000edd2       0x28 e:/mounriver/mounriver_studio/toolchain/risc-v embedded gcc/bin/../lib/gcc/riscv-none-embed/8.2.0/../../../../riscv-none-embed/lib/rv32imafc/ilp32f\libg_nano.a(lib_a-isattyr.o)
                0x000000000000edd2                _isatty_r
 .text._malloc_usable_size_r
                0x000000000000edfa       0x14 e:/mounriver/mounriver_studio/toolchain/risc-v embedded gcc/bin/../lib/gcc/riscv-none-embed/8.2.0/../../../../riscv-none-embed/lib/rv32imafc/ilp32f\libg_nano.a(lib_a-nano-msizer.o)
                0x000000000000edfa                _malloc_usable_size_r
 .text.__trunctfdf2
                0x000000000000ee0e      0x3d0 e:/mounriver/mounriver_studio/toolchain/risc-v embedded gcc/bin/../lib/gcc/riscv-none-embed/8.2.0/rv32imafc/ilp32f\libgcc.a(trunctfdf2.o)
                0x000000000000ee0e                __trunctfdf2
 .text._close   0x000000000000f1de        0xc e:/mounriver/mounriver_studio/toolchain/risc-v embedded gcc/bin/../lib/gcc/riscv-none-embed/8.2.0/../../../../riscv-none-embed/lib/rv32imafc/ilp32f\libnosys.a(close.o)
                0x000000000000f1de                _close
 .text._fstat   0x000000000000f1ea        0xc e:/mounriver/mounriver_studio/toolchain/risc-v embedded gcc/bin/../lib/gcc/riscv-none-embed/8.2.0/../../../../riscv-none-embed/lib/rv32imafc/ilp32f\libnosys.a(fstat.o)
                0x000000000000f1ea                _fstat
 .text._isatty  0x000000000000f1f6        0xc e:/mounriver/mounriver_studio/toolchain/risc-v embedded gcc/bin/../lib/gcc/riscv-none-embed/8.2.0/../../../../riscv-none-embed/lib/rv32imafc/ilp32f\libnosys.a(isatty.o)
                0x000000000000f1f6                _isatty
 .text._lseek   0x000000000000f202        0xc e:/mounriver/mounriver_studio/toolchain/risc-v embedded gcc/bin/../lib/gcc/riscv-none-embed/8.2.0/../../../../riscv-none-embed/lib/rv32imafc/ilp32f\libnosys.a(lseek.o)
                0x000000000000f202                _lseek
 .text._read    0x000000000000f20e        0xc e:/mounriver/mounriver_studio/toolchain/risc-v embedded gcc/bin/../lib/gcc/riscv-none-embed/8.2.0/../../../../riscv-none-embed/lib/rv32imafc/ilp32f\libnosys.a(read.o)
                0x000000000000f20e                _read
 .text._sbrk    0x000000000000f21a       0x20 e:/mounriver/mounriver_studio/toolchain/risc-v embedded gcc/bin/../lib/gcc/riscv-none-embed/8.2.0/../../../../riscv-none-embed/lib/rv32imafc/ilp32f\libnosys.a(sbrk.o)
                0x000000000000f21a                _sbrk
 *(.rodata)
 *fill*         0x000000000000f23a        0x2 
 .rodata        0x000000000000f23c       0x79 ./zf_driver/zf_driver_pit.o
 *fill*         0x000000000000f2b5        0x3 
 .rodata        0x000000000000f2b8       0x51 ./zf_driver/zf_driver_pwm.o
 *fill*         0x000000000000f309        0x3 
 .rodata        0x000000000000f30c       0x52 ./zf_driver/zf_driver_uart.o
 *fill*         0x000000000000f35e        0x2 
 .rodata        0x000000000000f360        0x8 ./zf_device/zf_device_dm1xa.o
 .rodata        0x000000000000f368       0xf0 ./zf_device/zf_device_gps_tau1201.o
 .rodata        0x000000000000f458       0x78 ./zf_common/zf_common_debug.o
 .rodata        0x000000000000f4d0       0x52 ./zf_common/zf_common_fifo.o
 *fill*         0x000000000000f522        0x2 
 .rodata        0x000000000000f524       0x10 ./user_c/main.o
 .rodata        0x000000000000f534       0x41 ./sdk/Peripheral/ch32v30x_usbotg_device.o
 *fill*         0x000000000000f575        0x3 
 .rodata        0x000000000000f578       0x18 ./code/cursor.o
 .rodata        0x000000000000f590       0x28 ./code/moto.o
 .rodata        0x000000000000f5b8        0x8 ./code/pid.o
 *(.rodata*)
 .rodata.pit_init
                0x000000000000f5c0       0x28 ./zf_driver/zf_driver_pit.o
 .rodata.pwm_set_duty
                0x000000000000f5e8       0x28 ./zf_driver/zf_driver_pwm.o
 .rodata.pwm_init
                0x000000000000f610       0x28 ./zf_driver/zf_driver_pwm.o
 .rodata.timer_get
                0x000000000000f638       0x28 ./zf_driver/zf_driver_timer.o
 .rodata.timer_clear
                0x000000000000f660       0x28 ./zf_driver/zf_driver_timer.o
 .rodata.uart_index
                0x000000000000f688       0x20 ./zf_driver/zf_driver_uart.o
                0x000000000000f688                uart_index
 .rodata.MyDevDescrHD
                0x000000000000f6a8       0x12 ./sdk/Peripheral/ch32v30x_usbotg_device.o
                0x000000000000f6a8                MyDevDescrHD
 *fill*         0x000000000000f6ba        0x2 
 .rodata.MyCfgDescrHD
                0x000000000000f6bc       0x43 ./sdk/Peripheral/ch32v30x_usbotg_device.o
                0x000000000000f6bc                MyCfgDescrHD
 *fill*         0x000000000000f6ff        0x1 
 .rodata.MyReportDescHD
                0x000000000000f700       0x14 ./sdk/Peripheral/ch32v30x_usbotg_device.o
                0x000000000000f700                MyReportDescHD
 .rodata.MyManuInfoHD
                0x000000000000f714        0xe ./sdk/Peripheral/ch32v30x_usbotg_device.o
                0x000000000000f714                MyManuInfoHD
 *fill*         0x000000000000f722        0x2 
 .rodata.MyProdInfoHD
                0x000000000000f724        0xc ./sdk/Peripheral/ch32v30x_usbotg_device.o
                0x000000000000f724                MyProdInfoHD
 .rodata.MySerNumInfoHD
                0x000000000000f730       0x16 ./sdk/Peripheral/ch32v30x_usbotg_device.o
                0x000000000000f730                MySerNumInfoHD
 *fill*         0x000000000000f746        0x2 
 .rodata.MyUSBQUADescHD
                0x000000000000f748        0xa ./sdk/Peripheral/ch32v30x_usbotg_device.o
                0x000000000000f748                MyUSBQUADescHD
 *fill*         0x000000000000f752        0x2 
 .rodata.OTG_FS_IRQHandler
                0x000000000000f754       0xbc ./sdk/Peripheral/ch32v30x_usbotg_device.o
 .rodata.atanf.cst4
                0x000000000000f810       0x48 e:/mounriver/mounriver_studio/toolchain/risc-v embedded gcc/bin/../lib/gcc/riscv-none-embed/8.2.0/../../../../riscv-none-embed/lib/rv32imafc/ilp32f\libm.a(lib_a-sf_atan.o)
 .rodata.atanhi
                0x000000000000f858       0x10 e:/mounriver/mounriver_studio/toolchain/risc-v embedded gcc/bin/../lib/gcc/riscv-none-embed/8.2.0/../../../../riscv-none-embed/lib/rv32imafc/ilp32f\libm.a(lib_a-sf_atan.o)
 .rodata.atanlo
                0x000000000000f868       0x10 e:/mounriver/mounriver_studio/toolchain/risc-v embedded gcc/bin/../lib/gcc/riscv-none-embed/8.2.0/../../../../riscv-none-embed/lib/rv32imafc/ilp32f\libm.a(lib_a-sf_atan.o)
 .rodata.__ieee754_rem_pio2f.cst4
                0x000000000000f878       0x24 e:/mounriver/mounriver_studio/toolchain/risc-v embedded gcc/bin/../lib/gcc/riscv-none-embed/8.2.0/../../../../riscv-none-embed/lib/rv32imafc/ilp32f\libm.a(lib_a-ef_rem_pio2.o)
 .rodata.npio2_hw
                0x000000000000f89c       0x80 e:/mounriver/mounriver_studio/toolchain/risc-v embedded gcc/bin/../lib/gcc/riscv-none-embed/8.2.0/../../../../riscv-none-embed/lib/rv32imafc/ilp32f\libm.a(lib_a-ef_rem_pio2.o)
 .rodata.two_over_pi
                0x000000000000f91c      0x318 e:/mounriver/mounriver_studio/toolchain/risc-v embedded gcc/bin/../lib/gcc/riscv-none-embed/8.2.0/../../../../riscv-none-embed/lib/rv32imafc/ilp32f\libm.a(lib_a-ef_rem_pio2.o)
 .rodata.PIo2   0x000000000000fc34       0x2c e:/mounriver/mounriver_studio/toolchain/risc-v embedded gcc/bin/../lib/gcc/riscv-none-embed/8.2.0/../../../../riscv-none-embed/lib/rv32imafc/ilp32f\libm.a(lib_a-kf_rem_pio2.o)
 .rodata.__kernel_rem_pio2f.cst4
                0x000000000000fc60       0x10 e:/mounriver/mounriver_studio/toolchain/risc-v embedded gcc/bin/../lib/gcc/riscv-none-embed/8.2.0/../../../../riscv-none-embed/lib/rv32imafc/ilp32f\libm.a(lib_a-kf_rem_pio2.o)
                                         0x1c (size before relaxing)
 .rodata.init_jk
                0x000000000000fc70        0xc e:/mounriver/mounriver_studio/toolchain/risc-v embedded gcc/bin/../lib/gcc/riscv-none-embed/8.2.0/../../../../riscv-none-embed/lib/rv32imafc/ilp32f\libm.a(lib_a-kf_rem_pio2.o)
 .rodata.__kernel_tanf.cst4
                0x000000000000fc7c       0x38 e:/mounriver/mounriver_studio/toolchain/risc-v embedded gcc/bin/../lib/gcc/riscv-none-embed/8.2.0/../../../../riscv-none-embed/lib/rv32imafc/ilp32f\libm.a(lib_a-kf_tan.o)
                                         0x48 (size before relaxing)
 .rodata.floorf.cst4
                0x000000000000fcb4        0x8 e:/mounriver/mounriver_studio/toolchain/risc-v embedded gcc/bin/../lib/gcc/riscv-none-embed/8.2.0/../../../../riscv-none-embed/lib/rv32imafc/ilp32f\libm.a(lib_a-sf_floor.o)
 .rodata.scalbnf.cst4
                0x000000000000fcb4        0xc e:/mounriver/mounriver_studio/toolchain/risc-v embedded gcc/bin/../lib/gcc/riscv-none-embed/8.2.0/../../../../riscv-none-embed/lib/rv32imafc/ilp32f\libm.a(lib_a-sf_scalbn.o)
                                         0x10 (size before relaxing)
 .rodata.__divdf3
                0x000000000000fcc0       0x40 e:/mounriver/mounriver_studio/toolchain/risc-v embedded gcc/bin/../lib/gcc/riscv-none-embed/8.2.0/rv32imafc/ilp32f\libgcc.a(divdf3.o)
 .rodata.__muldf3
                0x000000000000fd00       0x40 e:/mounriver/mounriver_studio/toolchain/risc-v embedded gcc/bin/../lib/gcc/riscv-none-embed/8.2.0/rv32imafc/ilp32f\libgcc.a(muldf3.o)
 .rodata.__clz_tab
                0x000000000000fd40      0x100 e:/mounriver/mounriver_studio/toolchain/risc-v embedded gcc/bin/../lib/gcc/riscv-none-embed/8.2.0/rv32imafc/ilp32f\libgcc.a(_clz.o)
                0x000000000000fd40                __clz_tab
 .rodata._printf_float.cst8
                0x000000000000fe40        0x8 e:/mounriver/mounriver_studio/toolchain/risc-v embedded gcc/bin/../lib/gcc/riscv-none-embed/8.2.0/../../../../riscv-none-embed/lib/rv32imafc/ilp32f\libg_nano.a(lib_a-nano-vfprintf_float.o)
 .rodata._printf_float.str1.4
                0x000000000000fe48       0x12 e:/mounriver/mounriver_studio/toolchain/risc-v embedded gcc/bin/../lib/gcc/riscv-none-embed/8.2.0/../../../../riscv-none-embed/lib/rv32imafc/ilp32f\libg_nano.a(lib_a-nano-vfprintf_float.o)
 *fill*         0x000000000000fe5a        0x2 
 .rodata._printf_i.str1.4
                0x000000000000fe5c       0x25 e:/mounriver/mounriver_studio/toolchain/risc-v embedded gcc/bin/../lib/gcc/riscv-none-embed/8.2.0/../../../../riscv-none-embed/lib/rv32imafc/ilp32f\libg_nano.a(lib_a-nano-vfprintf_i.o)
 *fill*         0x000000000000fe81        0x7 
 .rodata._dtoa_r.cst8
                0x000000000000fe88       0x48 e:/mounriver/mounriver_studio/toolchain/risc-v embedded gcc/bin/../lib/gcc/riscv-none-embed/8.2.0/../../../../riscv-none-embed/lib/rv32imafc/ilp32f\libg_nano.a(lib_a-dtoa.o)
 .rodata._dtoa_r.str1.4
                0x000000000000fed0       0x10 e:/mounriver/mounriver_studio/toolchain/risc-v embedded gcc/bin/../lib/gcc/riscv-none-embed/8.2.0/../../../../riscv-none-embed/lib/rv32imafc/ilp32f\libg_nano.a(lib_a-dtoa.o)
                                         0x12 (size before relaxing)
 .rodata.__sf_fake_stderr
                0x000000000000fee0       0x20 e:/mounriver/mounriver_studio/toolchain/risc-v embedded gcc/bin/../lib/gcc/riscv-none-embed/8.2.0/../../../../riscv-none-embed/lib/rv32imafc/ilp32f\libg_nano.a(lib_a-findfp.o)
                0x000000000000fee0                __sf_fake_stderr
 .rodata.__sf_fake_stdin
                0x000000000000ff00       0x20 e:/mounriver/mounriver_studio/toolchain/risc-v embedded gcc/bin/../lib/gcc/riscv-none-embed/8.2.0/../../../../riscv-none-embed/lib/rv32imafc/ilp32f\libg_nano.a(lib_a-findfp.o)
                0x000000000000ff00                __sf_fake_stdin
 .rodata.__sf_fake_stdout
                0x000000000000ff20       0x20 e:/mounriver/mounriver_studio/toolchain/risc-v embedded gcc/bin/../lib/gcc/riscv-none-embed/8.2.0/../../../../riscv-none-embed/lib/rv32imafc/ilp32f\libg_nano.a(lib_a-findfp.o)
                0x000000000000ff20                __sf_fake_stdout
 .rodata.__mprec_bigtens
                0x000000000000ff40       0x28 e:/mounriver/mounriver_studio/toolchain/risc-v embedded gcc/bin/../lib/gcc/riscv-none-embed/8.2.0/../../../../riscv-none-embed/lib/rv32imafc/ilp32f\libg_nano.a(lib_a-mprec.o)
                0x000000000000ff40                __mprec_bigtens
 .rodata.__mprec_tens
                0x000000000000ff68       0xc8 e:/mounriver/mounriver_studio/toolchain/risc-v embedded gcc/bin/../lib/gcc/riscv-none-embed/8.2.0/../../../../riscv-none-embed/lib/rv32imafc/ilp32f\libg_nano.a(lib_a-mprec.o)
                0x000000000000ff68                __mprec_tens
 .rodata.p05.3321
                0x0000000000010030        0xc e:/mounriver/mounriver_studio/toolchain/risc-v embedded gcc/bin/../lib/gcc/riscv-none-embed/8.2.0/../../../../riscv-none-embed/lib/rv32imafc/ilp32f\libg_nano.a(lib_a-mprec.o)
 .rodata._svfprintf_r.str1.4
                0x000000000001003c       0x13 e:/mounriver/mounriver_studio/toolchain/risc-v embedded gcc/bin/../lib/gcc/riscv-none-embed/8.2.0/../../../../riscv-none-embed/lib/rv32imafc/ilp32f\libg_nano.a(lib_a-nano-svfprintf.o)
 .rodata._vfprintf_r.str1.4
                0x000000000001004f       0x13 e:/mounriver/mounriver_studio/toolchain/risc-v embedded gcc/bin/../lib/gcc/riscv-none-embed/8.2.0/../../../../riscv-none-embed/lib/rv32imafc/ilp32f\libg_nano.a(lib_a-nano-vfprintf.o)
 *fill*         0x000000000001004f        0x1 
 .rodata._setlocale_r.str1.4
                0x0000000000010050        0xa e:/mounriver/mounriver_studio/toolchain/risc-v embedded gcc/bin/../lib/gcc/riscv-none-embed/8.2.0/../../../../riscv-none-embed/lib/rv32imafc/ilp32f\libg_nano.a(lib_a-locale.o)
                                          0xd (size before relaxing)
 *fill*         0x000000000001005a        0x2 
 .rodata.str1.4
                0x000000000001005c        0x4 e:/mounriver/mounriver_studio/toolchain/risc-v embedded gcc/bin/../lib/gcc/riscv-none-embed/8.2.0/../../../../riscv-none-embed/lib/rv32imafc/ilp32f\libg_nano.a(lib_a-locale.o)
                                          0x2 (size before relaxing)
 .rodata._ctype_
                0x0000000000010060      0x101 e:/mounriver/mounriver_studio/toolchain/risc-v embedded gcc/bin/../lib/gcc/riscv-none-embed/8.2.0/../../../../riscv-none-embed/lib/rv32imafc/ilp32f\libg_nano.a(lib_a-ctype_.o)
                0x0000000000010060                _ctype_
 *(.glue_7)
 *(.glue_7t)
 *(.gnu.linkonce.t.*)
                0x0000000000010164                . = ALIGN (0x4)
 *fill*         0x0000000000010161        0x3 

.rela.dyn       0x0000000000010164        0x0
 .rela.init     0x0000000000010164        0x0 ./zf_driver/zf_driver_delay.o
 .rela.vector   0x0000000000010164        0x0 ./zf_driver/zf_driver_delay.o
 .rela.text.handle_reset
                0x0000000000010164        0x0 ./zf_driver/zf_driver_delay.o
 .rela.text._svfprintf_r
                0x0000000000010164        0x0 ./zf_driver/zf_driver_delay.o
 .rela.text._vfprintf_r
                0x0000000000010164        0x0 ./zf_driver/zf_driver_delay.o
 .rela.text._sbrk_r
                0x0000000000010164        0x0 ./zf_driver/zf_driver_delay.o
 .rela.text._write_r
                0x0000000000010164        0x0 ./zf_driver/zf_driver_delay.o
 .rela.text._close_r
                0x0000000000010164        0x0 ./zf_driver/zf_driver_delay.o
 .rela.text._lseek_r
                0x0000000000010164        0x0 ./zf_driver/zf_driver_delay.o
 .rela.text._read_r
                0x0000000000010164        0x0 ./zf_driver/zf_driver_delay.o
 .rela.text._fstat_r
                0x0000000000010164        0x0 ./zf_driver/zf_driver_delay.o
 .rela.text._isatty_r
                0x0000000000010164        0x0 ./zf_driver/zf_driver_delay.o
 .rela.text._close
                0x0000000000010164        0x0 ./zf_driver/zf_driver_delay.o
 .rela.text._fstat
                0x0000000000010164        0x0 ./zf_driver/zf_driver_delay.o
 .rela.text._isatty
                0x0000000000010164        0x0 ./zf_driver/zf_driver_delay.o
 .rela.text._lseek
                0x0000000000010164        0x0 ./zf_driver/zf_driver_delay.o
 .rela.text._read
                0x0000000000010164        0x0 ./zf_driver/zf_driver_delay.o
 .rela.text._sbrk
                0x0000000000010164        0x0 ./zf_driver/zf_driver_delay.o

.fini           0x0000000000010164        0x0
 *(SORT_NONE(.fini))
                0x0000000000010164                . = ALIGN (0x4)
                [!provide]                        PROVIDE (_etext = .)
                [!provide]                        PROVIDE (_eitcm = .)

.preinit_array  0x0000000000010164        0x0
                [!provide]                        PROVIDE (__preinit_array_start = .)
 *(.preinit_array)
                [!provide]                        PROVIDE (__preinit_array_end = .)

.init_array     0x0000000000010164        0x0
                [!provide]                        PROVIDE (__init_array_start = .)
 *(SORT_BY_INIT_PRIORITY(.init_array.*) SORT_BY_INIT_PRIORITY(.ctors.*))
 *(.init_array EXCLUDE_FILE(*crtend?.o *crtend.o *crtbegin?.o *crtbegin.o) .ctors)
                [!provide]                        PROVIDE (__init_array_end = .)

.fini_array     0x0000000000010164        0x0
                [!provide]                        PROVIDE (__fini_array_start = .)
 *(SORT_BY_INIT_PRIORITY(.fini_array.*) SORT_BY_INIT_PRIORITY(.dtors.*))
 *(.fini_array EXCLUDE_FILE(*crtend?.o *crtend.o *crtbegin?.o *crtbegin.o) .dtors)
                [!provide]                        PROVIDE (__fini_array_end = .)

.ctors
 *crtbegin.o(.ctors)
 *crtbegin?.o(.ctors)
 *(EXCLUDE_FILE(*crtend?.o *crtend.o) .ctors)
 *(SORT_BY_NAME(.ctors.*))
 *(.ctors)

.dtors
 *crtbegin.o(.dtors)
 *crtbegin?.o(.dtors)
 *(EXCLUDE_FILE(*crtend?.o *crtend.o) .dtors)
 *(SORT_BY_NAME(.dtors.*))
 *(.dtors)

.dalign         0x0000000020000040        0x0 load address 0x0000000000010164
                0x0000000020000040                . = ALIGN (0x4)
                0x0000000020000040                PROVIDE (_data_vma = .)

.dlalign        0x0000000000010164        0x0
                0x0000000000010164                . = ALIGN (0x4)
                0x0000000000010164                PROVIDE (_data_lma = .)

.data           0x0000000020000040      0x270 load address 0x0000000000010164
 *(.gnu.linkonce.r.*)
 *(.data .data.*)
 .data.gpio_group
                0x0000000020000040       0x14 ./zf_driver/zf_driver_gpio.o
                0x0000000020000040                gpio_group
 .data.APBAHBPrescTable
                0x0000000020000054       0x10 ./sdk/Peripheral/ch32v30x_rcc.o
 .data.TAB_USB_FS_OSC_DESC
                0x0000000020000064       0x43 ./sdk/Peripheral/ch32v30x_usbotg_device.o
                0x0000000020000064                TAB_USB_FS_OSC_DESC
 *fill*         0x00000000200000a7        0x1 
 .data.impure_data
                0x00000000200000a8       0x60 e:/mounriver/mounriver_studio/toolchain/risc-v embedded gcc/bin/../lib/gcc/riscv-none-embed/8.2.0/../../../../riscv-none-embed/lib/rv32imafc/ilp32f\libg_nano.a(lib_a-impure.o)
 .data.__global_locale
                0x0000000020000108      0x16c e:/mounriver/mounriver_studio/toolchain/risc-v embedded gcc/bin/../lib/gcc/riscv-none-embed/8.2.0/../../../../riscv-none-embed/lib/rv32imafc/ilp32f\libg_nano.a(lib_a-locale.o)
                0x0000000020000108                __global_locale
 *(.gnu.linkonce.d.*)
                0x0000000020000278                . = ALIGN (0x8)
 *fill*         0x0000000020000274        0x4 
                0x0000000020000a78                PROVIDE (__global_pointer$ = (. + 0x800))
 *(.sdata .sdata.*)
 .sdata.dm1xa_distance_mm
                0x0000000020000278        0x2 ./zf_device/zf_device_dm1xa.o
 *fill*         0x000000002000027a        0x2 
 .sdata.camera_dvp_handler
                0x000000002000027c        0x4 ./zf_device/zf_device_type.o
                0x000000002000027c                camera_dvp_handler
 .sdata.tof_module_exti_handler
                0x0000000020000280        0x4 ./zf_device/zf_device_type.o
                0x0000000020000280                tof_module_exti_handler
 .sdata.system_clock
                0x0000000020000284        0x4 ./zf_common/zf_common_clock.o
                0x0000000020000284                system_clock
 .sdata.zf_debug_assert_enable
                0x0000000020000288        0x1 ./zf_common/zf_common_debug.o
 *fill*         0x0000000020000289        0x3 
 .sdata.ADCPrescTable
                0x000000002000028c        0x4 ./sdk/Peripheral/ch32v30x_rcc.o
 .sdata.USBHD_Dev_Speed
                0x0000000020000290        0x1 ./sdk/Peripheral/ch32v30x_usbotg_device.o
                0x0000000020000290                USBHD_Dev_Speed
 *fill*         0x0000000020000291        0x3 
 .sdata.LineCoding
                0x0000000020000294        0x7 ./sdk/Peripheral/ch32v30x_usbotg_device.o
                0x0000000020000294                LineCoding
 *fill*         0x000000002000029b        0x1 
 .sdata._impure_ptr
                0x000000002000029c        0x4 e:/mounriver/mounriver_studio/toolchain/risc-v embedded gcc/bin/../lib/gcc/riscv-none-embed/8.2.0/../../../../riscv-none-embed/lib/rv32imafc/ilp32f\libg_nano.a(lib_a-impure.o)
                0x000000002000029c                _impure_ptr
 *(.sdata2.*)
 .sdata2.uart_irq
                0x00000000200002a0        0x8 ./zf_driver/zf_driver_uart.o
                0x00000000200002a0                uart_irq
 .sdata2.MyLangDescrHD
                0x00000000200002a8        0x4 ./sdk/Peripheral/ch32v30x_usbotg_device.o
                0x00000000200002a8                MyLangDescrHD
 .sdata2._global_impure_ptr
                0x00000000200002ac        0x4 e:/mounriver/mounriver_studio/toolchain/risc-v embedded gcc/bin/../lib/gcc/riscv-none-embed/8.2.0/../../../../riscv-none-embed/lib/rv32imafc/ilp32f\libg_nano.a(lib_a-impure.o)
                0x00000000200002ac                _global_impure_ptr
 *(.gnu.linkonce.s.*)
                0x00000000200002b0                . = ALIGN (0x8)
 *(.srodata.cst16)
 *(.srodata.cst8)
 *(.srodata.cst4)
 *(.srodata.cst2)
 *(.srodata .srodata.*)
                0x00000000200002b0                . = ALIGN (0x4)
                0x00000000200002b0                PROVIDE (_edata = .)

.bss            0x00000000200002b0      0x3b0 load address 0x00000000000103d4
                0x00000000200002b0                . = ALIGN (0x4)
                0x00000000200002b0                PROVIDE (_sbss = .)
 *(.sbss*)
 .sbss.dm1xa_plus_count
                0x00000000200002b0        0x4 ./zf_device/zf_device_dm1xa.o
 .sbss.dm1xa_type
                0x00000000200002b4        0x4 ./zf_device/zf_device_dm1xa.o
 .sbss.dm1xa_ranging_state
                0x00000000200002b8        0x4 ./zf_device/zf_device_dm1xa.o
 .sbss.gps_tau1201_flag
                0x00000000200002bc        0x1 ./zf_device/zf_device_gps_tau1201.o
                0x00000000200002bc                gps_tau1201_flag
 .sbss.gps_tau1201_state
                0x00000000200002bd        0x1 ./zf_device/zf_device_gps_tau1201.o
 *fill*         0x00000000200002be        0x2 
 .sbss.gps_gga_state
                0x00000000200002c0        0x4 ./zf_device/zf_device_gps_tau1201.o
                0x00000000200002c0                gps_gga_state
 .sbss.gps_rmc_state
                0x00000000200002c4        0x4 ./zf_device/zf_device_gps_tau1201.o
                0x00000000200002c4                gps_rmc_state
 .sbss.debug_uart_data
                0x00000000200002c8        0x1 ./zf_common/zf_common_debug.o
                0x00000000200002c8                debug_uart_data
 .sbss.zf_debug_init_flag
                0x00000000200002c9        0x1 ./zf_common/zf_common_debug.o
 .sbss.assert_nest_index.5039
                0x00000000200002ca        0x1 ./zf_common/zf_common_debug.o
 *fill*         0x00000000200002cb        0x1 
 .sbss.interrupt_nest_count
                0x00000000200002cc        0x4 ./zf_common/zf_common_interrupt.o
 .sbss.BufferIndex.8699
                0x00000000200002d0        0x1 ./user_c/isr.o
 *fill*         0x00000000200002d1        0x1 
 .sbss.DataNum.8700
                0x00000000200002d2        0x2 ./user_c/isr.o
 .sbss.EP0_DatabufHD
                0x00000000200002d4        0x8 ./sdk/Peripheral/ch32v30x_usbotg_device.o
                0x00000000200002d4                EP0_DatabufHD
 .sbss.pEP0_RAM_Addr
                0x00000000200002dc        0x4 ./sdk/Peripheral/ch32v30x_usbotg_device.o
                0x00000000200002dc                pEP0_RAM_Addr
 .sbss.pEP1_RAM_Addr
                0x00000000200002e0        0x4 ./sdk/Peripheral/ch32v30x_usbotg_device.o
                0x00000000200002e0                pEP1_RAM_Addr
 .sbss.pEP2_RAM_Addr
                0x00000000200002e4        0x4 ./sdk/Peripheral/ch32v30x_usbotg_device.o
                0x00000000200002e4                pEP2_RAM_Addr
 .sbss.pDescr   0x00000000200002e8        0x4 ./sdk/Peripheral/ch32v30x_usbotg_device.o
                0x00000000200002e8                pDescr
 .sbss.USBHD_Dev_SetupReqLen
                0x00000000200002ec        0x2 ./sdk/Peripheral/ch32v30x_usbotg_device.o
                0x00000000200002ec                USBHD_Dev_SetupReqLen
 .sbss.USBHD_Dev_SleepStatus
                0x00000000200002ee        0x1 ./sdk/Peripheral/ch32v30x_usbotg_device.o
                0x00000000200002ee                USBHD_Dev_SleepStatus
 .sbss.DevConfig
                0x00000000200002ef        0x1 ./sdk/Peripheral/ch32v30x_usbotg_device.o
                0x00000000200002ef                DevConfig
 .sbss.SetupReqCode
                0x00000000200002f0        0x1 ./sdk/Peripheral/ch32v30x_usbotg_device.o
                0x00000000200002f0                SetupReqCode
 *fill*         0x00000000200002f1        0x1 
 .sbss.SetupReqLen
                0x00000000200002f2        0x2 ./sdk/Peripheral/ch32v30x_usbotg_device.o
                0x00000000200002f2                SetupReqLen
 .sbss.beepTime
                0x00000000200002f4        0x2 ./code/buzzer.o
                0x00000000200002f4                beepTime
 *fill*         0x00000000200002f6        0x2 
 .sbss.global_X
                0x00000000200002f8        0x4 ./code/cursor.o
                0x00000000200002f8                global_X
 .sbss.global_Y
                0x00000000200002fc        0x4 ./code/cursor.o
                0x00000000200002fc                global_Y
 .sbss.global_yaw
                0x0000000020000300        0x4 ./code/cursor.o
                0x0000000020000300                global_yaw
 .sbss.global_pitch
                0x0000000020000304        0x4 ./code/cursor.o
                0x0000000020000304                global_pitch
 .sbss.rxData   0x0000000020000308        0x4 ./code/upacker.o
                0x0000000020000308                rxData
 .sbss.BufferFinish
                0x000000002000030c        0x1 ./code/upacker.o
                0x000000002000030c                BufferFinish
 *fill*         0x000000002000030d        0x3 
 .sbss.__malloc_free_list
                0x0000000020000310        0x4 e:/mounriver/mounriver_studio/toolchain/risc-v embedded gcc/bin/../lib/gcc/riscv-none-embed/8.2.0/../../../../riscv-none-embed/lib/rv32imafc/ilp32f\libg_nano.a(lib_a-nano-mallocr.o)
                0x0000000020000310                __malloc_free_list
 .sbss.__malloc_sbrk_start
                0x0000000020000314        0x4 e:/mounriver/mounriver_studio/toolchain/risc-v embedded gcc/bin/../lib/gcc/riscv-none-embed/8.2.0/../../../../riscv-none-embed/lib/rv32imafc/ilp32f\libg_nano.a(lib_a-nano-mallocr.o)
                0x0000000020000314                __malloc_sbrk_start
 .sbss.heap_end.1520
                0x0000000020000318        0x4 e:/mounriver/mounriver_studio/toolchain/risc-v embedded gcc/bin/../lib/gcc/riscv-none-embed/8.2.0/../../../../riscv-none-embed/lib/rv32imafc/ilp32f\libnosys.a(sbrk.o)
 *(.gnu.linkonce.sb.*)
 *(.bss*)
 .bss.timer_function_state
                0x000000002000031c       0x28 ./zf_driver/zf_driver_timer.o
 .bss.timer_mode_state
                0x0000000020000344       0x28 ./zf_driver/zf_driver_timer.o
 .bss.gps_tau1201_receiver_fifo
                0x000000002000036c       0x1c ./zf_device/zf_device_gps_tau1201.o
 .bss.gps_gga_buffer
                0x0000000020000388       0x80 ./zf_device/zf_device_gps_tau1201.o
 .bss.gps_rmc_buffer
                0x0000000020000408       0x80 ./zf_device/zf_device_gps_tau1201.o
 .bss.debug_uart_buffer
                0x0000000020000488       0x40 ./zf_common/zf_common_debug.o
                0x0000000020000488                debug_uart_buffer
 .bss.debug_uart_fifo
                0x00000000200004c8       0x1c ./zf_common/zf_common_debug.o
                0x00000000200004c8                debug_uart_fifo
 .bss.debug_output_info
                0x00000000200004e4       0x14 ./zf_common/zf_common_debug.o
 .bss.global_cursor
                0x00000000200004f8       0x30 ./code/cursor.o
                0x00000000200004f8                global_cursor
 .bss.dirYawPid
                0x0000000020000528       0x68 ./code/pid.o
                0x0000000020000528                dirYawPid
 .bss.dirPitchPid
                0x0000000020000590       0x68 ./code/pid.o
                0x0000000020000590                dirPitchPid
 .bss.Buffer    0x00000000200005f8       0x64 ./code/upacker.o
                0x00000000200005f8                Buffer
 *(.gnu.linkonce.b.*)
 *(COMMON*)
 COMMON         0x000000002000065c        0x4 e:/mounriver/mounriver_studio/toolchain/risc-v embedded gcc/bin/../lib/gcc/riscv-none-embed/8.2.0/../../../../riscv-none-embed/lib/rv32imafc/ilp32f\libg_nano.a(lib_a-reent.o)
                0x000000002000065c                errno
                0x0000000020000660                . = ALIGN (0x4)
                0x0000000020000660                PROVIDE (_ebss = .)
                [!provide]                        PROVIDE (_end = _ebss)
                0x0000000020000660                PROVIDE (end = .)

.stack          0x000000002000f440      0x800
                [!provide]                        PROVIDE (_heap_end = .)
                0x000000002000f440                . = ALIGN (0x4)
                [!provide]                        PROVIDE (_susrstack = .)
                0x000000002000fc40                . = (. + __stack_size)
 *fill*         0x000000002000f440      0x800 
                0x000000002000fc40                PROVIDE (_eusrstack = .)
OUTPUT(Seekfree_CH32V307VCT6_Opensource_Library.elf elf32-littleriscv)

.debug_info     0x0000000000000000    0x1ee00
 .debug_info    0x0000000000000000      0xa28 ./zf_driver/zf_driver_delay.o
 .debug_info    0x0000000000000a28      0xefa ./zf_driver/zf_driver_gpio.o
 .debug_info    0x0000000000001922     0x10a9 ./zf_driver/zf_driver_pit.o
 .debug_info    0x00000000000029cb     0x1489 ./zf_driver/zf_driver_pwm.o
 .debug_info    0x0000000000003e54      0xfb7 ./zf_driver/zf_driver_timer.o
 .debug_info    0x0000000000004e0b     0x1460 ./zf_driver/zf_driver_uart.o
 .debug_info    0x000000000000626b      0xe37 ./zf_device/zf_device_dm1xa.o
 .debug_info    0x00000000000070a2     0x175b ./zf_device/zf_device_gps_tau1201.o
 .debug_info    0x00000000000087fd      0xb54 ./zf_device/zf_device_type.o
 .debug_info    0x0000000000009351      0xb2d ./zf_common/zf_common_clock.o
 .debug_info    0x0000000000009e7e     0x1497 ./zf_common/zf_common_debug.o
 .debug_info    0x000000000000b315      0xddf ./zf_common/zf_common_fifo.o
 .debug_info    0x000000000000c0f4      0xf79 ./zf_common/zf_common_interrupt.o
 .debug_info    0x000000000000d06d     0x20b4 ./user_c/isr.o
 .debug_info    0x000000000000f121     0x1fb4 ./user_c/main.o
 .debug_info    0x00000000000110d5       0x22 ./sdk/Startup/startup_ch32v30x_D8C.o
 .debug_info    0x00000000000110f7      0x353 ./sdk/Peripheral/ch32v30x_exti.o
 .debug_info    0x000000000001144a      0x712 ./sdk/Peripheral/ch32v30x_gpio.o
 .debug_info    0x0000000000011b5c      0xc64 ./sdk/Peripheral/ch32v30x_rcc.o
 .debug_info    0x00000000000127c0     0x1dd2 ./sdk/Peripheral/ch32v30x_tim.o
 .debug_info    0x0000000000014592      0xa45 ./sdk/Peripheral/ch32v30x_usart.o
 .debug_info    0x0000000000014fd7     0x13c6 ./sdk/Peripheral/ch32v30x_usbotg_device.o
 .debug_info    0x000000000001639d      0xc59 ./code/buzzer.o
 .debug_info    0x0000000000016ff6     0x1f04 ./code/ctrl.o
 .debug_info    0x0000000000018efa     0x2011 ./code/cursor.o
 .debug_info    0x000000000001af0b     0x1f62 ./code/moto.o
 .debug_info    0x000000000001ce6d     0x1be1 ./code/pid.o
 .debug_info    0x000000000001ea4e      0x3b2 ./code/upacker.o

.debug_abbrev   0x0000000000000000     0x40fc
 .debug_abbrev  0x0000000000000000      0x212 ./zf_driver/zf_driver_delay.o
 .debug_abbrev  0x0000000000000212      0x2ad ./zf_driver/zf_driver_gpio.o
 .debug_abbrev  0x00000000000004bf      0x256 ./zf_driver/zf_driver_pit.o
 .debug_abbrev  0x0000000000000715      0x289 ./zf_driver/zf_driver_pwm.o
 .debug_abbrev  0x000000000000099e      0x28e ./zf_driver/zf_driver_timer.o
 .debug_abbrev  0x0000000000000c2c      0x2be ./zf_driver/zf_driver_uart.o
 .debug_abbrev  0x0000000000000eea      0x28b ./zf_device/zf_device_dm1xa.o
 .debug_abbrev  0x0000000000001175      0x377 ./zf_device/zf_device_gps_tau1201.o
 .debug_abbrev  0x00000000000014ec      0x225 ./zf_device/zf_device_type.o
 .debug_abbrev  0x0000000000001711      0x251 ./zf_common/zf_common_clock.o
 .debug_abbrev  0x0000000000001962      0x394 ./zf_common/zf_common_debug.o
 .debug_abbrev  0x0000000000001cf6      0x2a5 ./zf_common/zf_common_fifo.o
 .debug_abbrev  0x0000000000001f9b      0x2c1 ./zf_common/zf_common_interrupt.o
 .debug_abbrev  0x000000000000225c      0x2b3 ./user_c/isr.o
 .debug_abbrev  0x000000000000250f      0x29d ./user_c/main.o
 .debug_abbrev  0x00000000000027ac       0x12 ./sdk/Startup/startup_ch32v30x_D8C.o
 .debug_abbrev  0x00000000000027be      0x144 ./sdk/Peripheral/ch32v30x_exti.o
 .debug_abbrev  0x0000000000002902      0x1c7 ./sdk/Peripheral/ch32v30x_gpio.o
 .debug_abbrev  0x0000000000002ac9      0x1ef ./sdk/Peripheral/ch32v30x_rcc.o
 .debug_abbrev  0x0000000000002cb8      0x1c9 ./sdk/Peripheral/ch32v30x_tim.o
 .debug_abbrev  0x0000000000002e81      0x19e ./sdk/Peripheral/ch32v30x_usart.o
 .debug_abbrev  0x000000000000301f      0x299 ./sdk/Peripheral/ch32v30x_usbotg_device.o
 .debug_abbrev  0x00000000000032b8      0x219 ./code/buzzer.o
 .debug_abbrev  0x00000000000034d1      0x256 ./code/ctrl.o
 .debug_abbrev  0x0000000000003727      0x2c4 ./code/cursor.o
 .debug_abbrev  0x00000000000039eb      0x2c4 ./code/moto.o
 .debug_abbrev  0x0000000000003caf      0x2ea ./code/pid.o
 .debug_abbrev  0x0000000000003f99      0x163 ./code/upacker.o

.debug_aranges  0x0000000000000000      0xd98
 .debug_aranges
                0x0000000000000000       0x28 ./zf_driver/zf_driver_delay.o
 .debug_aranges
                0x0000000000000028       0x40 ./zf_driver/zf_driver_gpio.o
 .debug_aranges
                0x0000000000000068       0x30 ./zf_driver/zf_driver_pit.o
 .debug_aranges
                0x0000000000000098       0x30 ./zf_driver/zf_driver_pwm.o
 .debug_aranges
                0x00000000000000c8       0x50 ./zf_driver/zf_driver_timer.o
 .debug_aranges
                0x0000000000000118       0x58 ./zf_driver/zf_driver_uart.o
 .debug_aranges
                0x0000000000000170       0x40 ./zf_device/zf_device_dm1xa.o
 .debug_aranges
                0x00000000000001b0       0x78 ./zf_device/zf_device_gps_tau1201.o
 .debug_aranges
                0x0000000000000228       0x38 ./zf_device/zf_device_type.o
 .debug_aranges
                0x0000000000000260       0x30 ./zf_common/zf_common_clock.o
 .debug_aranges
                0x0000000000000290       0x98 ./zf_common/zf_common_debug.o
 .debug_aranges
                0x0000000000000328       0x68 ./zf_common/zf_common_fifo.o
 .debug_aranges
                0x0000000000000390       0x70 ./zf_common/zf_common_interrupt.o
 .debug_aranges
                0x0000000000000400       0xf8 ./user_c/isr.o
 .debug_aranges
                0x00000000000004f8       0x30 ./user_c/main.o
 .debug_aranges
                0x0000000000000528       0x30 ./sdk/Startup/startup_ch32v30x_D8C.o
 .debug_aranges
                0x0000000000000558       0x58 ./sdk/Peripheral/ch32v30x_exti.o
 .debug_aranges
                0x00000000000005b0       0xa8 ./sdk/Peripheral/ch32v30x_gpio.o
 .debug_aranges
                0x0000000000000658      0x1a8 ./sdk/Peripheral/ch32v30x_rcc.o
 .debug_aranges